test
+- run test 100/109 passed, 9 failed
error: 'test_join_where.test.INNER JOIN with simple WHERE clause' failed: === VALIDATION ERRORS ===
ERROR: INSERT command must specify at least one column
HINT: Try: INSERT INTO table_name (col1, col2) VALUES (val1, val2)
=========================

/home/wassie/Desktop/zig database/zvdb/src/database/executor/command_executor.zig:78:13: 0x108a293 in handleValidationResult (test_join_where.zig)
            return sql.SqlError.ValidationFailed;
            ^
/home/wassie/Desktop/zig database/zvdb/src/database/executor/command_executor.zig:196:9: 0x1096a39 in executeInsert (test_join_where.zig)
        try handleValidationResult(db, &validation_result);
        ^
/home/wassie/Desktop/zig database/zvdb/src/database/executor.zig:61:29: 0x10c3f4c in execute (test_join_where.zig)
        .insert => |insert| try command_executor.executeInsert(db, insert),
                            ^
/home/wassie/Desktop/zig database/zvdb/src/database/core.zig:193:9: 0x10c52e1 in execute (test_join_where.zig)
        return executor.execute(self, query);
        ^
/home/wassie/Desktop/zig database/zvdb/src/test_join_where.zig:20:22: 0x10c55f4 in test.INNER JOIN with simple WHERE clause (test_join_where.zig)
        var result = try db.execute("INSERT INTO users VALUES (1, 'Alice', 25)");
                     ^
error: 'test_join_where.test.INNER JOIN with WHERE on joined table column' failed: === VALIDATION ERRORS ===
ERROR: INSERT command must specify at least one column
HINT: Try: INSERT INTO table_name (col1, col2) VALUES (val1, val2)
=========================

/home/wassie/Desktop/zig database/zvdb/src/database/executor/command_executor.zig:78:13: 0x108a293 in handleValidationResult (test_join_where.zig)
            return sql.SqlError.ValidationFailed;
            ^
/home/wassie/Desktop/zig database/zvdb/src/database/executor/command_executor.zig:196:9: 0x1096a39 in executeInsert (test_join_where.zig)
        try handleValidationResult(db, &validation_result);
        ^
/home/wassie/Desktop/zig database/zvdb/src/database/executor.zig:61:29: 0x10c3f4c in execute (test_join_where.zig)
        .insert => |insert| try command_executor.executeInsert(db, insert),
                            ^
/home/wassie/Desktop/zig database/zvdb/src/database/core.zig:193:9: 0x10c52e1 in execute (test_join_where.zig)
        return executor.execute(self, query);
        ^
/home/wassie/Desktop/zig database/zvdb/src/test_join_where.zig:89:22: 0x132d9f4 in test.INNER JOIN with WHERE on joined table column (test_join_where.zig)
        var result = try db.execute("INSERT INTO users VALUES (1, 'Alice')");
                     ^
error: 'test_join_where.test.LEFT JOIN with WHERE clause' failed: === VALIDATION ERRORS ===
ERROR: INSERT command must specify at least one column
HINT: Try: INSERT INTO table_name (col1, col2) VALUES (val1, val2)
=========================

/home/wassie/Desktop/zig database/zvdb/src/database/executor/command_executor.zig:78:13: 0x108a293 in handleValidationResult (test_join_where.zig)
            return sql.SqlError.ValidationFailed;
            ^
/home/wassie/Desktop/zig database/zvdb/src/database/executor/command_executor.zig:196:9: 0x1096a39 in executeInsert (test_join_where.zig)
        try handleValidationResult(db, &validation_result);
        ^
/home/wassie/Desktop/zig database/zvdb/src/database/executor.zig:61:29: 0x10c3f4c in execute (test_join_where.zig)
        .insert => |insert| try command_executor.executeInsert(db, insert),
                            ^
/home/wassie/Desktop/zig database/zvdb/src/database/core.zig:193:9: 0x10c52e1 in execute (test_join_where.zig)
        return executor.execute(self, query);
        ^
/home/wassie/Desktop/zig database/zvdb/src/test_join_where.zig:139:22: 0x132eff4 in test.LEFT JOIN with WHERE clause (test_join_where.zig)
        var result = try db.execute("INSERT INTO users VALUES (1, 'Alice', 25)");
                     ^
error: 'test_join_where.test.3-table JOIN with WHERE clause' failed: === VALIDATION ERRORS ===
ERROR: INSERT command must specify at least one column
HINT: Try: INSERT INTO table_name (col1, col2) VALUES (val1, val2)
=========================

/home/wassie/Desktop/zig database/zvdb/src/database/executor/command_executor.zig:78:13: 0x108a293 in handleValidationResult (test_join_where.zig)
            return sql.SqlError.ValidationFailed;
            ^
/home/wassie/Desktop/zig database/zvdb/src/database/executor/command_executor.zig:196:9: 0x1096a39 in executeInsert (test_join_where.zig)
        try handleValidationResult(db, &validation_result);
        ^
/home/wassie/Desktop/zig database/zvdb/src/database/executor.zig:61:29: 0x10c3f4c in execute (test_join_where.zig)
        .insert => |insert| try command_executor.executeInsert(db, insert),
                            ^
/home/wassie/Desktop/zig database/zvdb/src/database/core.zig:193:9: 0x10c52e1 in execute (test_join_where.zig)
        return executor.execute(self, query);
        ^
/home/wassie/Desktop/zig database/zvdb/src/test_join_where.zig:183:22: 0x132fbfb in test.3-table JOIN with WHERE clause (test_join_where.zig)
        var result = try db.execute("INSERT INTO users VALUES (1, 'Alice', 'NYC')");
                     ^
error: 'test_join_where.test.JOIN with qualified column name in WHERE' failed: === VALIDATION ERRORS ===
ERROR: INSERT command must specify at least one column
HINT: Try: INSERT INTO table_name (col1, col2) VALUES (val1, val2)
=========================

/home/wassie/Desktop/zig database/zvdb/src/database/executor/command_executor.zig:78:13: 0x108a293 in handleValidationResult (test_join_where.zig)
            return sql.SqlError.ValidationFailed;
            ^
/home/wassie/Desktop/zig database/zvdb/src/database/executor/command_executor.zig:196:9: 0x1096a39 in executeInsert (test_join_where.zig)
        try handleValidationResult(db, &validation_result);
        ^
/home/wassie/Desktop/zig database/zvdb/src/database/executor.zig:61:29: 0x10c3f4c in execute (test_join_where.zig)
        .insert => |insert| try command_executor.executeInsert(db, insert),
                            ^
/home/wassie/Desktop/zig database/zvdb/src/database/core.zig:193:9: 0x10c52e1 in execute (test_join_where.zig)
        return executor.execute(self, query);
        ^
/home/wassie/Desktop/zig database/zvdb/src/test_join_where.zig:245:22: 0x1331564 in test.JOIN with qualified column name in WHERE (test_join_where.zig)
        var result = try db.execute("INSERT INTO users VALUES (1, 'Alice')");
                     ^
error: 'test_join_where.test.JOIN with WHERE filtering all rows' failed: === VALIDATION ERRORS ===
ERROR: INSERT command must specify at least one column
HINT: Try: INSERT INTO table_name (col1, col2) VALUES (val1, val2)
=========================

/home/wassie/Desktop/zig database/zvdb/src/database/executor/command_executor.zig:78:13: 0x108a293 in handleValidationResult (test_join_where.zig)
            return sql.SqlError.ValidationFailed;
            ^
/home/wassie/Desktop/zig database/zvdb/src/database/executor/command_executor.zig:196:9: 0x1096a39 in executeInsert (test_join_where.zig)
        try handleValidationResult(db, &validation_result);
        ^
/home/wassie/Desktop/zig database/zvdb/src/database/executor.zig:61:29: 0x10c3f4c in execute (test_join_where.zig)
        .insert => |insert| try command_executor.executeInsert(db, insert),
                            ^
/home/wassie/Desktop/zig database/zvdb/src/database/core.zig:193:9: 0x10c52e1 in execute (test_join_where.zig)
        return executor.execute(self, query);
        ^
/home/wassie/Desktop/zig database/zvdb/src/test_join_where.zig:286:22: 0x1332bd4 in test.JOIN with WHERE filtering all rows (test_join_where.zig)
        var result = try db.execute("INSERT INTO users VALUES (1, 'Alice')");
                     ^
error: 'test_join_where.test.JOIN with multiple WHERE conditions' failed: === VALIDATION ERRORS ===
ERROR: INSERT command must specify at least one column
HINT: Try: INSERT INTO table_name (col1, col2) VALUES (val1, val2)
=========================

/home/wassie/Desktop/zig database/zvdb/src/database/executor/command_executor.zig:78:13: 0x108a293 in handleValidationResult (test_join_where.zig)
            return sql.SqlError.ValidationFailed;
            ^
/home/wassie/Desktop/zig database/zvdb/src/database/executor/command_executor.zig:196:9: 0x1096a39 in executeInsert (test_join_where.zig)
        try handleValidationResult(db, &validation_result);
        ^
/home/wassie/Desktop/zig database/zvdb/src/database/executor.zig:61:29: 0x10c3f4c in execute (test_join_where.zig)
        .insert => |insert| try command_executor.executeInsert(db, insert),
                            ^
/home/wassie/Desktop/zig database/zvdb/src/database/core.zig:193:9: 0x10c52e1 in execute (test_join_where.zig)
        return executor.execute(self, query);
        ^
/home/wassie/Desktop/zig database/zvdb/src/test_join_where.zig:322:22: 0x1333534 in test.JOIN with multiple WHERE conditions (test_join_where.zig)
        var result = try db.execute("INSERT INTO users VALUES (1, 'Alice', 25)");
                     ^
error: 'database.validator.test.levenshteinDistance: multiple differences' failed: expected 2, found 1
/usr/lib/zig/std/testing.zig:110:17: 0x10c5379 in expectEqualInner__anon_6005 (std.zig)
                return error.TestExpectedEqual;
                ^
/home/wassie/Desktop/zig database/zvdb/src/database/validator.zig:1321:5: 0x13fb66c in test.levenshteinDistance: multiple differences (test_join_where.zig)
    try testing.expectEqual(@as(usize, 2), levenshteinDistance("user_name", "username")); // underscore removed
    ^
error: 'database.validator.test.levenshteinDistance: typos' failed: expected 1, found 2
/usr/lib/zig/std/testing.zig:110:17: 0x10c5379 in expectEqualInner__anon_6005 (std.zig)
                return error.TestExpectedEqual;
                ^
/home/wassie/Desktop/zig database/zvdb/src/database/validator.zig:1325:5: 0x13fb73c in test.levenshteinDistance: typos (test_join_where.zig)
    try testing.expectEqual(@as(usize, 1), levenshteinDistance("name", "nmae")); // transposition (counted as 2 in basic LD)
    ^
error: while executing test 'database.column_matching.test.findColumnIndex: not found', the following test command failed:
./.zig-cache/o/1a09a3c7215d5d11aa1f15f9ecc12792/test --cache-dir=./.zig-cache --seed=0x3dbf8d2d --listen=-
test
+- run test 100/112 passed, 12 failed
error: 'test_joins.test.INNER JOIN: basic' failed: === VALIDATION ERRORS ===
ERROR: INSERT command must specify at least one column
HINT: Try: INSERT INTO table_name (col1, col2) VALUES (val1, val2)
=========================

/home/wassie/Desktop/zig database/zvdb/src/database/executor/command_executor.zig:78:13: 0x108a293 in handleValidationResult (test_joins.zig)
            return sql.SqlError.ValidationFailed;
            ^
/home/wassie/Desktop/zig database/zvdb/src/database/executor/command_executor.zig:196:9: 0x1096a39 in executeInsert (test_joins.zig)
        try handleValidationResult(db, &validation_result);
        ^
/home/wassie/Desktop/zig database/zvdb/src/database/executor.zig:61:29: 0x10c3f4c in execute (test_joins.zig)
        .insert => |insert| try command_executor.executeInsert(db, insert),
                            ^
/home/wassie/Desktop/zig database/zvdb/src/database/core.zig:193:9: 0x10c52e1 in execute (test_joins.zig)
        return executor.execute(self, query);
        ^
/home/wassie/Desktop/zig database/zvdb/src/test_joins.zig:16:22: 0x10c55f4 in test.INNER JOIN: basic (test_joins.zig)
        var result = try db.execute("INSERT INTO users VALUES (1, 'Alice')");
                     ^
error: 'test_joins.test.INNER JOIN: with specific columns' failed: === VALIDATION ERRORS ===
ERROR: INSERT command must specify at least one column
HINT: Try: INSERT INTO table_name (col1, col2) VALUES (val1, val2)
=========================

/home/wassie/Desktop/zig database/zvdb/src/database/executor/command_executor.zig:78:13: 0x108a293 in handleValidationResult (test_joins.zig)
            return sql.SqlError.ValidationFailed;
            ^
/home/wassie/Desktop/zig database/zvdb/src/database/executor/command_executor.zig:196:9: 0x1096a39 in executeInsert (test_joins.zig)
        try handleValidationResult(db, &validation_result);
        ^
/home/wassie/Desktop/zig database/zvdb/src/database/executor.zig:61:29: 0x10c3f4c in execute (test_joins.zig)
        .insert => |insert| try command_executor.executeInsert(db, insert),
                            ^
/home/wassie/Desktop/zig database/zvdb/src/database/core.zig:193:9: 0x10c52e1 in execute (test_joins.zig)
        return executor.execute(self, query);
        ^
/home/wassie/Desktop/zig database/zvdb/src/test_joins.zig:66:22: 0x132d3c4 in test.INNER JOIN: with specific columns (test_joins.zig)
        var result = try db.execute("INSERT INTO users VALUES (1, 'Alice')");
                     ^
error: 'test_joins.test.LEFT JOIN: includes unmatched rows' failed: === VALIDATION ERRORS ===
ERROR: INSERT command must specify at least one column
HINT: Try: INSERT INTO table_name (col1, col2) VALUES (val1, val2)
=========================

/home/wassie/Desktop/zig database/zvdb/src/database/executor/command_executor.zig:78:13: 0x108a293 in handleValidationResult (test_joins.zig)
            return sql.SqlError.ValidationFailed;
            ^
/home/wassie/Desktop/zig database/zvdb/src/database/executor/command_executor.zig:196:9: 0x1096a39 in executeInsert (test_joins.zig)
        try handleValidationResult(db, &validation_result);
        ^
/home/wassie/Desktop/zig database/zvdb/src/database/executor.zig:61:29: 0x10c3f4c in execute (test_joins.zig)
        .insert => |insert| try command_executor.executeInsert(db, insert),
                            ^
/home/wassie/Desktop/zig database/zvdb/src/database/core.zig:193:9: 0x10c52e1 in execute (test_joins.zig)
        return executor.execute(self, query);
        ^
/home/wassie/Desktop/zig database/zvdb/src/test_joins.zig:113:22: 0x132ed14 in test.LEFT JOIN: includes unmatched rows (test_joins.zig)
        var result = try db.execute("INSERT INTO users VALUES (1, 'Alice')");
                     ^
error: 'test_joins.test.LEFT JOIN: multiple matches' failed: === VALIDATION ERRORS ===
ERROR: INSERT command must specify at least one column
HINT: Try: INSERT INTO table_name (col1, col2) VALUES (val1, val2)
=========================

/home/wassie/Desktop/zig database/zvdb/src/database/executor/command_executor.zig:78:13: 0x108a293 in handleValidationResult (test_joins.zig)
            return sql.SqlError.ValidationFailed;
            ^
/home/wassie/Desktop/zig database/zvdb/src/database/executor/command_executor.zig:196:9: 0x1096a39 in executeInsert (test_joins.zig)
        try handleValidationResult(db, &validation_result);
        ^
/home/wassie/Desktop/zig database/zvdb/src/database/executor.zig:61:29: 0x10c3f4c in execute (test_joins.zig)
        .insert => |insert| try command_executor.executeInsert(db, insert),
                            ^
/home/wassie/Desktop/zig database/zvdb/src/database/core.zig:193:9: 0x10c52e1 in execute (test_joins.zig)
        return executor.execute(self, query);
        ^
/home/wassie/Desktop/zig database/zvdb/src/test_joins.zig:161:22: 0x132fde4 in test.LEFT JOIN: multiple matches (test_joins.zig)
        var result = try db.execute("INSERT INTO users VALUES (1, 'Alice')");
                     ^
error: 'test_joins.test.RIGHT JOIN: includes unmatched rows from right table' failed: === VALIDATION ERRORS ===
ERROR: INSERT command must specify at least one column
HINT: Try: INSERT INTO table_name (col1, col2) VALUES (val1, val2)
=========================

/home/wassie/Desktop/zig database/zvdb/src/database/executor/command_executor.zig:78:13: 0x108a293 in handleValidationResult (test_joins.zig)
            return sql.SqlError.ValidationFailed;
            ^
/home/wassie/Desktop/zig database/zvdb/src/database/executor/command_executor.zig:196:9: 0x1096a39 in executeInsert (test_joins.zig)
        try handleValidationResult(db, &validation_result);
        ^
/home/wassie/Desktop/zig database/zvdb/src/database/executor.zig:61:29: 0x10c3f4c in execute (test_joins.zig)
        .insert => |insert| try command_executor.executeInsert(db, insert),
                            ^
/home/wassie/Desktop/zig database/zvdb/src/database/core.zig:193:9: 0x10c52e1 in execute (test_joins.zig)
        return executor.execute(self, query);
        ^
/home/wassie/Desktop/zig database/zvdb/src/test_joins.zig:203:22: 0x1330f34 in test.RIGHT JOIN: includes unmatched rows from right table (test_joins.zig)
        var result = try db.execute("INSERT INTO users VALUES (1, 'Alice')");
                     ^
error: 'test_joins.test.JOIN: with unqualified column names' failed: === VALIDATION ERRORS ===
ERROR: INSERT command must specify at least one column
HINT: Try: INSERT INTO table_name (col1, col2) VALUES (val1, val2)
=========================

/home/wassie/Desktop/zig database/zvdb/src/database/executor/command_executor.zig:78:13: 0x108a293 in handleValidationResult (test_joins.zig)
            return sql.SqlError.ValidationFailed;
            ^
/home/wassie/Desktop/zig database/zvdb/src/database/executor/command_executor.zig:196:9: 0x1096a39 in executeInsert (test_joins.zig)
        try handleValidationResult(db, &validation_result);
        ^
/home/wassie/Desktop/zig database/zvdb/src/database/executor.zig:61:29: 0x10c3f4c in execute (test_joins.zig)
        .insert => |insert| try command_executor.executeInsert(db, insert),
                            ^
/home/wassie/Desktop/zig database/zvdb/src/database/core.zig:193:9: 0x10c52e1 in execute (test_joins.zig)
        return executor.execute(self, query);
        ^
/home/wassie/Desktop/zig database/zvdb/src/test_joins.zig:251:22: 0x1332004 in test.JOIN: with unqualified column names (test_joins.zig)
        var result = try db.execute("INSERT INTO users VALUES (1, 'Alice')");
                     ^
error: 'test_joins.test.JOIN: using JOIN without INNER keyword' failed: === VALIDATION ERRORS ===
ERROR: INSERT command must specify at least one column
HINT: Try: INSERT INTO table_name (col1, col2) VALUES (val1, val2)
=========================

/home/wassie/Desktop/zig database/zvdb/src/database/executor/command_executor.zig:78:13: 0x108a293 in handleValidationResult (test_joins.zig)
            return sql.SqlError.ValidationFailed;
            ^
/home/wassie/Desktop/zig database/zvdb/src/database/executor/command_executor.zig:196:9: 0x1096a39 in executeInsert (test_joins.zig)
        try handleValidationResult(db, &validation_result);
        ^
/home/wassie/Desktop/zig database/zvdb/src/database/executor.zig:61:29: 0x10c3f4c in execute (test_joins.zig)
        .insert => |insert| try command_executor.executeInsert(db, insert),
                            ^
/home/wassie/Desktop/zig database/zvdb/src/database/core.zig:193:9: 0x10c52e1 in execute (test_joins.zig)
        return executor.execute(self, query);
        ^
/home/wassie/Desktop/zig database/zvdb/src/test_joins.zig:282:22: 0x1333214 in test.JOIN: using JOIN without INNER keyword (test_joins.zig)
        var result = try db.execute("INSERT INTO users VALUES (1, 'Alice')");
                     ^
error: 'test_joins.test.INNER JOIN: no matches returns empty result' failed: === VALIDATION ERRORS ===
ERROR: INSERT command must specify at least one column
HINT: Try: INSERT INTO table_name (col1, col2) VALUES (val1, val2)
=========================

/home/wassie/Desktop/zig database/zvdb/src/database/executor/command_executor.zig:78:13: 0x108a293 in handleValidationResult (test_joins.zig)
            return sql.SqlError.ValidationFailed;
            ^
/home/wassie/Desktop/zig database/zvdb/src/database/executor/command_executor.zig:196:9: 0x1096a39 in executeInsert (test_joins.zig)
        try handleValidationResult(db, &validation_result);
        ^
/home/wassie/Desktop/zig database/zvdb/src/database/executor.zig:61:29: 0x10c3f4c in execute (test_joins.zig)
        .insert => |insert| try command_executor.executeInsert(db, insert),
                            ^
/home/wassie/Desktop/zig database/zvdb/src/database/core.zig:193:9: 0x10c52e1 in execute (test_joins.zig)
        return executor.execute(self, query);
        ^
/home/wassie/Desktop/zig database/zvdb/src/test_joins.zig:311:22: 0x1333b74 in test.INNER JOIN: no matches returns empty result (test_joins.zig)
        var result = try db.execute("INSERT INTO users VALUES (1, 'Alice')");
                     ^
error: 'test_joins.test.LEFT JOIN: all unmatched returns all with NULLs' failed: === VALIDATION ERRORS ===
ERROR: INSERT command must specify at least one column
HINT: Try: INSERT INTO table_name (col1, col2) VALUES (val1, val2)
=========================

/home/wassie/Desktop/zig database/zvdb/src/database/executor/command_executor.zig:78:13: 0x108a293 in handleValidationResult (test_joins.zig)
            return sql.SqlError.ValidationFailed;
            ^
/home/wassie/Desktop/zig database/zvdb/src/database/executor/command_executor.zig:196:9: 0x1096a39 in executeInsert (test_joins.zig)
        try handleValidationResult(db, &validation_result);
        ^
/home/wassie/Desktop/zig database/zvdb/src/database/executor.zig:61:29: 0x10c3f4c in execute (test_joins.zig)
        .insert => |insert| try command_executor.executeInsert(db, insert),
                            ^
/home/wassie/Desktop/zig database/zvdb/src/database/core.zig:193:9: 0x10c52e1 in execute (test_joins.zig)
        return executor.execute(self, query);
        ^
/home/wassie/Desktop/zig database/zvdb/src/test_joins.zig:340:22: 0x13344d4 in test.LEFT JOIN: all unmatched returns all with NULLs (test_joins.zig)
        var result = try db.execute("INSERT INTO users VALUES (1, 'Alice')");
                     ^
error: 'test_joins.test.JOIN: with different data types' failed: === VALIDATION ERRORS ===
ERROR: INSERT command must specify at least one column
HINT: Try: INSERT INTO table_name (col1, col2) VALUES (val1, val2)
=========================

/home/wassie/Desktop/zig database/zvdb/src/database/executor/command_executor.zig:78:13: 0x108a293 in handleValidationResult (test_joins.zig)
            return sql.SqlError.ValidationFailed;
            ^
/home/wassie/Desktop/zig database/zvdb/src/database/executor/command_executor.zig:196:9: 0x1096a39 in executeInsert (test_joins.zig)
        try handleValidationResult(db, &validation_result);
        ^
/home/wassie/Desktop/zig database/zvdb/src/database/executor.zig:61:29: 0x10c3f4c in execute (test_joins.zig)
        .insert => |insert| try command_executor.executeInsert(db, insert),
                            ^
/home/wassie/Desktop/zig database/zvdb/src/database/core.zig:193:9: 0x10c52e1 in execute (test_joins.zig)
        return executor.execute(self, query);
        ^
/home/wassie/Desktop/zig database/zvdb/src/test_joins.zig:376:22: 0x1335764 in test.JOIN: with different data types (test_joins.zig)
        var result = try db.execute("INSERT INTO products VALUES ('ABC123', 'Widget', 19.99)");
                     ^
error: 'database.validator.test.levenshteinDistance: multiple differences' failed: expected 2, found 1
/usr/lib/zig/std/testing.zig:110:17: 0x10c5379 in expectEqualInner__anon_5998 (std.zig)
                return error.TestExpectedEqual;
                ^
/home/wassie/Desktop/zig database/zvdb/src/database/validator.zig:1321:5: 0x13fe4ec in test.levenshteinDistance: multiple differences (test_joins.zig)
    try testing.expectEqual(@as(usize, 2), levenshteinDistance("user_name", "username")); // underscore removed
    ^
error: 'database.validator.test.levenshteinDistance: typos' failed: expected 1, found 2
/usr/lib/zig/std/testing.zig:110:17: 0x10c5379 in expectEqualInner__anon_5998 (std.zig)
                return error.TestExpectedEqual;
                ^
/home/wassie/Desktop/zig database/zvdb/src/database/validator.zig:1325:5: 0x13fe5bc in test.levenshteinDistance: typos (test_joins.zig)
    try testing.expectEqual(@as(usize, 1), levenshteinDistance("name", "nmae")); // transposition (counted as 2 in basic LD)
    ^
error: while executing test 'database.column_matching.test.findColumnIndex: not found', the following test command failed:
./.zig-cache/o/b1d8de091cabf88f0c302cfde7f6ad59/test --cache-dir=./.zig-cache --seed=0x3dbf8d2d --listen=-
test
+- run test 101/128 passed, 27 failed
error: 'test_group_by.test.GROUP BY: basic with COUNT' failed: === VALIDATION ERRORS ===
ERROR: INSERT command must specify at least one column
HINT: Try: INSERT INTO table_name (col1, col2) VALUES (val1, val2)
=========================

/home/wassie/Desktop/zig database/zvdb/src/database/executor/command_executor.zig:78:13: 0x108a293 in handleValidationResult (test_group_by.zig)
            return sql.SqlError.ValidationFailed;
            ^
/home/wassie/Desktop/zig database/zvdb/src/database/executor/command_executor.zig:196:9: 0x1096a39 in executeInsert (test_group_by.zig)
        try handleValidationResult(db, &validation_result);
        ^
/home/wassie/Desktop/zig database/zvdb/src/database/executor.zig:61:29: 0x10c3f4c in execute (test_group_by.zig)
        .insert => |insert| try command_executor.executeInsert(db, insert),
                            ^
/home/wassie/Desktop/zig database/zvdb/src/database/core.zig:193:9: 0x10c52e1 in execute (test_group_by.zig)
        return executor.execute(self, query);
        ^
/home/wassie/Desktop/zig database/zvdb/src/test_group_by.zig:15:14: 0x10c5449 in setupEmployeesTable (test_group_by.zig)
    result = try db.execute("INSERT INTO employees VALUES (1, 'Alice', 'Engineering')");
             ^
/home/wassie/Desktop/zig database/zvdb/src/test_group_by.zig:77:5: 0x10c59ce in test.GROUP BY: basic with COUNT (test_group_by.zig)
    try setupEmployeesTable(&db);
    ^
error: 'test_group_by.test.GROUP BY: with SUM and AVG' failed: === VALIDATION ERRORS ===
ERROR: INSERT command must specify at least one column
HINT: Try: INSERT INTO table_name (col1, col2) VALUES (val1, val2)
=========================

/home/wassie/Desktop/zig database/zvdb/src/database/executor/command_executor.zig:78:13: 0x108a293 in handleValidationResult (test_group_by.zig)
            return sql.SqlError.ValidationFailed;
            ^
/home/wassie/Desktop/zig database/zvdb/src/database/executor/command_executor.zig:196:9: 0x1096a39 in executeInsert (test_group_by.zig)
        try handleValidationResult(db, &validation_result);
        ^
/home/wassie/Desktop/zig database/zvdb/src/database/executor.zig:61:29: 0x10c3f4c in execute (test_group_by.zig)
        .insert => |insert| try command_executor.executeInsert(db, insert),
                            ^
/home/wassie/Desktop/zig database/zvdb/src/database/core.zig:193:9: 0x10c52e1 in execute (test_group_by.zig)
        return executor.execute(self, query);
        ^
/home/wassie/Desktop/zig database/zvdb/src/test_group_by.zig:29:14: 0x132e189 in setupSalesTable (test_group_by.zig)
    result = try db.execute("INSERT INTO sales VALUES (1, 'Widget', 100.0)");
             ^
/home/wassie/Desktop/zig database/zvdb/src/test_group_by.zig:107:5: 0x132e64e in test.GROUP BY: with SUM and AVG (test_group_by.zig)
    try setupSalesTable(&db);
    ^
error: 'test_group_by.test.GROUP BY: with MIN and MAX' failed: === VALIDATION ERRORS ===
ERROR: INSERT command must specify at least one column
HINT: Try: INSERT INTO table_name (col1, col2) VALUES (val1, val2)
=========================

/home/wassie/Desktop/zig database/zvdb/src/database/executor/command_executor.zig:78:13: 0x108a293 in handleValidationResult (test_group_by.zig)
            return sql.SqlError.ValidationFailed;
            ^
/home/wassie/Desktop/zig database/zvdb/src/database/executor/command_executor.zig:196:9: 0x1096a39 in executeInsert (test_group_by.zig)
        try handleValidationResult(db, &validation_result);
        ^
/home/wassie/Desktop/zig database/zvdb/src/database/executor.zig:61:29: 0x10c3f4c in execute (test_group_by.zig)
        .insert => |insert| try command_executor.executeInsert(db, insert),
                            ^
/home/wassie/Desktop/zig database/zvdb/src/database/core.zig:193:9: 0x10c52e1 in execute (test_group_by.zig)
        return executor.execute(self, query);
        ^
/home/wassie/Desktop/zig database/zvdb/src/test_group_by.zig:43:14: 0x132ffa9 in setupScoresTable (test_group_by.zig)
    result = try db.execute("INSERT INTO scores VALUES (1, 'Alice', 85)");
             ^
/home/wassie/Desktop/zig database/zvdb/src/test_group_by.zig:139:5: 0x133055e in test.GROUP BY: with MIN and MAX (test_group_by.zig)
    try setupScoresTable(&db);
    ^
error: 'test_group_by.test.GROUP BY: with WHERE clause' failed: === VALIDATION ERRORS ===
ERROR: INSERT command must specify at least one column
HINT: Try: INSERT INTO table_name (col1, col2) VALUES (val1, val2)
=========================

/home/wassie/Desktop/zig database/zvdb/src/database/executor/command_executor.zig:78:13: 0x108a293 in handleValidationResult (test_group_by.zig)
            return sql.SqlError.ValidationFailed;
            ^
/home/wassie/Desktop/zig database/zvdb/src/database/executor/command_executor.zig:196:9: 0x1096a39 in executeInsert (test_group_by.zig)
        try handleValidationResult(db, &validation_result);
        ^
/home/wassie/Desktop/zig database/zvdb/src/database/executor.zig:61:29: 0x10c3f4c in execute (test_group_by.zig)
        .insert => |insert| try command_executor.executeInsert(db, insert),
                            ^
/home/wassie/Desktop/zig database/zvdb/src/database/core.zig:193:9: 0x10c52e1 in execute (test_group_by.zig)
        return executor.execute(self, query);
        ^
/home/wassie/Desktop/zig database/zvdb/src/test_group_by.zig:59:14: 0x1331c29 in setupOrdersTable (test_group_by.zig)
    result = try db.execute("INSERT INTO orders VALUES (1, 'Alice', 100.0, 'completed')");
             ^
/home/wassie/Desktop/zig database/zvdb/src/test_group_by.zig:170:5: 0x13320ee in test.GROUP BY: with WHERE clause (test_group_by.zig)
    try setupOrdersTable(&db);
    ^
error: 'test_group_by.test.GROUP BY: with multiple columns' failed: === VALIDATION ERRORS ===
ERROR: INSERT command must specify at least one column
HINT: Try: INSERT INTO table_name (col1, col2) VALUES (val1, val2)
=========================

/home/wassie/Desktop/zig database/zvdb/src/database/executor/command_executor.zig:78:13: 0x108a293 in handleValidationResult (test_group_by.zig)
            return sql.SqlError.ValidationFailed;
            ^
/home/wassie/Desktop/zig database/zvdb/src/database/executor/command_executor.zig:196:9: 0x1096a39 in executeInsert (test_group_by.zig)
        try handleValidationResult(db, &validation_result);
        ^
/home/wassie/Desktop/zig database/zvdb/src/database/executor.zig:61:29: 0x10c3f4c in execute (test_group_by.zig)
        .insert => |insert| try command_executor.executeInsert(db, insert),
                            ^
/home/wassie/Desktop/zig database/zvdb/src/database/core.zig:193:9: 0x10c52e1 in execute (test_group_by.zig)
        return executor.execute(self, query);
        ^
/home/wassie/Desktop/zig database/zvdb/src/test_group_by.zig:204:22: 0x1333434 in test.GROUP BY: with multiple columns (test_group_by.zig)
        var result = try db.execute("INSERT INTO sales VALUES (1, 'East', 'Widget', 100.0)");
                     ^
error: 'test_group_by.test.GROUP BY: with COUNT on specific column' failed: === VALIDATION ERRORS ===
ERROR: INSERT command must specify at least one column
HINT: Try: INSERT INTO table_name (col1, col2) VALUES (val1, val2)
=========================

/home/wassie/Desktop/zig database/zvdb/src/database/executor/command_executor.zig:78:13: 0x108a293 in handleValidationResult (test_group_by.zig)
            return sql.SqlError.ValidationFailed;
            ^
/home/wassie/Desktop/zig database/zvdb/src/database/executor/command_executor.zig:196:9: 0x1096a39 in executeInsert (test_group_by.zig)
        try handleValidationResult(db, &validation_result);
        ^
/home/wassie/Desktop/zig database/zvdb/src/database/executor.zig:61:29: 0x10c3f4c in execute (test_group_by.zig)
        .insert => |insert| try command_executor.executeInsert(db, insert),
                            ^
/home/wassie/Desktop/zig database/zvdb/src/database/core.zig:193:9: 0x10c52e1 in execute (test_group_by.zig)
        return executor.execute(self, query);
        ^
/home/wassie/Desktop/zig database/zvdb/src/test_group_by.zig:281:22: 0x1335794 in test.GROUP BY: with COUNT on specific column (test_group_by.zig)
        var result = try db.execute("INSERT INTO survey VALUES (1, 'A', 'yes')");
                     ^
error: 'test_group_by.test.GROUP BY: all aggregates together' failed: === VALIDATION ERRORS ===
ERROR: INSERT command must specify at least one column
HINT: Try: INSERT INTO table_name (col1, col2) VALUES (val1, val2)
=========================

/home/wassie/Desktop/zig database/zvdb/src/database/executor/command_executor.zig:78:13: 0x108a293 in handleValidationResult (test_group_by.zig)
            return sql.SqlError.ValidationFailed;
            ^
/home/wassie/Desktop/zig database/zvdb/src/database/executor/command_executor.zig:196:9: 0x1096a39 in executeInsert (test_group_by.zig)
        try handleValidationResult(db, &validation_result);
        ^
/home/wassie/Desktop/zig database/zvdb/src/database/executor.zig:61:29: 0x10c3f4c in execute (test_group_by.zig)
        .insert => |insert| try command_executor.executeInsert(db, insert),
                            ^
/home/wassie/Desktop/zig database/zvdb/src/database/core.zig:193:9: 0x10c52e1 in execute (test_group_by.zig)
        return executor.execute(self, query);
        ^
/home/wassie/Desktop/zig database/zvdb/src/test_group_by.zig:319:14: 0x13371db in test.GROUP BY: all aggregates together (test_group_by.zig)
    result = try db.execute("INSERT INTO metrics VALUES (1, 'Alpha', 10.0)");
             ^
error: 'test_group_by.test.GROUP BY: single group with multiple rows' failed: === VALIDATION ERRORS ===
ERROR: INSERT command must specify at least one column
HINT: Try: INSERT INTO table_name (col1, col2) VALUES (val1, val2)
=========================

/home/wassie/Desktop/zig database/zvdb/src/database/executor/command_executor.zig:78:13: 0x108a293 in handleValidationResult (test_group_by.zig)
            return sql.SqlError.ValidationFailed;
            ^
/home/wassie/Desktop/zig database/zvdb/src/database/executor/command_executor.zig:196:9: 0x1096a39 in executeInsert (test_group_by.zig)
        try handleValidationResult(db, &validation_result);
        ^
/home/wassie/Desktop/zig database/zvdb/src/database/executor.zig:61:29: 0x10c3f4c in execute (test_group_by.zig)
        .insert => |insert| try command_executor.executeInsert(db, insert),
                            ^
/home/wassie/Desktop/zig database/zvdb/src/database/core.zig:193:9: 0x10c52e1 in execute (test_group_by.zig)
        return executor.execute(self, query);
        ^
/home/wassie/Desktop/zig database/zvdb/src/test_group_by.zig:366:14: 0x1339f54 in test.GROUP BY: single group with multiple rows (test_group_by.zig)
    result = try db.execute("INSERT INTO items VALUES (1, 'fruit', 5)");
             ^
error: 'test_group_by.test.GROUP BY: NULL values in GROUP BY column' failed: === VALIDATION ERRORS ===
ERROR: INSERT command must specify at least one column
HINT: Try: INSERT INTO table_name (col1, col2) VALUES (val1, val2)
=========================

/home/wassie/Desktop/zig database/zvdb/src/database/executor/command_executor.zig:78:13: 0x108a293 in handleValidationResult (test_group_by.zig)
            return sql.SqlError.ValidationFailed;
            ^
/home/wassie/Desktop/zig database/zvdb/src/database/executor/command_executor.zig:196:9: 0x1096a39 in executeInsert (test_group_by.zig)
        try handleValidationResult(db, &validation_result);
        ^
/home/wassie/Desktop/zig database/zvdb/src/database/executor.zig:61:29: 0x10c3f4c in execute (test_group_by.zig)
        .insert => |insert| try command_executor.executeInsert(db, insert),
                            ^
/home/wassie/Desktop/zig database/zvdb/src/database/core.zig:193:9: 0x10c52e1 in execute (test_group_by.zig)
        return executor.execute(self, query);
        ^
/home/wassie/Desktop/zig database/zvdb/src/test_group_by.zig:394:14: 0x133afb4 in test.GROUP BY: NULL values in GROUP BY column (test_group_by.zig)
    result = try db.execute("INSERT INTO employees VALUES (1, 'Alice', 'Engineering')");
             ^
error: 'test_group_by.test.GROUP BY: multiple NULLs group together' failed: === VALIDATION ERRORS ===
ERROR: INSERT command must specify at least one column
HINT: Try: INSERT INTO table_name (col1, col2) VALUES (val1, val2)
=========================

/home/wassie/Desktop/zig database/zvdb/src/database/executor/command_executor.zig:78:13: 0x108a293 in handleValidationResult (test_group_by.zig)
            return sql.SqlError.ValidationFailed;
            ^
/home/wassie/Desktop/zig database/zvdb/src/database/executor/command_executor.zig:196:9: 0x1096a39 in executeInsert (test_group_by.zig)
        try handleValidationResult(db, &validation_result);
        ^
/home/wassie/Desktop/zig database/zvdb/src/database/executor.zig:61:29: 0x10c3f4c in execute (test_group_by.zig)
        .insert => |insert| try command_executor.executeInsert(db, insert),
                            ^
/home/wassie/Desktop/zig database/zvdb/src/database/core.zig:193:9: 0x10c52e1 in execute (test_group_by.zig)
        return executor.execute(self, query);
        ^
/home/wassie/Desktop/zig database/zvdb/src/test_group_by.zig:439:14: 0x133cfc4 in test.GROUP BY: multiple NULLs group together (test_group_by.zig)
    result = try db.execute("INSERT INTO sales VALUES (1, NULL, 100.0)");
             ^
error: 'test_group_by.test.GROUP BY: NULL vs empty string distinction' failed: === VALIDATION ERRORS ===
ERROR: INSERT command must specify at least one column
HINT: Try: INSERT INTO table_name (col1, col2) VALUES (val1, val2)
=========================

/home/wassie/Desktop/zig database/zvdb/src/database/executor/command_executor.zig:78:13: 0x108a293 in handleValidationResult (test_group_by.zig)
            return sql.SqlError.ValidationFailed;
            ^
/home/wassie/Desktop/zig database/zvdb/src/database/executor/command_executor.zig:196:9: 0x1096a39 in executeInsert (test_group_by.zig)
        try handleValidationResult(db, &validation_result);
        ^
/home/wassie/Desktop/zig database/zvdb/src/database/executor.zig:61:29: 0x10c3f4c in execute (test_group_by.zig)
        .insert => |insert| try command_executor.executeInsert(db, insert),
                            ^
/home/wassie/Desktop/zig database/zvdb/src/database/core.zig:193:9: 0x10c52e1 in execute (test_group_by.zig)
        return executor.execute(self, query);
        ^
/home/wassie/Desktop/zig database/zvdb/src/test_group_by.zig:478:14: 0x133ed24 in test.GROUP BY: NULL vs empty string distinction (test_group_by.zig)
    result = try db.execute("INSERT INTO data VALUES (1, NULL, 10)");
             ^
error: 'test_group_by.test.GROUP BY: error on non-aggregate column without GROUP BY' failed: === VALIDATION ERRORS ===
ERROR: INSERT command must specify at least one column
HINT: Try: INSERT INTO table_name (col1, col2) VALUES (val1, val2)
=========================

/home/wassie/Desktop/zig database/zvdb/src/database/executor/command_executor.zig:78:13: 0x108a293 in handleValidationResult (test_group_by.zig)
            return sql.SqlError.ValidationFailed;
            ^
/home/wassie/Desktop/zig database/zvdb/src/database/executor/command_executor.zig:196:9: 0x1096a39 in executeInsert (test_group_by.zig)
        try handleValidationResult(db, &validation_result);
        ^
/home/wassie/Desktop/zig database/zvdb/src/database/executor.zig:61:29: 0x10c3f4c in execute (test_group_by.zig)
        .insert => |insert| try command_executor.executeInsert(db, insert),
                            ^
/home/wassie/Desktop/zig database/zvdb/src/database/core.zig:193:9: 0x10c52e1 in execute (test_group_by.zig)
        return executor.execute(self, query);
        ^
/home/wassie/Desktop/zig database/zvdb/src/test_group_by.zig:15:14: 0x10c5449 in setupEmployeesTable (test_group_by.zig)
    result = try db.execute("INSERT INTO employees VALUES (1, 'Alice', 'Engineering')");
             ^
/home/wassie/Desktop/zig database/zvdb/src/test_group_by.zig:521:5: 0x1340c92 in test.GROUP BY: error on non-aggregate column without GROUP BY (test_group_by.zig)
    try setupEmployeesTable(&db);
    ^
error: 'test_group_by.test.GROUP BY: error on SELECT * with GROUP BY' failed: === VALIDATION ERRORS ===
ERROR: INSERT command must specify at least one column
HINT: Try: INSERT INTO table_name (col1, col2) VALUES (val1, val2)
=========================

/home/wassie/Desktop/zig database/zvdb/src/database/executor/command_executor.zig:78:13: 0x108a293 in handleValidationResult (test_group_by.zig)
            return sql.SqlError.ValidationFailed;
            ^
/home/wassie/Desktop/zig database/zvdb/src/database/executor/command_executor.zig:196:9: 0x1096a39 in executeInsert (test_group_by.zig)
        try handleValidationResult(db, &validation_result);
        ^
/home/wassie/Desktop/zig database/zvdb/src/database/executor.zig:61:29: 0x10c3f4c in execute (test_group_by.zig)
        .insert => |insert| try command_executor.executeInsert(db, insert),
                            ^
/home/wassie/Desktop/zig database/zvdb/src/database/core.zig:193:9: 0x10c52e1 in execute (test_group_by.zig)
        return executor.execute(self, query);
        ^
/home/wassie/Desktop/zig database/zvdb/src/test_group_by.zig:15:14: 0x10c5449 in setupEmployeesTable (test_group_by.zig)
    result = try db.execute("INSERT INTO employees VALUES (1, 'Alice', 'Engineering')");
             ^
/home/wassie/Desktop/zig database/zvdb/src/test_group_by.zig:532:5: 0x134bb32 in test.GROUP BY: error on SELECT * with GROUP BY (test_group_by.zig)
    try setupEmployeesTable(&db);
    ^
error: 'test_group_by.test.GROUP BY: error on mixing aggregates without GROUP BY' failed: === VALIDATION ERRORS ===
ERROR: INSERT command must specify at least one column
HINT: Try: INSERT INTO table_name (col1, col2) VALUES (val1, val2)
=========================

/home/wassie/Desktop/zig database/zvdb/src/database/executor/command_executor.zig:78:13: 0x108a293 in handleValidationResult (test_group_by.zig)
            return sql.SqlError.ValidationFailed;
            ^
/home/wassie/Desktop/zig database/zvdb/src/database/executor/command_executor.zig:196:9: 0x1096a39 in executeInsert (test_group_by.zig)
        try handleValidationResult(db, &validation_result);
        ^
/home/wassie/Desktop/zig database/zvdb/src/database/executor.zig:61:29: 0x10c3f4c in execute (test_group_by.zig)
        .insert => |insert| try command_executor.executeInsert(db, insert),
                            ^
/home/wassie/Desktop/zig database/zvdb/src/database/core.zig:193:9: 0x10c52e1 in execute (test_group_by.zig)
        return executor.execute(self, query);
        ^
/home/wassie/Desktop/zig database/zvdb/src/test_group_by.zig:15:14: 0x10c5449 in setupEmployeesTable (test_group_by.zig)
    result = try db.execute("INSERT INTO employees VALUES (1, 'Alice', 'Engineering')");
             ^
/home/wassie/Desktop/zig database/zvdb/src/test_group_by.zig:543:5: 0x134bef2 in test.GROUP BY: error on mixing aggregates without GROUP BY (test_group_by.zig)
    try setupEmployeesTable(&db);
    ^
error: 'test_group_by.test.GROUP BY: valid non-aggregate column in GROUP BY' failed: === VALIDATION ERRORS ===
ERROR: INSERT command must specify at least one column
HINT: Try: INSERT INTO table_name (col1, col2) VALUES (val1, val2)
=========================

/home/wassie/Desktop/zig database/zvdb/src/database/executor/command_executor.zig:78:13: 0x108a293 in handleValidationResult (test_group_by.zig)
            return sql.SqlError.ValidationFailed;
            ^
/home/wassie/Desktop/zig database/zvdb/src/database/executor/command_executor.zig:196:9: 0x1096a39 in executeInsert (test_group_by.zig)
        try handleValidationResult(db, &validation_result);
        ^
/home/wassie/Desktop/zig database/zvdb/src/database/executor.zig:61:29: 0x10c3f4c in execute (test_group_by.zig)
        .insert => |insert| try command_executor.executeInsert(db, insert),
                            ^
/home/wassie/Desktop/zig database/zvdb/src/database/core.zig:193:9: 0x10c52e1 in execute (test_group_by.zig)
        return executor.execute(self, query);
        ^
/home/wassie/Desktop/zig database/zvdb/src/test_group_by.zig:15:14: 0x10c5449 in setupEmployeesTable (test_group_by.zig)
    result = try db.execute("INSERT INTO employees VALUES (1, 'Alice', 'Engineering')");
             ^
/home/wassie/Desktop/zig database/zvdb/src/test_group_by.zig:554:5: 0x134c29e in test.GROUP BY: valid non-aggregate column in GROUP BY (test_group_by.zig)
    try setupEmployeesTable(&db);
    ^
error: 'test_group_by.test.GROUP BY: with ORDER BY aggregate DESC' failed: === VALIDATION ERRORS ===
ERROR: INSERT command must specify at least one column
HINT: Try: INSERT INTO table_name (col1, col2) VALUES (val1, val2)
=========================

/home/wassie/Desktop/zig database/zvdb/src/database/executor/command_executor.zig:78:13: 0x108a293 in handleValidationResult (test_group_by.zig)
            return sql.SqlError.ValidationFailed;
            ^
/home/wassie/Desktop/zig database/zvdb/src/database/executor/command_executor.zig:196:9: 0x1096a39 in executeInsert (test_group_by.zig)
        try handleValidationResult(db, &validation_result);
        ^
/home/wassie/Desktop/zig database/zvdb/src/database/executor.zig:61:29: 0x10c3f4c in execute (test_group_by.zig)
        .insert => |insert| try command_executor.executeInsert(db, insert),
                            ^
/home/wassie/Desktop/zig database/zvdb/src/database/core.zig:193:9: 0x10c52e1 in execute (test_group_by.zig)
        return executor.execute(self, query);
        ^
/home/wassie/Desktop/zig database/zvdb/src/test_group_by.zig:15:14: 0x10c5449 in setupEmployeesTable (test_group_by.zig)
    result = try db.execute("INSERT INTO employees VALUES (1, 'Alice', 'Engineering')");
             ^
/home/wassie/Desktop/zig database/zvdb/src/test_group_by.zig:571:5: 0x134c795 in test.GROUP BY: with ORDER BY aggregate DESC (test_group_by.zig)
    try setupEmployeesTable(&db);
    ^
error: 'test_group_by.test.GROUP BY: with ORDER BY grouped column ASC' failed: === VALIDATION ERRORS ===
ERROR: INSERT command must specify at least one column
HINT: Try: INSERT INTO table_name (col1, col2) VALUES (val1, val2)
=========================

/home/wassie/Desktop/zig database/zvdb/src/database/executor/command_executor.zig:78:13: 0x108a293 in handleValidationResult (test_group_by.zig)
            return sql.SqlError.ValidationFailed;
            ^
/home/wassie/Desktop/zig database/zvdb/src/database/executor/command_executor.zig:196:9: 0x1096a39 in executeInsert (test_group_by.zig)
        try handleValidationResult(db, &validation_result);
        ^
/home/wassie/Desktop/zig database/zvdb/src/database/executor.zig:61:29: 0x10c3f4c in execute (test_group_by.zig)
        .insert => |insert| try command_executor.executeInsert(db, insert),
                            ^
/home/wassie/Desktop/zig database/zvdb/src/database/core.zig:193:9: 0x10c52e1 in execute (test_group_by.zig)
        return executor.execute(self, query);
        ^
/home/wassie/Desktop/zig database/zvdb/src/test_group_by.zig:15:14: 0x10c5449 in setupEmployeesTable (test_group_by.zig)
    result = try db.execute("INSERT INTO employees VALUES (1, 'Alice', 'Engineering')");
             ^
/home/wassie/Desktop/zig database/zvdb/src/test_group_by.zig:599:5: 0x134e8ee in test.GROUP BY: with ORDER BY grouped column ASC (test_group_by.zig)
    try setupEmployeesTable(&db);
    ^
error: 'test_group_by.test.GROUP BY: with ORDER BY SUM DESC' failed: === VALIDATION ERRORS ===
ERROR: INSERT command must specify at least one column
HINT: Try: INSERT INTO table_name (col1, col2) VALUES (val1, val2)
=========================

/home/wassie/Desktop/zig database/zvdb/src/database/executor/command_executor.zig:78:13: 0x108a293 in handleValidationResult (test_group_by.zig)
            return sql.SqlError.ValidationFailed;
            ^
/home/wassie/Desktop/zig database/zvdb/src/database/executor/command_executor.zig:196:9: 0x1096a39 in executeInsert (test_group_by.zig)
        try handleValidationResult(db, &validation_result);
        ^
/home/wassie/Desktop/zig database/zvdb/src/database/executor.zig:61:29: 0x10c3f4c in execute (test_group_by.zig)
        .insert => |insert| try command_executor.executeInsert(db, insert),
                            ^
/home/wassie/Desktop/zig database/zvdb/src/database/core.zig:193:9: 0x10c52e1 in execute (test_group_by.zig)
        return executor.execute(self, query);
        ^
/home/wassie/Desktop/zig database/zvdb/src/test_group_by.zig:29:14: 0x132e189 in setupSalesTable (test_group_by.zig)
    result = try db.execute("INSERT INTO sales VALUES (1, 'Widget', 100.0)");
             ^
/home/wassie/Desktop/zig database/zvdb/src/test_group_by.zig:615:5: 0x134f6ce in test.GROUP BY: with ORDER BY SUM DESC (test_group_by.zig)
    try setupSalesTable(&db);
    ^
error: 'test_group_by.test.GROUP BY: with ORDER BY and LIMIT' failed: === VALIDATION ERRORS ===
ERROR: INSERT command must specify at least one column
HINT: Try: INSERT INTO table_name (col1, col2) VALUES (val1, val2)
=========================

/home/wassie/Desktop/zig database/zvdb/src/database/executor/command_executor.zig:78:13: 0x108a293 in handleValidationResult (test_group_by.zig)
            return sql.SqlError.ValidationFailed;
            ^
/home/wassie/Desktop/zig database/zvdb/src/database/executor/command_executor.zig:196:9: 0x1096a39 in executeInsert (test_group_by.zig)
        try handleValidationResult(db, &validation_result);
        ^
/home/wassie/Desktop/zig database/zvdb/src/database/executor.zig:61:29: 0x10c3f4c in execute (test_group_by.zig)
        .insert => |insert| try command_executor.executeInsert(db, insert),
                            ^
/home/wassie/Desktop/zig database/zvdb/src/database/core.zig:193:9: 0x10c52e1 in execute (test_group_by.zig)
        return executor.execute(self, query);
        ^
/home/wassie/Desktop/zig database/zvdb/src/test_group_by.zig:29:14: 0x132e189 in setupSalesTable (test_group_by.zig)
    result = try db.execute("INSERT INTO sales VALUES (1, 'Widget', 100.0)");
             ^
/home/wassie/Desktop/zig database/zvdb/src/test_group_by.zig:634:5: 0x1350d1e in test.GROUP BY: with ORDER BY and LIMIT (test_group_by.zig)
    try setupSalesTable(&db);
    ^
error: 'test_group_by.test.GROUP BY: with HAVING COUNT filter' failed: === VALIDATION ERRORS ===
ERROR: INSERT command must specify at least one column
HINT: Try: INSERT INTO table_name (col1, col2) VALUES (val1, val2)
=========================

/home/wassie/Desktop/zig database/zvdb/src/database/executor/command_executor.zig:78:13: 0x108a293 in handleValidationResult (test_group_by.zig)
            return sql.SqlError.ValidationFailed;
            ^
/home/wassie/Desktop/zig database/zvdb/src/database/executor/command_executor.zig:196:9: 0x1096a39 in executeInsert (test_group_by.zig)
        try handleValidationResult(db, &validation_result);
        ^
/home/wassie/Desktop/zig database/zvdb/src/database/executor.zig:61:29: 0x10c3f4c in execute (test_group_by.zig)
        .insert => |insert| try command_executor.executeInsert(db, insert),
                            ^
/home/wassie/Desktop/zig database/zvdb/src/database/core.zig:193:9: 0x10c52e1 in execute (test_group_by.zig)
        return executor.execute(self, query);
        ^
/home/wassie/Desktop/zig database/zvdb/src/test_group_by.zig:15:14: 0x10c5449 in setupEmployeesTable (test_group_by.zig)
    result = try db.execute("INSERT INTO employees VALUES (1, 'Alice', 'Engineering')");
             ^
/home/wassie/Desktop/zig database/zvdb/src/test_group_by.zig:653:5: 0x1351aae in test.GROUP BY: with HAVING COUNT filter (test_group_by.zig)
    try setupEmployeesTable(&db);
    ^
error: 'test_group_by.test.GROUP BY: with HAVING SUM filter' failed: === VALIDATION ERRORS ===
ERROR: INSERT command must specify at least one column
HINT: Try: INSERT INTO table_name (col1, col2) VALUES (val1, val2)
=========================

/home/wassie/Desktop/zig database/zvdb/src/database/executor/command_executor.zig:78:13: 0x108a293 in handleValidationResult (test_group_by.zig)
            return sql.SqlError.ValidationFailed;
            ^
/home/wassie/Desktop/zig database/zvdb/src/database/executor/command_executor.zig:196:9: 0x1096a39 in executeInsert (test_group_by.zig)
        try handleValidationResult(db, &validation_result);
        ^
/home/wassie/Desktop/zig database/zvdb/src/database/executor.zig:61:29: 0x10c3f4c in execute (test_group_by.zig)
        .insert => |insert| try command_executor.executeInsert(db, insert),
                            ^
/home/wassie/Desktop/zig database/zvdb/src/database/core.zig:193:9: 0x10c52e1 in execute (test_group_by.zig)
        return executor.execute(self, query);
        ^
/home/wassie/Desktop/zig database/zvdb/src/test_group_by.zig:29:14: 0x132e189 in setupSalesTable (test_group_by.zig)
    result = try db.execute("INSERT INTO sales VALUES (1, 'Widget', 100.0)");
             ^
/home/wassie/Desktop/zig database/zvdb/src/test_group_by.zig:687:5: 0x1352f4e in test.GROUP BY: with HAVING SUM filter (test_group_by.zig)
    try setupSalesTable(&db);
    ^
error: 'test_group_by.test.GROUP BY: with HAVING AVG filter' failed: === VALIDATION ERRORS ===
ERROR: INSERT command must specify at least one column
HINT: Try: INSERT INTO table_name (col1, col2) VALUES (val1, val2)
=========================

/home/wassie/Desktop/zig database/zvdb/src/database/executor/command_executor.zig:78:13: 0x108a293 in handleValidationResult (test_group_by.zig)
            return sql.SqlError.ValidationFailed;
            ^
/home/wassie/Desktop/zig database/zvdb/src/database/executor/command_executor.zig:196:9: 0x1096a39 in executeInsert (test_group_by.zig)
        try handleValidationResult(db, &validation_result);
        ^
/home/wassie/Desktop/zig database/zvdb/src/database/executor.zig:61:29: 0x10c3f4c in execute (test_group_by.zig)
        .insert => |insert| try command_executor.executeInsert(db, insert),
                            ^
/home/wassie/Desktop/zig database/zvdb/src/database/core.zig:193:9: 0x10c52e1 in execute (test_group_by.zig)
        return executor.execute(self, query);
        ^
/home/wassie/Desktop/zig database/zvdb/src/test_group_by.zig:43:14: 0x132ffa9 in setupScoresTable (test_group_by.zig)
    result = try db.execute("INSERT INTO scores VALUES (1, 'Alice', 85)");
             ^
/home/wassie/Desktop/zig database/zvdb/src/test_group_by.zig:703:5: 0x1353cde in test.GROUP BY: with HAVING AVG filter (test_group_by.zig)
    try setupScoresTable(&db);
    ^
error: 'test_group_by.test.GROUP BY: with HAVING and WHERE' failed: === VALIDATION ERRORS ===
ERROR: INSERT command must specify at least one column
HINT: Try: INSERT INTO table_name (col1, col2) VALUES (val1, val2)
=========================

/home/wassie/Desktop/zig database/zvdb/src/database/executor/command_executor.zig:78:13: 0x108a293 in handleValidationResult (test_group_by.zig)
            return sql.SqlError.ValidationFailed;
            ^
/home/wassie/Desktop/zig database/zvdb/src/database/executor/command_executor.zig:196:9: 0x1096a39 in executeInsert (test_group_by.zig)
        try handleValidationResult(db, &validation_result);
        ^
/home/wassie/Desktop/zig database/zvdb/src/database/executor.zig:61:29: 0x10c3f4c in execute (test_group_by.zig)
        .insert => |insert| try command_executor.executeInsert(db, insert),
                            ^
/home/wassie/Desktop/zig database/zvdb/src/database/core.zig:193:9: 0x10c52e1 in execute (test_group_by.zig)
        return executor.execute(self, query);
        ^
/home/wassie/Desktop/zig database/zvdb/src/test_group_by.zig:59:14: 0x1331c29 in setupOrdersTable (test_group_by.zig)
    result = try db.execute("INSERT INTO orders VALUES (1, 'Alice', 100.0, 'completed')");
             ^
/home/wassie/Desktop/zig database/zvdb/src/test_group_by.zig:718:5: 0x13541ce in test.GROUP BY: with HAVING and WHERE (test_group_by.zig)
    try setupOrdersTable(&db);
    ^
error: 'test_group_by.test.GROUP BY: with HAVING, ORDER BY, and LIMIT' failed: === VALIDATION ERRORS ===
ERROR: INSERT command must specify at least one column
HINT: Try: INSERT INTO table_name (col1, col2) VALUES (val1, val2)
=========================

/home/wassie/Desktop/zig database/zvdb/src/database/executor/command_executor.zig:78:13: 0x108a293 in handleValidationResult (test_group_by.zig)
            return sql.SqlError.ValidationFailed;
            ^
/home/wassie/Desktop/zig database/zvdb/src/database/executor/command_executor.zig:196:9: 0x1096a39 in executeInsert (test_group_by.zig)
        try handleValidationResult(db, &validation_result);
        ^
/home/wassie/Desktop/zig database/zvdb/src/database/executor.zig:61:29: 0x10c3f4c in execute (test_group_by.zig)
        .insert => |insert| try command_executor.executeInsert(db, insert),
                            ^
/home/wassie/Desktop/zig database/zvdb/src/database/core.zig:193:9: 0x10c52e1 in execute (test_group_by.zig)
        return executor.execute(self, query);
        ^
/home/wassie/Desktop/zig database/zvdb/src/test_group_by.zig:29:14: 0x132e189 in setupSalesTable (test_group_by.zig)
    result = try db.execute("INSERT INTO sales VALUES (1, 'Widget', 100.0)");
             ^
/home/wassie/Desktop/zig database/zvdb/src/test_group_by.zig:734:5: 0x1354f5e in test.GROUP BY: with HAVING, ORDER BY, and LIMIT (test_group_by.zig)
    try setupSalesTable(&db);
    ^
error: 'test_group_by.test.GROUP BY: error on HAVING without GROUP BY' failed: === VALIDATION ERRORS ===
ERROR: INSERT command must specify at least one column
HINT: Try: INSERT INTO table_name (col1, col2) VALUES (val1, val2)
=========================

/home/wassie/Desktop/zig database/zvdb/src/database/executor/command_executor.zig:78:13: 0x108a293 in handleValidationResult (test_group_by.zig)
            return sql.SqlError.ValidationFailed;
            ^
/home/wassie/Desktop/zig database/zvdb/src/database/executor/command_executor.zig:196:9: 0x1096a39 in executeInsert (test_group_by.zig)
        try handleValidationResult(db, &validation_result);
        ^
/home/wassie/Desktop/zig database/zvdb/src/database/executor.zig:61:29: 0x10c3f4c in execute (test_group_by.zig)
        .insert => |insert| try command_executor.executeInsert(db, insert),
                            ^
/home/wassie/Desktop/zig database/zvdb/src/database/core.zig:193:9: 0x10c52e1 in execute (test_group_by.zig)
        return executor.execute(self, query);
        ^
/home/wassie/Desktop/zig database/zvdb/src/test_group_by.zig:15:14: 0x10c5449 in setupEmployeesTable (test_group_by.zig)
    result = try db.execute("INSERT INTO employees VALUES (1, 'Alice', 'Engineering')");
             ^
/home/wassie/Desktop/zig database/zvdb/src/test_group_by.zig:755:5: 0x1355ff2 in test.GROUP BY: error on HAVING without GROUP BY (test_group_by.zig)
    try setupEmployeesTable(&db);
    ^
error: 'database.validator.test.levenshteinDistance: multiple differences' failed: expected 2, found 1
/usr/lib/zig/std/testing.zig:110:17: 0x13b75a9 in expectEqualInner__anon_52899 (std.zig)
                return error.TestExpectedEqual;
                ^
/home/wassie/Desktop/zig database/zvdb/src/database/validator.zig:1321:5: 0x141a4ec in test.levenshteinDistance: multiple differences (test_group_by.zig)
    try testing.expectEqual(@as(usize, 2), levenshteinDistance("user_name", "username")); // underscore removed
    ^
error: 'database.validator.test.levenshteinDistance: typos' failed: expected 1, found 2
/usr/lib/zig/std/testing.zig:110:17: 0x13b75a9 in expectEqualInner__anon_52899 (std.zig)
                return error.TestExpectedEqual;
                ^
/home/wassie/Desktop/zig database/zvdb/src/database/validator.zig:1325:5: 0x141a5bc in test.levenshteinDistance: typos (test_group_by.zig)
    try testing.expectEqual(@as(usize, 1), levenshteinDistance("name", "nmae")); // transposition (counted as 2 in basic LD)
    ^
error: while executing test 'database.column_matching.test.findColumnIndex: not found', the following test command failed:
./.zig-cache/o/9f06a0485b3a98380afe01a609b092f5/test --cache-dir=./.zig-cache --seed=0x3dbf8d2d --listen=-
test
+- run test 104/107 passed, 3 failed
error: 'test_validator.test.validator: validation with actual database' failed: === VALIDATION ERRORS ===
ERROR: INSERT command must specify at least one column
HINT: Try: INSERT INTO table_name (col1, col2) VALUES (val1, val2)
=========================

/home/wassie/Desktop/zig database/zvdb/src/database/executor/command_executor.zig:78:13: 0x11ad883 in handleValidationResult (test_validator.zig)
            return sql.SqlError.ValidationFailed;
            ^
/home/wassie/Desktop/zig database/zvdb/src/database/executor/command_executor.zig:196:9: 0x11ba029 in executeInsert (test_validator.zig)
        try handleValidationResult(db, &validation_result);
        ^
/home/wassie/Desktop/zig database/zvdb/src/database/executor.zig:61:29: 0x11e642c in execute (test_validator.zig)
        .insert => |insert| try command_executor.executeInsert(db, insert),
                            ^
/home/wassie/Desktop/zig database/zvdb/src/database/core.zig:193:9: 0x11e77c1 in execute (test_validator.zig)
        return executor.execute(self, query);
        ^
/home/wassie/Desktop/zig database/zvdb/src/test_validator.zig:54:22: 0x11e7a94 in test.validator: validation with actual database (test_validator.zig)
        var result = try db.execute("INSERT INTO users VALUES (1, 'Alice')");
                     ^
error: 'database.validator.test.levenshteinDistance: multiple differences' failed: expected 2, found 1
/usr/lib/zig/std/testing.zig:110:17: 0x11e7859 in expectEqualInner__anon_25239 (std.zig)
                return error.TestExpectedEqual;
                ^
/home/wassie/Desktop/zig database/zvdb/src/database/validator.zig:1321:5: 0x13ae05c in test.levenshteinDistance: multiple differences (test_validator.zig)
    try testing.expectEqual(@as(usize, 2), levenshteinDistance("user_name", "username")); // underscore removed
    ^
error: 'database.validator.test.levenshteinDistance: typos' failed: expected 1, found 2
/usr/lib/zig/std/testing.zig:110:17: 0x11e7859 in expectEqualInner__anon_25239 (std.zig)
                return error.TestExpectedEqual;
                ^
/home/wassie/Desktop/zig database/zvdb/src/database/validator.zig:1325:5: 0x13ae12c in test.levenshteinDistance: typos (test_validator.zig)
    try testing.expectEqual(@as(usize, 1), levenshteinDistance("name", "nmae")); // transposition (counted as 2 in basic LD)
    ^
error: while executing test 'database.column_matching.test.findColumnIndex: not found', the following test command failed:
./.zig-cache/o/16ace1213441e0fa0f6faa08ab387fec/test --cache-dir=./.zig-cache --seed=0x3dbf8d2d --listen=-
test
+- run test 101/121 passed, 20 failed
error: 'test_sql_standards.test.SQL Standard: NULL handling in JOINs' failed: === VALIDATION ERRORS ===
ERROR: INSERT command must specify at least one column
HINT: Try: INSERT INTO table_name (col1, col2) VALUES (val1, val2)
=========================

/home/wassie/Desktop/zig database/zvdb/src/database/executor/command_executor.zig:78:13: 0x108a293 in handleValidationResult (test_sql_standards.zig)
            return sql.SqlError.ValidationFailed;
            ^
/home/wassie/Desktop/zig database/zvdb/src/database/executor/command_executor.zig:196:9: 0x1096a39 in executeInsert (test_sql_standards.zig)
        try handleValidationResult(db, &validation_result);
        ^
/home/wassie/Desktop/zig database/zvdb/src/database/executor.zig:61:29: 0x10c3f4c in execute (test_sql_standards.zig)
        .insert => |insert| try command_executor.executeInsert(db, insert),
                            ^
/home/wassie/Desktop/zig database/zvdb/src/database/core.zig:193:9: 0x10c52e1 in execute (test_sql_standards.zig)
        return executor.execute(self, query);
        ^
/home/wassie/Desktop/zig database/zvdb/src/test_sql_standards.zig:26:22: 0x10c55b4 in test.SQL Standard: NULL handling in JOINs (test_sql_standards.zig)
        var result = try db.execute("INSERT INTO users VALUES (1, 'Alice')");
                     ^
error: 'test_sql_standards.test.SQL Standard: NULL in LEFT JOIN' failed: === VALIDATION ERRORS ===
ERROR: INSERT command must specify at least one column
HINT: Try: INSERT INTO table_name (col1, col2) VALUES (val1, val2)
=========================

/home/wassie/Desktop/zig database/zvdb/src/database/executor/command_executor.zig:78:13: 0x108a293 in handleValidationResult (test_sql_standards.zig)
            return sql.SqlError.ValidationFailed;
            ^
/home/wassie/Desktop/zig database/zvdb/src/database/executor/command_executor.zig:196:9: 0x1096a39 in executeInsert (test_sql_standards.zig)
        try handleValidationResult(db, &validation_result);
        ^
/home/wassie/Desktop/zig database/zvdb/src/database/executor.zig:61:29: 0x10c3f4c in execute (test_sql_standards.zig)
        .insert => |insert| try command_executor.executeInsert(db, insert),
                            ^
/home/wassie/Desktop/zig database/zvdb/src/database/core.zig:193:9: 0x10c52e1 in execute (test_sql_standards.zig)
        return executor.execute(self, query);
        ^
/home/wassie/Desktop/zig database/zvdb/src/test_sql_standards.zig:64:22: 0x132ced4 in test.SQL Standard: NULL in LEFT JOIN (test_sql_standards.zig)
        var result = try db.execute("INSERT INTO users VALUES (1, 'Alice')");
                     ^
error: 'test_sql_standards.test.SQL Standard: LEFT JOIN with empty right table' failed: === VALIDATION ERRORS ===
ERROR: INSERT command must specify at least one column
HINT: Try: INSERT INTO table_name (col1, col2) VALUES (val1, val2)
=========================

/home/wassie/Desktop/zig database/zvdb/src/database/executor/command_executor.zig:78:13: 0x108a293 in handleValidationResult (test_sql_standards.zig)
            return sql.SqlError.ValidationFailed;
            ^
/home/wassie/Desktop/zig database/zvdb/src/database/executor/command_executor.zig:196:9: 0x1096a39 in executeInsert (test_sql_standards.zig)
        try handleValidationResult(db, &validation_result);
        ^
/home/wassie/Desktop/zig database/zvdb/src/database/executor.zig:61:29: 0x10c3f4c in execute (test_sql_standards.zig)
        .insert => |insert| try command_executor.executeInsert(db, insert),
                            ^
/home/wassie/Desktop/zig database/zvdb/src/database/core.zig:193:9: 0x10c52e1 in execute (test_sql_standards.zig)
        return executor.execute(self, query);
        ^
/home/wassie/Desktop/zig database/zvdb/src/test_sql_standards.zig:130:22: 0x132e3e4 in test.SQL Standard: LEFT JOIN with empty right table (test_sql_standards.zig)
        var result = try db.execute("INSERT INTO users VALUES (1, 'Alice')");
                     ^
error: 'test_sql_standards.test.SQL Standard: JOIN with different numeric types' failed: === VALIDATION ERRORS ===
ERROR: INSERT command must specify at least one column
HINT: Try: INSERT INTO table_name (col1, col2) VALUES (val1, val2)
=========================

/home/wassie/Desktop/zig database/zvdb/src/database/executor/command_executor.zig:78:13: 0x108a293 in handleValidationResult (test_sql_standards.zig)
            return sql.SqlError.ValidationFailed;
            ^
/home/wassie/Desktop/zig database/zvdb/src/database/executor/command_executor.zig:196:9: 0x1096a39 in executeInsert (test_sql_standards.zig)
        try handleValidationResult(db, &validation_result);
        ^
/home/wassie/Desktop/zig database/zvdb/src/database/executor.zig:61:29: 0x10c3f4c in execute (test_sql_standards.zig)
        .insert => |insert| try command_executor.executeInsert(db, insert),
                            ^
/home/wassie/Desktop/zig database/zvdb/src/database/core.zig:193:9: 0x10c52e1 in execute (test_sql_standards.zig)
        return executor.execute(self, query);
        ^
/home/wassie/Desktop/zig database/zvdb/src/test_sql_standards.zig:160:22: 0x132f444 in test.SQL Standard: JOIN with different numeric types (test_sql_standards.zig)
        var result = try db.execute("INSERT INTO users VALUES (1, 'Alice')");
                     ^
error: 'test_sql_standards.test.SQL Standard: text comparison in JOINs is case-sensitive' failed: === VALIDATION ERRORS ===
ERROR: INSERT command must specify at least one column
HINT: Try: INSERT INTO table_name (col1, col2) VALUES (val1, val2)
=========================

/home/wassie/Desktop/zig database/zvdb/src/database/executor/command_executor.zig:78:13: 0x108a293 in handleValidationResult (test_sql_standards.zig)
            return sql.SqlError.ValidationFailed;
            ^
/home/wassie/Desktop/zig database/zvdb/src/database/executor/command_executor.zig:196:9: 0x1096a39 in executeInsert (test_sql_standards.zig)
        try handleValidationResult(db, &validation_result);
        ^
/home/wassie/Desktop/zig database/zvdb/src/database/executor.zig:61:29: 0x10c3f4c in execute (test_sql_standards.zig)
        .insert => |insert| try command_executor.executeInsert(db, insert),
                            ^
/home/wassie/Desktop/zig database/zvdb/src/database/core.zig:193:9: 0x10c52e1 in execute (test_sql_standards.zig)
        return executor.execute(self, query);
        ^
/home/wassie/Desktop/zig database/zvdb/src/test_sql_standards.zig:189:22: 0x132fe24 in test.SQL Standard: text comparison in JOINs is case-sensitive (test_sql_standards.zig)
        var result = try db.execute("INSERT INTO products VALUES ('ABC', 'Widget')");
                     ^
error: 'test_sql_standards.test.SQL Standard: multiple rows with same join key' failed: === VALIDATION ERRORS ===
ERROR: INSERT command must specify at least one column
HINT: Try: INSERT INTO table_name (col1, col2) VALUES (val1, val2)
=========================

/home/wassie/Desktop/zig database/zvdb/src/database/executor/command_executor.zig:78:13: 0x108a293 in handleValidationResult (test_sql_standards.zig)
            return sql.SqlError.ValidationFailed;
            ^
/home/wassie/Desktop/zig database/zvdb/src/database/executor/command_executor.zig:196:9: 0x1096a39 in executeInsert (test_sql_standards.zig)
        try handleValidationResult(db, &validation_result);
        ^
/home/wassie/Desktop/zig database/zvdb/src/database/executor.zig:61:29: 0x10c3f4c in execute (test_sql_standards.zig)
        .insert => |insert| try command_executor.executeInsert(db, insert),
                            ^
/home/wassie/Desktop/zig database/zvdb/src/database/core.zig:193:9: 0x10c52e1 in execute (test_sql_standards.zig)
        return executor.execute(self, query);
        ^
/home/wassie/Desktop/zig database/zvdb/src/test_sql_standards.zig:227:22: 0x1331494 in test.SQL Standard: multiple rows with same join key (test_sql_standards.zig)
        var result = try db.execute("INSERT INTO users VALUES (1, 'Alice')");
                     ^
error: 'test_sql_standards.test.SQL Standard: duplicate join keys on both sides' failed: === VALIDATION ERRORS ===
ERROR: INSERT command must specify at least one column
HINT: Try: INSERT INTO table_name (col1, col2) VALUES (val1, val2)
=========================

/home/wassie/Desktop/zig database/zvdb/src/database/executor/command_executor.zig:78:13: 0x108a293 in handleValidationResult (test_sql_standards.zig)
            return sql.SqlError.ValidationFailed;
            ^
/home/wassie/Desktop/zig database/zvdb/src/database/executor/command_executor.zig:196:9: 0x1096a39 in executeInsert (test_sql_standards.zig)
        try handleValidationResult(db, &validation_result);
        ^
/home/wassie/Desktop/zig database/zvdb/src/database/executor.zig:61:29: 0x10c3f4c in execute (test_sql_standards.zig)
        .insert => |insert| try command_executor.executeInsert(db, insert),
                            ^
/home/wassie/Desktop/zig database/zvdb/src/database/core.zig:193:9: 0x10c52e1 in execute (test_sql_standards.zig)
        return executor.execute(self, query);
        ^
/home/wassie/Desktop/zig database/zvdb/src/test_sql_standards.zig:270:22: 0x1332834 in test.SQL Standard: duplicate join keys on both sides (test_sql_standards.zig)
        var result = try db.execute("INSERT INTO table1 VALUES (1, 'A')");
                     ^
error: 'test_sql_standards.test.SQL Standard: JOIN result preserves data integrity' failed: === VALIDATION ERRORS ===
ERROR: INSERT command must specify at least one column
HINT: Try: INSERT INTO table_name (col1, col2) VALUES (val1, val2)
=========================

/home/wassie/Desktop/zig database/zvdb/src/database/executor/command_executor.zig:78:13: 0x108a293 in handleValidationResult (test_sql_standards.zig)
            return sql.SqlError.ValidationFailed;
            ^
/home/wassie/Desktop/zig database/zvdb/src/database/executor/command_executor.zig:196:9: 0x1096a39 in executeInsert (test_sql_standards.zig)
        try handleValidationResult(db, &validation_result);
        ^
/home/wassie/Desktop/zig database/zvdb/src/database/executor.zig:61:29: 0x10c3f4c in execute (test_sql_standards.zig)
        .insert => |insert| try command_executor.executeInsert(db, insert),
                            ^
/home/wassie/Desktop/zig database/zvdb/src/database/core.zig:193:9: 0x10c52e1 in execute (test_sql_standards.zig)
        return executor.execute(self, query);
        ^
/home/wassie/Desktop/zig database/zvdb/src/test_sql_standards.zig:311:22: 0x1333434 in test.SQL Standard: JOIN result preserves data integrity (test_sql_standards.zig)
        var result = try db.execute("INSERT INTO users VALUES (1, 'Alice')");
                     ^
error: 'test_sql_standards.test.SQL Standard: all join types return consistent column order' failed: === VALIDATION ERRORS ===
ERROR: INSERT command must specify at least one column
HINT: Try: INSERT INTO table_name (col1, col2) VALUES (val1, val2)
=========================

/home/wassie/Desktop/zig database/zvdb/src/database/executor/command_executor.zig:78:13: 0x108a293 in handleValidationResult (test_sql_standards.zig)
            return sql.SqlError.ValidationFailed;
            ^
/home/wassie/Desktop/zig database/zvdb/src/database/executor/command_executor.zig:196:9: 0x1096a39 in executeInsert (test_sql_standards.zig)
        try handleValidationResult(db, &validation_result);
        ^
/home/wassie/Desktop/zig database/zvdb/src/database/executor.zig:61:29: 0x10c3f4c in execute (test_sql_standards.zig)
        .insert => |insert| try command_executor.executeInsert(db, insert),
                            ^
/home/wassie/Desktop/zig database/zvdb/src/database/core.zig:193:9: 0x10c52e1 in execute (test_sql_standards.zig)
        return executor.execute(self, query);
        ^
/home/wassie/Desktop/zig database/zvdb/src/test_sql_standards.zig:347:22: 0x1334ba4 in test.SQL Standard: all join types return consistent column order (test_sql_standards.zig)
        var result = try db.execute("INSERT INTO users VALUES (1, 'Alice')");
                     ^
error: 'test_sql_standards.test.SQL Standard: RIGHT JOIN is symmetric to LEFT JOIN' failed: === VALIDATION ERRORS ===
ERROR: INSERT command must specify at least one column
HINT: Try: INSERT INTO table_name (col1, col2) VALUES (val1, val2)
=========================

/home/wassie/Desktop/zig database/zvdb/src/database/executor/command_executor.zig:78:13: 0x108a293 in handleValidationResult (test_sql_standards.zig)
            return sql.SqlError.ValidationFailed;
            ^
/home/wassie/Desktop/zig database/zvdb/src/database/executor/command_executor.zig:196:9: 0x1096a39 in executeInsert (test_sql_standards.zig)
        try handleValidationResult(db, &validation_result);
        ^
/home/wassie/Desktop/zig database/zvdb/src/database/executor.zig:61:29: 0x10c3f4c in execute (test_sql_standards.zig)
        .insert => |insert| try command_executor.executeInsert(db, insert),
                            ^
/home/wassie/Desktop/zig database/zvdb/src/database/core.zig:193:9: 0x10c52e1 in execute (test_sql_standards.zig)
        return executor.execute(self, query);
        ^
/home/wassie/Desktop/zig database/zvdb/src/test_sql_standards.zig:388:22: 0x1336a64 in test.SQL Standard: RIGHT JOIN is symmetric to LEFT JOIN (test_sql_standards.zig)
        var result = try db.execute("INSERT INTO users VALUES (1, 'Alice')");
                     ^
error: 'test_sql_standards.test.SQL Standard: INNER JOIN is commutative for equal tables' failed: === VALIDATION ERRORS ===
ERROR: INSERT command must specify at least one column
HINT: Try: INSERT INTO table_name (col1, col2) VALUES (val1, val2)
=========================

/home/wassie/Desktop/zig database/zvdb/src/database/executor/command_executor.zig:78:13: 0x108a293 in handleValidationResult (test_sql_standards.zig)
            return sql.SqlError.ValidationFailed;
            ^
/home/wassie/Desktop/zig database/zvdb/src/database/executor/command_executor.zig:196:9: 0x1096a39 in executeInsert (test_sql_standards.zig)
        try handleValidationResult(db, &validation_result);
        ^
/home/wassie/Desktop/zig database/zvdb/src/database/executor.zig:61:29: 0x10c3f4c in execute (test_sql_standards.zig)
        .insert => |insert| try command_executor.executeInsert(db, insert),
                            ^
/home/wassie/Desktop/zig database/zvdb/src/database/core.zig:193:9: 0x10c52e1 in execute (test_sql_standards.zig)
        return executor.execute(self, query);
        ^
/home/wassie/Desktop/zig database/zvdb/src/test_sql_standards.zig:447:22: 0x1337ea4 in test.SQL Standard: INNER JOIN is commutative for equal tables (test_sql_standards.zig)
        var result = try db.execute("INSERT INTO users VALUES (1, 'Alice')");
                     ^
error: 'test_sql_standards.test.SQL Standard: INNER JOIN produces Cartesian product of matches' failed: === VALIDATION ERRORS ===
ERROR: INSERT command must specify at least one column
HINT: Try: INSERT INTO table_name (col1, col2) VALUES (val1, val2)
=========================

/home/wassie/Desktop/zig database/zvdb/src/database/executor/command_executor.zig:78:13: 0x108a293 in handleValidationResult (test_sql_standards.zig)
            return sql.SqlError.ValidationFailed;
            ^
/home/wassie/Desktop/zig database/zvdb/src/database/executor/command_executor.zig:196:9: 0x1096a39 in executeInsert (test_sql_standards.zig)
        try handleValidationResult(db, &validation_result);
        ^
/home/wassie/Desktop/zig database/zvdb/src/database/executor.zig:61:29: 0x10c3f4c in execute (test_sql_standards.zig)
        .insert => |insert| try command_executor.executeInsert(db, insert),
                            ^
/home/wassie/Desktop/zig database/zvdb/src/database/core.zig:193:9: 0x10c52e1 in execute (test_sql_standards.zig)
        return executor.execute(self, query);
        ^
/home/wassie/Desktop/zig database/zvdb/src/test_sql_standards.zig:490:22: 0x1338b64 in test.SQL Standard: INNER JOIN produces Cartesian product of matches (test_sql_standards.zig)
        var result = try db.execute("INSERT INTO A VALUES (1, 'X')");
                     ^
error: 'test_sql_standards.test.SQL Standard: qualified column names prevent ambiguity' failed: === VALIDATION ERRORS ===
ERROR: INSERT command must specify at least one column
HINT: Try: INSERT INTO table_name (col1, col2) VALUES (val1, val2)
=========================

/home/wassie/Desktop/zig database/zvdb/src/database/executor/command_executor.zig:78:13: 0x108a293 in handleValidationResult (test_sql_standards.zig)
            return sql.SqlError.ValidationFailed;
            ^
/home/wassie/Desktop/zig database/zvdb/src/database/executor/command_executor.zig:196:9: 0x1096a39 in executeInsert (test_sql_standards.zig)
        try handleValidationResult(db, &validation_result);
        ^
/home/wassie/Desktop/zig database/zvdb/src/database/executor.zig:61:29: 0x10c3f4c in execute (test_sql_standards.zig)
        .insert => |insert| try command_executor.executeInsert(db, insert),
                            ^
/home/wassie/Desktop/zig database/zvdb/src/database/core.zig:193:9: 0x10c52e1 in execute (test_sql_standards.zig)
        return executor.execute(self, query);
        ^
/home/wassie/Desktop/zig database/zvdb/src/test_sql_standards.zig:536:22: 0x13398b4 in test.SQL Standard: qualified column names prevent ambiguity (test_sql_standards.zig)
        var result = try db.execute("INSERT INTO users VALUES (1, 'Alice')");
                     ^
error: 'test_sql_standards.test.SQL Standard: SELECT * includes all columns from both tables' failed: === VALIDATION ERRORS ===
ERROR: INSERT command must specify at least one column
HINT: Try: INSERT INTO table_name (col1, col2) VALUES (val1, val2)
=========================

/home/wassie/Desktop/zig database/zvdb/src/database/executor/command_executor.zig:78:13: 0x108a293 in handleValidationResult (test_sql_standards.zig)
            return sql.SqlError.ValidationFailed;
            ^
/home/wassie/Desktop/zig database/zvdb/src/database/executor/command_executor.zig:196:9: 0x1096a39 in executeInsert (test_sql_standards.zig)
        try handleValidationResult(db, &validation_result);
        ^
/home/wassie/Desktop/zig database/zvdb/src/database/executor.zig:61:29: 0x10c3f4c in execute (test_sql_standards.zig)
        .insert => |insert| try command_executor.executeInsert(db, insert),
                            ^
/home/wassie/Desktop/zig database/zvdb/src/database/core.zig:193:9: 0x10c52e1 in execute (test_sql_standards.zig)
        return executor.execute(self, query);
        ^
/home/wassie/Desktop/zig database/zvdb/src/test_sql_standards.zig:567:22: 0x133aa34 in test.SQL Standard: SELECT * includes all columns from both tables (test_sql_standards.zig)
        var result = try db.execute("INSERT INTO users VALUES (1, 'Alice', 25)");
                     ^
error: 'test_sql_standards.test.SQL Standard: JOIN with boolean columns' failed: === VALIDATION ERRORS ===
ERROR: INSERT command must specify at least one column
HINT: Try: INSERT INTO table_name (col1, col2) VALUES (val1, val2)
=========================

/home/wassie/Desktop/zig database/zvdb/src/database/executor/command_executor.zig:78:13: 0x108a293 in handleValidationResult (test_sql_standards.zig)
            return sql.SqlError.ValidationFailed;
            ^
/home/wassie/Desktop/zig database/zvdb/src/database/executor/command_executor.zig:196:9: 0x1096a39 in executeInsert (test_sql_standards.zig)
        try handleValidationResult(db, &validation_result);
        ^
/home/wassie/Desktop/zig database/zvdb/src/database/executor.zig:61:29: 0x10c3f4c in execute (test_sql_standards.zig)
        .insert => |insert| try command_executor.executeInsert(db, insert),
                            ^
/home/wassie/Desktop/zig database/zvdb/src/database/core.zig:193:9: 0x10c52e1 in execute (test_sql_standards.zig)
        return executor.execute(self, query);
        ^
/home/wassie/Desktop/zig database/zvdb/src/test_sql_standards.zig:602:22: 0x133b8d4 in test.SQL Standard: JOIN with boolean columns (test_sql_standards.zig)
        var result = try db.execute("INSERT INTO users VALUES (1, true)");
                     ^
error: 'test_sql_standards.test.SQL Standard: LEFT JOIN with all matches behaves like INNER JOIN' failed: === VALIDATION ERRORS ===
ERROR: INSERT command must specify at least one column
HINT: Try: INSERT INTO table_name (col1, col2) VALUES (val1, val2)
=========================

/home/wassie/Desktop/zig database/zvdb/src/database/executor/command_executor.zig:78:13: 0x108a293 in handleValidationResult (test_sql_standards.zig)
            return sql.SqlError.ValidationFailed;
            ^
/home/wassie/Desktop/zig database/zvdb/src/database/executor/command_executor.zig:196:9: 0x1096a39 in executeInsert (test_sql_standards.zig)
        try handleValidationResult(db, &validation_result);
        ^
/home/wassie/Desktop/zig database/zvdb/src/database/executor.zig:61:29: 0x10c3f4c in execute (test_sql_standards.zig)
        .insert => |insert| try command_executor.executeInsert(db, insert),
                            ^
/home/wassie/Desktop/zig database/zvdb/src/database/core.zig:193:9: 0x10c52e1 in execute (test_sql_standards.zig)
        return executor.execute(self, query);
        ^
/home/wassie/Desktop/zig database/zvdb/src/test_sql_standards.zig:641:22: 0x133cb84 in test.SQL Standard: LEFT JOIN with all matches behaves like INNER JOIN (test_sql_standards.zig)
        var result = try db.execute("INSERT INTO users VALUES (1, 'Alice')");
                     ^
error: 'test_sql_standards.test.SQL Standard: zero matching rows in INNER JOIN returns empty set' failed: === VALIDATION ERRORS ===
ERROR: INSERT command must specify at least one column
HINT: Try: INSERT INTO table_name (col1, col2) VALUES (val1, val2)
=========================

/home/wassie/Desktop/zig database/zvdb/src/database/executor/command_executor.zig:78:13: 0x108a293 in handleValidationResult (test_sql_standards.zig)
            return sql.SqlError.ValidationFailed;
            ^
/home/wassie/Desktop/zig database/zvdb/src/database/executor/command_executor.zig:196:9: 0x1096a39 in executeInsert (test_sql_standards.zig)
        try handleValidationResult(db, &validation_result);
        ^
/home/wassie/Desktop/zig database/zvdb/src/database/executor.zig:61:29: 0x10c3f4c in execute (test_sql_standards.zig)
        .insert => |insert| try command_executor.executeInsert(db, insert),
                            ^
/home/wassie/Desktop/zig database/zvdb/src/database/core.zig:193:9: 0x10c52e1 in execute (test_sql_standards.zig)
        return executor.execute(self, query);
        ^
/home/wassie/Desktop/zig database/zvdb/src/test_sql_standards.zig:691:22: 0x133dbe4 in test.SQL Standard: zero matching rows in INNER JOIN returns empty set (test_sql_standards.zig)
        var result = try db.execute("INSERT INTO users VALUES (1, 'Alice')");
                     ^
error: 'test_sql_standards.test.SQL Standard: JOIN preserves row ordering within result set' failed: === VALIDATION ERRORS ===
ERROR: INSERT command must specify at least one column
HINT: Try: INSERT INTO table_name (col1, col2) VALUES (val1, val2)
=========================

/home/wassie/Desktop/zig database/zvdb/src/database/executor/command_executor.zig:78:13: 0x108a293 in handleValidationResult (test_sql_standards.zig)
            return sql.SqlError.ValidationFailed;
            ^
/home/wassie/Desktop/zig database/zvdb/src/database/executor/command_executor.zig:196:9: 0x1096a39 in executeInsert (test_sql_standards.zig)
        try handleValidationResult(db, &validation_result);
        ^
/home/wassie/Desktop/zig database/zvdb/src/database/executor.zig:61:29: 0x10c3f4c in execute (test_sql_standards.zig)
        .insert => |insert| try command_executor.executeInsert(db, insert),
                            ^
/home/wassie/Desktop/zig database/zvdb/src/database/core.zig:193:9: 0x10c52e1 in execute (test_sql_standards.zig)
        return executor.execute(self, query);
        ^
/home/wassie/Desktop/zig database/zvdb/src/test_sql_standards.zig:728:22: 0x133e7e4 in test.SQL Standard: JOIN preserves row ordering within result set (test_sql_standards.zig)
        var result = try db.execute("INSERT INTO users VALUES (1, 'Alice')");
                     ^
error: 'database.validator.test.levenshteinDistance: multiple differences' failed: expected 2, found 1
/usr/lib/zig/std/testing.zig:110:17: 0x10c5379 in expectEqualInner__anon_5990 (std.zig)
                return error.TestExpectedEqual;
                ^
/home/wassie/Desktop/zig database/zvdb/src/database/validator.zig:1321:5: 0x14074ac in test.levenshteinDistance: multiple differences (test_sql_standards.zig)
    try testing.expectEqual(@as(usize, 2), levenshteinDistance("user_name", "username")); // underscore removed
    ^
error: 'database.validator.test.levenshteinDistance: typos' failed: expected 1, found 2
/usr/lib/zig/std/testing.zig:110:17: 0x10c5379 in expectEqualInner__anon_5990 (std.zig)
                return error.TestExpectedEqual;
                ^
/home/wassie/Desktop/zig database/zvdb/src/database/validator.zig:1325:5: 0x140757c in test.levenshteinDistance: typos (test_sql_standards.zig)
    try testing.expectEqual(@as(usize, 1), levenshteinDistance("name", "nmae")); // transposition (counted as 2 in basic LD)
    ^
error: while executing test 'database.column_matching.test.findColumnIndex: not found', the following test command failed:
./.zig-cache/o/07f574ce2997d493a36abe57d5424f78/test --cache-dir=./.zig-cache --seed=0x3dbf8d2d --listen=-
test
+- run test 100/113 passed, 13 failed
error: 'test_multi_table_joins.test.3-table INNER JOIN: basic e-commerce pattern' failed: === VALIDATION ERRORS ===
ERROR: INSERT command must specify at least one column
HINT: Try: INSERT INTO table_name (col1, col2) VALUES (val1, val2)
=========================

/home/wassie/Desktop/zig database/zvdb/src/database/executor/command_executor.zig:78:13: 0x108a293 in handleValidationResult (test_multi_table_joins.zig)
            return sql.SqlError.ValidationFailed;
            ^
/home/wassie/Desktop/zig database/zvdb/src/database/executor/command_executor.zig:196:9: 0x1096a39 in executeInsert (test_multi_table_joins.zig)
        try handleValidationResult(db, &validation_result);
        ^
/home/wassie/Desktop/zig database/zvdb/src/database/executor.zig:61:29: 0x10c3f4c in execute (test_multi_table_joins.zig)
        .insert => |insert| try command_executor.executeInsert(db, insert),
                            ^
/home/wassie/Desktop/zig database/zvdb/src/database/core.zig:193:9: 0x10c52e1 in execute (test_multi_table_joins.zig)
        return executor.execute(self, query);
        ^
/home/wassie/Desktop/zig database/zvdb/src/test_multi_table_joins.zig:21:22: 0x10c567b in test.3-table INNER JOIN: basic e-commerce pattern (test_multi_table_joins.zig)
        var result = try db.execute("INSERT INTO users VALUES (1, 'Alice', 'alice@example.com')");
                     ^
error: 'test_multi_table_joins.test.3-table INNER JOIN: SELECT * with all columns' failed: === VALIDATION ERRORS ===
ERROR: INSERT command must specify at least one column
HINT: Try: INSERT INTO table_name (col1, col2) VALUES (val1, val2)
=========================

/home/wassie/Desktop/zig database/zvdb/src/database/executor/command_executor.zig:78:13: 0x108a293 in handleValidationResult (test_multi_table_joins.zig)
            return sql.SqlError.ValidationFailed;
            ^
/home/wassie/Desktop/zig database/zvdb/src/database/executor/command_executor.zig:196:9: 0x1096a39 in executeInsert (test_multi_table_joins.zig)
        try handleValidationResult(db, &validation_result);
        ^
/home/wassie/Desktop/zig database/zvdb/src/database/executor.zig:61:29: 0x10c3f4c in execute (test_multi_table_joins.zig)
        .insert => |insert| try command_executor.executeInsert(db, insert),
                            ^
/home/wassie/Desktop/zig database/zvdb/src/database/core.zig:193:9: 0x10c52e1 in execute (test_multi_table_joins.zig)
        return executor.execute(self, query);
        ^
/home/wassie/Desktop/zig database/zvdb/src/test_multi_table_joins.zig:128:22: 0x132ff53 in test.3-table INNER JOIN: SELECT * with all columns (test_multi_table_joins.zig)
        var result = try db.execute("INSERT INTO users VALUES (1, 'Alice')");
                     ^
error: 'test_multi_table_joins.test.3-table LEFT JOIN: propagates NULLs through chain' failed: === VALIDATION ERRORS ===
ERROR: INSERT command must specify at least one column
HINT: Try: INSERT INTO table_name (col1, col2) VALUES (val1, val2)
=========================

/home/wassie/Desktop/zig database/zvdb/src/database/executor/command_executor.zig:78:13: 0x108a293 in handleValidationResult (test_multi_table_joins.zig)
            return sql.SqlError.ValidationFailed;
            ^
/home/wassie/Desktop/zig database/zvdb/src/database/executor/command_executor.zig:196:9: 0x1096a39 in executeInsert (test_multi_table_joins.zig)
        try handleValidationResult(db, &validation_result);
        ^
/home/wassie/Desktop/zig database/zvdb/src/database/executor.zig:61:29: 0x10c3f4c in execute (test_multi_table_joins.zig)
        .insert => |insert| try command_executor.executeInsert(db, insert),
                            ^
/home/wassie/Desktop/zig database/zvdb/src/database/core.zig:193:9: 0x10c52e1 in execute (test_multi_table_joins.zig)
        return executor.execute(self, query);
        ^
/home/wassie/Desktop/zig database/zvdb/src/test_multi_table_joins.zig:174:22: 0x13322bb in test.3-table LEFT JOIN: propagates NULLs through chain (test_multi_table_joins.zig)
        var result = try db.execute("INSERT INTO users VALUES (1, 'Alice')");
                     ^
error: 'test_multi_table_joins.test.3-table RIGHT JOIN: unmatched rows from rightmost table' failed: === VALIDATION ERRORS ===
ERROR: INSERT command must specify at least one column
HINT: Try: INSERT INTO table_name (col1, col2) VALUES (val1, val2)
=========================

/home/wassie/Desktop/zig database/zvdb/src/database/executor/command_executor.zig:78:13: 0x108a293 in handleValidationResult (test_multi_table_joins.zig)
            return sql.SqlError.ValidationFailed;
            ^
/home/wassie/Desktop/zig database/zvdb/src/database/executor/command_executor.zig:196:9: 0x1096a39 in executeInsert (test_multi_table_joins.zig)
        try handleValidationResult(db, &validation_result);
        ^
/home/wassie/Desktop/zig database/zvdb/src/database/executor.zig:61:29: 0x10c3f4c in execute (test_multi_table_joins.zig)
        .insert => |insert| try command_executor.executeInsert(db, insert),
                            ^
/home/wassie/Desktop/zig database/zvdb/src/database/core.zig:193:9: 0x10c52e1 in execute (test_multi_table_joins.zig)
        return executor.execute(self, query);
        ^
/home/wassie/Desktop/zig database/zvdb/src/test_multi_table_joins.zig:263:22: 0x1334884 in test.3-table RIGHT JOIN: unmatched rows from rightmost table (test_multi_table_joins.zig)
        var result = try db.execute("INSERT INTO users VALUES (1, 'Alice')");
                     ^
error: 'test_multi_table_joins.test.3-table JOIN: empty middle table breaks chain' failed: === VALIDATION ERRORS ===
ERROR: INSERT command must specify at least one column
HINT: Try: INSERT INTO table_name (col1, col2) VALUES (val1, val2)
=========================

/home/wassie/Desktop/zig database/zvdb/src/database/executor/command_executor.zig:78:13: 0x108a293 in handleValidationResult (test_multi_table_joins.zig)
            return sql.SqlError.ValidationFailed;
            ^
/home/wassie/Desktop/zig database/zvdb/src/database/executor/command_executor.zig:196:9: 0x1096a39 in executeInsert (test_multi_table_joins.zig)
        try handleValidationResult(db, &validation_result);
        ^
/home/wassie/Desktop/zig database/zvdb/src/database/executor.zig:61:29: 0x10c3f4c in execute (test_multi_table_joins.zig)
        .insert => |insert| try command_executor.executeInsert(db, insert),
                            ^
/home/wassie/Desktop/zig database/zvdb/src/database/core.zig:193:9: 0x10c52e1 in execute (test_multi_table_joins.zig)
        return executor.execute(self, query);
        ^
/home/wassie/Desktop/zig database/zvdb/src/test_multi_table_joins.zig:353:22: 0x13364cc in test.3-table JOIN: empty middle table breaks chain (test_multi_table_joins.zig)
        var result = try db.execute("INSERT INTO users VALUES (1, 'Alice')");
                     ^
error: 'test_multi_table_joins.test.3-table JOIN: NULL join keys don't match' failed: === VALIDATION ERRORS ===
ERROR: INSERT command must specify at least one column
HINT: Try: INSERT INTO table_name (col1, col2) VALUES (val1, val2)
=========================

/home/wassie/Desktop/zig database/zvdb/src/database/executor/command_executor.zig:78:13: 0x108a293 in handleValidationResult (test_multi_table_joins.zig)
            return sql.SqlError.ValidationFailed;
            ^
/home/wassie/Desktop/zig database/zvdb/src/database/executor/command_executor.zig:196:9: 0x1096a39 in executeInsert (test_multi_table_joins.zig)
        try handleValidationResult(db, &validation_result);
        ^
/home/wassie/Desktop/zig database/zvdb/src/database/executor.zig:61:29: 0x10c3f4c in execute (test_multi_table_joins.zig)
        .insert => |insert| try command_executor.executeInsert(db, insert),
                            ^
/home/wassie/Desktop/zig database/zvdb/src/database/core.zig:193:9: 0x10c52e1 in execute (test_multi_table_joins.zig)
        return executor.execute(self, query);
        ^
/home/wassie/Desktop/zig database/zvdb/src/test_multi_table_joins.zig:424:22: 0x1337adc in test.3-table JOIN: NULL join keys don't match (test_multi_table_joins.zig)
        var result = try db.execute("INSERT INTO users VALUES (1, 'Alice')");
                     ^
error: 'test_multi_table_joins.test.4-table INNER JOIN: scalability check' failed: === VALIDATION ERRORS ===
ERROR: INSERT command must specify at least one column
HINT: Try: INSERT INTO table_name (col1, col2) VALUES (val1, val2)
=========================

/home/wassie/Desktop/zig database/zvdb/src/database/executor/command_executor.zig:78:13: 0x108a293 in handleValidationResult (test_multi_table_joins.zig)
            return sql.SqlError.ValidationFailed;
            ^
/home/wassie/Desktop/zig database/zvdb/src/database/executor/command_executor.zig:196:9: 0x1096a39 in executeInsert (test_multi_table_joins.zig)
        try handleValidationResult(db, &validation_result);
        ^
/home/wassie/Desktop/zig database/zvdb/src/database/executor.zig:61:29: 0x10c3f4c in execute (test_multi_table_joins.zig)
        .insert => |insert| try command_executor.executeInsert(db, insert),
                            ^
/home/wassie/Desktop/zig database/zvdb/src/database/core.zig:193:9: 0x10c52e1 in execute (test_multi_table_joins.zig)
        return executor.execute(self, query);
        ^
/home/wassie/Desktop/zig database/zvdb/src/test_multi_table_joins.zig:481:22: 0x13387df in test.4-table INNER JOIN: scalability check (test_multi_table_joins.zig)
        var result = try db.execute("INSERT INTO users VALUES (1, 'Alice')");
                     ^
error: 'test_multi_table_joins.test.5-table INNER JOIN: extended chain' failed: === VALIDATION ERRORS ===
ERROR: INSERT command must specify at least one column
HINT: Try: INSERT INTO table_name (col1, col2) VALUES (val1, val2)
=========================

/home/wassie/Desktop/zig database/zvdb/src/database/executor/command_executor.zig:78:13: 0x108a293 in handleValidationResult (test_multi_table_joins.zig)
            return sql.SqlError.ValidationFailed;
            ^
/home/wassie/Desktop/zig database/zvdb/src/database/executor/command_executor.zig:196:9: 0x1096a39 in executeInsert (test_multi_table_joins.zig)
        try handleValidationResult(db, &validation_result);
        ^
/home/wassie/Desktop/zig database/zvdb/src/database/executor.zig:61:29: 0x10c3f4c in execute (test_multi_table_joins.zig)
        .insert => |insert| try command_executor.executeInsert(db, insert),
                            ^
/home/wassie/Desktop/zig database/zvdb/src/database/core.zig:193:9: 0x10c52e1 in execute (test_multi_table_joins.zig)
        return executor.execute(self, query);
        ^
/home/wassie/Desktop/zig database/zvdb/src/test_multi_table_joins.zig:561:22: 0x133a8db in test.5-table INNER JOIN: extended chain (test_multi_table_joins.zig)
        var result = try db.execute("INSERT INTO users VALUES (1, 'Alice')");
                     ^
error: 'test_multi_table_joins.test.3-table mixed JOIN: INNER + LEFT combination' failed: === VALIDATION ERRORS ===
ERROR: INSERT command must specify at least one column
HINT: Try: INSERT INTO table_name (col1, col2) VALUES (val1, val2)
=========================

/home/wassie/Desktop/zig database/zvdb/src/database/executor/command_executor.zig:78:13: 0x108a293 in handleValidationResult (test_multi_table_joins.zig)
            return sql.SqlError.ValidationFailed;
            ^
/home/wassie/Desktop/zig database/zvdb/src/database/executor/command_executor.zig:196:9: 0x1096a39 in executeInsert (test_multi_table_joins.zig)
        try handleValidationResult(db, &validation_result);
        ^
/home/wassie/Desktop/zig database/zvdb/src/database/executor.zig:61:29: 0x10c3f4c in execute (test_multi_table_joins.zig)
        .insert => |insert| try command_executor.executeInsert(db, insert),
                            ^
/home/wassie/Desktop/zig database/zvdb/src/database/core.zig:193:9: 0x10c52e1 in execute (test_multi_table_joins.zig)
        return executor.execute(self, query);
        ^
/home/wassie/Desktop/zig database/zvdb/src/test_multi_table_joins.zig:624:22: 0x133c11c in test.3-table mixed JOIN: INNER + LEFT combination (test_multi_table_joins.zig)
        var result = try db.execute("INSERT INTO departments VALUES (1, 'Engineering')");
                     ^
error: 'test_multi_table_joins.test.3-table JOIN with WHERE clause: filter on base table' failed: === VALIDATION ERRORS ===
ERROR: INSERT command must specify at least one column
HINT: Try: INSERT INTO table_name (col1, col2) VALUES (val1, val2)
=========================

/home/wassie/Desktop/zig database/zvdb/src/database/executor/command_executor.zig:78:13: 0x108a293 in handleValidationResult (test_multi_table_joins.zig)
            return sql.SqlError.ValidationFailed;
            ^
/home/wassie/Desktop/zig database/zvdb/src/database/executor/command_executor.zig:196:9: 0x1096a39 in executeInsert (test_multi_table_joins.zig)
        try handleValidationResult(db, &validation_result);
        ^
/home/wassie/Desktop/zig database/zvdb/src/database/executor.zig:61:29: 0x10c3f4c in execute (test_multi_table_joins.zig)
        .insert => |insert| try command_executor.executeInsert(db, insert),
                            ^
/home/wassie/Desktop/zig database/zvdb/src/database/core.zig:193:9: 0x10c52e1 in execute (test_multi_table_joins.zig)
        return executor.execute(self, query);
        ^
/home/wassie/Desktop/zig database/zvdb/src/test_multi_table_joins.zig:693:22: 0x133d3ac in test.3-table JOIN with WHERE clause: filter on base table (test_multi_table_joins.zig)
        var result = try db.execute("INSERT INTO users VALUES (1, 'Alice', 30)");
                     ^
error: 'test_multi_table_joins.test.3-table JOIN with WHERE clause: filter on joined table' failed: === VALIDATION ERRORS ===
ERROR: INSERT command must specify at least one column
HINT: Try: INSERT INTO table_name (col1, col2) VALUES (val1, val2)
=========================

/home/wassie/Desktop/zig database/zvdb/src/database/executor/command_executor.zig:78:13: 0x108a293 in handleValidationResult (test_multi_table_joins.zig)
            return sql.SqlError.ValidationFailed;
            ^
/home/wassie/Desktop/zig database/zvdb/src/database/executor/command_executor.zig:196:9: 0x1096a39 in executeInsert (test_multi_table_joins.zig)
        try handleValidationResult(db, &validation_result);
        ^
/home/wassie/Desktop/zig database/zvdb/src/database/executor.zig:61:29: 0x10c3f4c in execute (test_multi_table_joins.zig)
        .insert => |insert| try command_executor.executeInsert(db, insert),
                            ^
/home/wassie/Desktop/zig database/zvdb/src/database/core.zig:193:9: 0x10c52e1 in execute (test_multi_table_joins.zig)
        return executor.execute(self, query);
        ^
/home/wassie/Desktop/zig database/zvdb/src/test_multi_table_joins.zig:752:22: 0x133e80c in test.3-table JOIN with WHERE clause: filter on joined table (test_multi_table_joins.zig)
        var result = try db.execute("INSERT INTO users VALUES (1, 'Alice')");
                     ^
error: 'database.validator.test.levenshteinDistance: multiple differences' failed: expected 2, found 1
/usr/lib/zig/std/testing.zig:110:17: 0x10c5379 in expectEqualInner__anon_6025 (std.zig)
                return error.TestExpectedEqual;
                ^
/home/wassie/Desktop/zig database/zvdb/src/database/validator.zig:1321:5: 0x1406e5c in test.levenshteinDistance: multiple differences (test_multi_table_joins.zig)
    try testing.expectEqual(@as(usize, 2), levenshteinDistance("user_name", "username")); // underscore removed
    ^
error: 'database.validator.test.levenshteinDistance: typos' failed: expected 1, found 2
/usr/lib/zig/std/testing.zig:110:17: 0x10c5379 in expectEqualInner__anon_6025 (std.zig)
                return error.TestExpectedEqual;
                ^
/home/wassie/Desktop/zig database/zvdb/src/database/validator.zig:1325:5: 0x1406f2c in test.levenshteinDistance: typos (test_multi_table_joins.zig)
    try testing.expectEqual(@as(usize, 1), levenshteinDistance("name", "nmae")); // transposition (counted as 2 in basic LD)
    ^
error: while executing test 'database.column_matching.test.findColumnIndex: not found', the following test command failed:
./.zig-cache/o/bd6d0d38d8a28a837521cf8eb1ecd809/test --cache-dir=./.zig-cache --seed=0x3dbf8d2d --listen=-
test
+- run test 106/117 passed, 11 failed
error: 'test_transactions.test.basic transaction commit' failed: === VALIDATION ERRORS ===
ERROR: INSERT command must specify at least one column
HINT: Try: INSERT INTO table_name (col1, col2) VALUES (val1, val2)
=========================

/home/wassie/Desktop/zig database/zvdb/src/database/executor/command_executor.zig:78:13: 0x10b0293 in handleValidationResult (test_transactions.zig)
            return sql.SqlError.ValidationFailed;
            ^
/home/wassie/Desktop/zig database/zvdb/src/database/executor/command_executor.zig:196:9: 0x10bca39 in executeInsert (test_transactions.zig)
        try handleValidationResult(db, &validation_result);
        ^
/home/wassie/Desktop/zig database/zvdb/src/database/executor.zig:61:29: 0x10e9f4c in execute (test_transactions.zig)
        .insert => |insert| try command_executor.executeInsert(db, insert),
                            ^
/home/wassie/Desktop/zig database/zvdb/src/database/core.zig:193:9: 0x10eb2e1 in execute (test_transactions.zig)
        return executor.execute(self, query);
        ^
/home/wassie/Desktop/zig database/zvdb/src/test_transactions.zig:27:19: 0x10eb752 in test.basic transaction commit (test_transactions.zig)
    var result3 = try db.execute("INSERT INTO users VALUES (1, \"Alice\", 25)");
                  ^
error: 'test_transactions.test.basic transaction rollback' failed: === VALIDATION ERRORS ===
ERROR: INSERT command must specify at least one column
HINT: Try: INSERT INTO table_name (col1, col2) VALUES (val1, val2)
=========================

/home/wassie/Desktop/zig database/zvdb/src/database/executor/command_executor.zig:78:13: 0x10b0293 in handleValidationResult (test_transactions.zig)
            return sql.SqlError.ValidationFailed;
            ^
/home/wassie/Desktop/zig database/zvdb/src/database/executor/command_executor.zig:196:9: 0x10bca39 in executeInsert (test_transactions.zig)
        try handleValidationResult(db, &validation_result);
        ^
/home/wassie/Desktop/zig database/zvdb/src/database/executor.zig:61:29: 0x10e9f4c in execute (test_transactions.zig)
        .insert => |insert| try command_executor.executeInsert(db, insert),
                            ^
/home/wassie/Desktop/zig database/zvdb/src/database/core.zig:193:9: 0x10eb2e1 in execute (test_transactions.zig)
        return executor.execute(self, query);
        ^
/home/wassie/Desktop/zig database/zvdb/src/test_transactions.zig:56:19: 0x13548d9 in test.basic transaction rollback (test_transactions.zig)
    var result2 = try db.execute("INSERT INTO users VALUES (1, \"Alice\", 25)");
                  ^
error: 'test_transactions.test.transaction rollback undo insert' failed: === VALIDATION ERRORS ===
ERROR: INSERT command must specify at least one column
HINT: Try: INSERT INTO table_name (col1, col2) VALUES (val1, val2)
=========================

/home/wassie/Desktop/zig database/zvdb/src/database/executor/command_executor.zig:78:13: 0x10b0293 in handleValidationResult (test_transactions.zig)
            return sql.SqlError.ValidationFailed;
            ^
/home/wassie/Desktop/zig database/zvdb/src/database/executor/command_executor.zig:196:9: 0x10bca39 in executeInsert (test_transactions.zig)
        try handleValidationResult(db, &validation_result);
        ^
/home/wassie/Desktop/zig database/zvdb/src/database/executor.zig:61:29: 0x10e9f4c in execute (test_transactions.zig)
        .insert => |insert| try command_executor.executeInsert(db, insert),
                            ^
/home/wassie/Desktop/zig database/zvdb/src/database/core.zig:193:9: 0x10eb2e1 in execute (test_transactions.zig)
        return executor.execute(self, query);
        ^
/home/wassie/Desktop/zig database/zvdb/src/test_transactions.zig:97:19: 0x1355902 in test.transaction rollback undo insert (test_transactions.zig)
    var result3 = try db.execute("INSERT INTO users VALUES (1, \"Alice\")");
                  ^
error: 'test_transactions.test.transaction rollback undo delete' failed: === VALIDATION ERRORS ===
ERROR: INSERT command must specify at least one column
HINT: Try: INSERT INTO table_name (col1, col2) VALUES (val1, val2)
=========================

/home/wassie/Desktop/zig database/zvdb/src/database/executor/command_executor.zig:78:13: 0x10b0293 in handleValidationResult (test_transactions.zig)
            return sql.SqlError.ValidationFailed;
            ^
/home/wassie/Desktop/zig database/zvdb/src/database/executor/command_executor.zig:196:9: 0x10bca39 in executeInsert (test_transactions.zig)
        try handleValidationResult(db, &validation_result);
        ^
/home/wassie/Desktop/zig database/zvdb/src/database/executor.zig:61:29: 0x10e9f4c in execute (test_transactions.zig)
        .insert => |insert| try command_executor.executeInsert(db, insert),
                            ^
/home/wassie/Desktop/zig database/zvdb/src/database/core.zig:193:9: 0x10eb2e1 in execute (test_transactions.zig)
        return executor.execute(self, query);
        ^
/home/wassie/Desktop/zig database/zvdb/src/test_transactions.zig:126:19: 0x1356519 in test.transaction rollback undo delete (test_transactions.zig)
    var result2 = try db.execute("INSERT INTO users VALUES (1, \"Alice\", 25)");
                  ^
error: 'test_transactions.test.transaction rollback undo update' failed: === VALIDATION ERRORS ===
ERROR: INSERT command must specify at least one column
HINT: Try: INSERT INTO table_name (col1, col2) VALUES (val1, val2)
=========================

/home/wassie/Desktop/zig database/zvdb/src/database/executor/command_executor.zig:78:13: 0x10b0293 in handleValidationResult (test_transactions.zig)
            return sql.SqlError.ValidationFailed;
            ^
/home/wassie/Desktop/zig database/zvdb/src/database/executor/command_executor.zig:196:9: 0x10bca39 in executeInsert (test_transactions.zig)
        try handleValidationResult(db, &validation_result);
        ^
/home/wassie/Desktop/zig database/zvdb/src/database/executor.zig:61:29: 0x10e9f4c in execute (test_transactions.zig)
        .insert => |insert| try command_executor.executeInsert(db, insert),
                            ^
/home/wassie/Desktop/zig database/zvdb/src/database/core.zig:193:9: 0x10eb2e1 in execute (test_transactions.zig)
        return executor.execute(self, query);
        ^
/home/wassie/Desktop/zig database/zvdb/src/test_transactions.zig:162:19: 0x13574a9 in test.transaction rollback undo update (test_transactions.zig)
    var result2 = try db.execute("INSERT INTO users VALUES (1, \"Alice\", 25)");
                  ^
error: 'test_transactions.test.transaction with multiple operations' failed: === VALIDATION ERRORS ===
ERROR: INSERT command must specify at least one column
HINT: Try: INSERT INTO table_name (col1, col2) VALUES (val1, val2)
=========================

/home/wassie/Desktop/zig database/zvdb/src/database/executor/command_executor.zig:78:13: 0x10b0293 in handleValidationResult (test_transactions.zig)
            return sql.SqlError.ValidationFailed;
            ^
/home/wassie/Desktop/zig database/zvdb/src/database/executor/command_executor.zig:196:9: 0x10bca39 in executeInsert (test_transactions.zig)
        try handleValidationResult(db, &validation_result);
        ^
/home/wassie/Desktop/zig database/zvdb/src/database/executor.zig:61:29: 0x10e9f4c in execute (test_transactions.zig)
        .insert => |insert| try command_executor.executeInsert(db, insert),
                            ^
/home/wassie/Desktop/zig database/zvdb/src/database/core.zig:193:9: 0x10eb2e1 in execute (test_transactions.zig)
        return executor.execute(self, query);
        ^
/home/wassie/Desktop/zig database/zvdb/src/test_transactions.zig:201:19: 0x1358e30 in test.transaction with multiple operations (test_transactions.zig)
    var result2 = try db.execute("INSERT INTO users VALUES (1, \"Alice\", 25)");
                  ^
error: 'test_transactions.test.transaction commit after multiple operations' failed: === VALIDATION ERRORS ===
ERROR: INSERT command must specify at least one column
HINT: Try: INSERT INTO table_name (col1, col2) VALUES (val1, val2)
=========================

/home/wassie/Desktop/zig database/zvdb/src/database/executor/command_executor.zig:78:13: 0x10b0293 in handleValidationResult (test_transactions.zig)
            return sql.SqlError.ValidationFailed;
            ^
/home/wassie/Desktop/zig database/zvdb/src/database/executor/command_executor.zig:196:9: 0x10bca39 in executeInsert (test_transactions.zig)
        try handleValidationResult(db, &validation_result);
        ^
/home/wassie/Desktop/zig database/zvdb/src/database/executor.zig:61:29: 0x10e9f4c in execute (test_transactions.zig)
        .insert => |insert| try command_executor.executeInsert(db, insert),
                            ^
/home/wassie/Desktop/zig database/zvdb/src/database/core.zig:193:9: 0x10eb2e1 in execute (test_transactions.zig)
        return executor.execute(self, query);
        ^
/home/wassie/Desktop/zig database/zvdb/src/test_transactions.zig:254:19: 0x135ad09 in test.transaction commit after multiple operations (test_transactions.zig)
    var result2 = try db.execute("INSERT INTO users VALUES (1, \"Alice\", 25)");
                  ^
error: 'test_transactions.test.auto-commit mode without explicit transaction' failed: === VALIDATION ERRORS ===
ERROR: INSERT command must specify at least one column
HINT: Try: INSERT INTO table_name (col1, col2) VALUES (val1, val2)
=========================

/home/wassie/Desktop/zig database/zvdb/src/database/executor/command_executor.zig:78:13: 0x10b0293 in handleValidationResult (test_transactions.zig)
            return sql.SqlError.ValidationFailed;
            ^
/home/wassie/Desktop/zig database/zvdb/src/database/executor/command_executor.zig:196:9: 0x10bca39 in executeInsert (test_transactions.zig)
        try handleValidationResult(db, &validation_result);
        ^
/home/wassie/Desktop/zig database/zvdb/src/database/executor.zig:61:29: 0x10e9f4c in execute (test_transactions.zig)
        .insert => |insert| try command_executor.executeInsert(db, insert),
                            ^
/home/wassie/Desktop/zig database/zvdb/src/database/core.zig:193:9: 0x10eb2e1 in execute (test_transactions.zig)
        return executor.execute(self, query);
        ^
/home/wassie/Desktop/zig database/zvdb/src/test_transactions.zig:297:19: 0x135c2b9 in test.auto-commit mode without explicit transaction (test_transactions.zig)
    var result2 = try db.execute("INSERT INTO users VALUES (1, \"Alice\")");
                  ^
error: 'test_transactions.test.transaction rollback with indexes' failed: === VALIDATION ERRORS ===
ERROR: INSERT command must specify at least one column
HINT: Try: INSERT INTO table_name (col1, col2) VALUES (val1, val2)
=========================

/home/wassie/Desktop/zig database/zvdb/src/database/executor/command_executor.zig:78:13: 0x10b0293 in handleValidationResult (test_transactions.zig)
            return sql.SqlError.ValidationFailed;
            ^
/home/wassie/Desktop/zig database/zvdb/src/database/executor/command_executor.zig:196:9: 0x10bca39 in executeInsert (test_transactions.zig)
        try handleValidationResult(db, &validation_result);
        ^
/home/wassie/Desktop/zig database/zvdb/src/database/executor.zig:61:29: 0x10e9f4c in execute (test_transactions.zig)
        .insert => |insert| try command_executor.executeInsert(db, insert),
                            ^
/home/wassie/Desktop/zig database/zvdb/src/database/core.zig:193:9: 0x10eb2e1 in execute (test_transactions.zig)
        return executor.execute(self, query);
        ^
/home/wassie/Desktop/zig database/zvdb/src/test_transactions.zig:379:19: 0x13686d2 in test.transaction rollback with indexes (test_transactions.zig)
    var result3 = try db.execute("INSERT INTO users VALUES (1, \"Alice\", 25)");
                  ^
error: 'database.validator.test.levenshteinDistance: multiple differences' failed: expected 2, found 1
/usr/lib/zig/std/testing.zig:110:17: 0x10eb379 in expectEqualInner__anon_5966 (std.zig)
                return error.TestExpectedEqual;
                ^
/home/wassie/Desktop/zig database/zvdb/src/database/validator.zig:1321:5: 0x143bb3c in test.levenshteinDistance: multiple differences (test_transactions.zig)
    try testing.expectEqual(@as(usize, 2), levenshteinDistance("user_name", "username")); // underscore removed
    ^
error: 'database.validator.test.levenshteinDistance: typos' failed: expected 1, found 2
/usr/lib/zig/std/testing.zig:110:17: 0x10eb379 in expectEqualInner__anon_5966 (std.zig)
                return error.TestExpectedEqual;
                ^
/home/wassie/Desktop/zig database/zvdb/src/database/validator.zig:1325:5: 0x143bc0c in test.levenshteinDistance: typos (test_transactions.zig)
    try testing.expectEqual(@as(usize, 1), levenshteinDistance("name", "nmae")); // transposition (counted as 2 in basic LD)
    ^
error: while executing test 'database.column_matching.test.findColumnIndex: not found', the following test command failed:
./.zig-cache/o/4a4386b9e9bc05d181f3dce97b90fdac/test --cache-dir=./.zig-cache --seed=0x3dbf8d2d --listen=-
test
+- run test 103/118 passed, 15 failed
error: 'test_aggregates.test.aggregate: COUNT(*) basic' failed: === VALIDATION ERRORS ===
ERROR: INSERT command must specify at least one column
HINT: Try: INSERT INTO table_name (col1, col2) VALUES (val1, val2)
=========================

/home/wassie/Desktop/zig database/zvdb/src/database/executor/command_executor.zig:78:13: 0x1089293 in handleValidationResult (test_aggregates.zig)
            return sql.SqlError.ValidationFailed;
            ^
/home/wassie/Desktop/zig database/zvdb/src/database/executor/command_executor.zig:196:9: 0x1095a39 in executeInsert (test_aggregates.zig)
        try handleValidationResult(db, &validation_result);
        ^
/home/wassie/Desktop/zig database/zvdb/src/database/executor.zig:61:29: 0x10c2f4c in execute (test_aggregates.zig)
        .insert => |insert| try command_executor.executeInsert(db, insert),
                            ^
/home/wassie/Desktop/zig database/zvdb/src/database/core.zig:193:9: 0x10c42e1 in execute (test_aggregates.zig)
        return executor.execute(self, query);
        ^
/home/wassie/Desktop/zig database/zvdb/src/test_aggregates.zig:15:22: 0x10c45f4 in test.aggregate: COUNT(*) basic (test_aggregates.zig)
        var result = try db.execute("INSERT INTO users VALUES (1, 'Alice', 25)");
                     ^
error: 'test_aggregates.test.aggregate: COUNT(column) with nulls' failed: === VALIDATION ERRORS ===
ERROR: INSERT command must specify at least one column
HINT: Try: INSERT INTO table_name (col1, col2) VALUES (val1, val2)
=========================

/home/wassie/Desktop/zig database/zvdb/src/database/executor/command_executor.zig:78:13: 0x1089293 in handleValidationResult (test_aggregates.zig)
            return sql.SqlError.ValidationFailed;
            ^
/home/wassie/Desktop/zig database/zvdb/src/database/executor/command_executor.zig:196:9: 0x1095a39 in executeInsert (test_aggregates.zig)
        try handleValidationResult(db, &validation_result);
        ^
/home/wassie/Desktop/zig database/zvdb/src/database/executor.zig:61:29: 0x10c2f4c in execute (test_aggregates.zig)
        .insert => |insert| try command_executor.executeInsert(db, insert),
                            ^
/home/wassie/Desktop/zig database/zvdb/src/database/core.zig:193:9: 0x10c42e1 in execute (test_aggregates.zig)
        return executor.execute(self, query);
        ^
/home/wassie/Desktop/zig database/zvdb/src/test_aggregates.zig:59:22: 0x132ca84 in test.aggregate: COUNT(column) with nulls (test_aggregates.zig)
        var result = try db.execute("INSERT INTO users VALUES (1, 'Alice', 25)");
                     ^
error: 'test_aggregates.test.aggregate: SUM basic' failed: === VALIDATION ERRORS ===
ERROR: INSERT command must specify at least one column
HINT: Try: INSERT INTO table_name (col1, col2) VALUES (val1, val2)
=========================

/home/wassie/Desktop/zig database/zvdb/src/database/executor/command_executor.zig:78:13: 0x1089293 in handleValidationResult (test_aggregates.zig)
            return sql.SqlError.ValidationFailed;
            ^
/home/wassie/Desktop/zig database/zvdb/src/database/executor/command_executor.zig:196:9: 0x1095a39 in executeInsert (test_aggregates.zig)
        try handleValidationResult(db, &validation_result);
        ^
/home/wassie/Desktop/zig database/zvdb/src/database/executor.zig:61:29: 0x10c2f4c in execute (test_aggregates.zig)
        .insert => |insert| try command_executor.executeInsert(db, insert),
                            ^
/home/wassie/Desktop/zig database/zvdb/src/database/core.zig:193:9: 0x10c42e1 in execute (test_aggregates.zig)
        return executor.execute(self, query);
        ^
/home/wassie/Desktop/zig database/zvdb/src/test_aggregates.zig:91:22: 0x132d934 in test.aggregate: SUM basic (test_aggregates.zig)
        var result = try db.execute("INSERT INTO sales VALUES (1, 100.5)");
                     ^
error: 'test_aggregates.test.aggregate: SUM with integers' failed: === VALIDATION ERRORS ===
ERROR: INSERT command must specify at least one column
HINT: Try: INSERT INTO table_name (col1, col2) VALUES (val1, val2)
=========================

/home/wassie/Desktop/zig database/zvdb/src/database/executor/command_executor.zig:78:13: 0x1089293 in handleValidationResult (test_aggregates.zig)
            return sql.SqlError.ValidationFailed;
            ^
/home/wassie/Desktop/zig database/zvdb/src/database/executor/command_executor.zig:196:9: 0x1095a39 in executeInsert (test_aggregates.zig)
        try handleValidationResult(db, &validation_result);
        ^
/home/wassie/Desktop/zig database/zvdb/src/database/executor.zig:61:29: 0x10c2f4c in execute (test_aggregates.zig)
        .insert => |insert| try command_executor.executeInsert(db, insert),
                            ^
/home/wassie/Desktop/zig database/zvdb/src/database/core.zig:193:9: 0x10c42e1 in execute (test_aggregates.zig)
        return executor.execute(self, query);
        ^
/home/wassie/Desktop/zig database/zvdb/src/test_aggregates.zig:119:22: 0x132e6b4 in test.aggregate: SUM with integers (test_aggregates.zig)
        var result = try db.execute("INSERT INTO scores VALUES (1, 10)");
                     ^
error: 'test_aggregates.test.aggregate: AVG basic' failed: === VALIDATION ERRORS ===
ERROR: INSERT command must specify at least one column
HINT: Try: INSERT INTO table_name (col1, col2) VALUES (val1, val2)
=========================

/home/wassie/Desktop/zig database/zvdb/src/database/executor/command_executor.zig:78:13: 0x1089293 in handleValidationResult (test_aggregates.zig)
            return sql.SqlError.ValidationFailed;
            ^
/home/wassie/Desktop/zig database/zvdb/src/database/executor/command_executor.zig:196:9: 0x1095a39 in executeInsert (test_aggregates.zig)
        try handleValidationResult(db, &validation_result);
        ^
/home/wassie/Desktop/zig database/zvdb/src/database/executor.zig:61:29: 0x10c2f4c in execute (test_aggregates.zig)
        .insert => |insert| try command_executor.executeInsert(db, insert),
                            ^
/home/wassie/Desktop/zig database/zvdb/src/database/core.zig:193:9: 0x10c42e1 in execute (test_aggregates.zig)
        return executor.execute(self, query);
        ^
/home/wassie/Desktop/zig database/zvdb/src/test_aggregates.zig:147:22: 0x132f434 in test.aggregate: AVG basic (test_aggregates.zig)
        var result = try db.execute("INSERT INTO sales VALUES (1, 100.0)");
                     ^
error: 'test_aggregates.test.aggregate: MIN and MAX with floats' failed: === VALIDATION ERRORS ===
ERROR: INSERT command must specify at least one column
HINT: Try: INSERT INTO table_name (col1, col2) VALUES (val1, val2)
=========================

/home/wassie/Desktop/zig database/zvdb/src/database/executor/command_executor.zig:78:13: 0x1089293 in handleValidationResult (test_aggregates.zig)
            return sql.SqlError.ValidationFailed;
            ^
/home/wassie/Desktop/zig database/zvdb/src/database/executor/command_executor.zig:196:9: 0x1095a39 in executeInsert (test_aggregates.zig)
        try handleValidationResult(db, &validation_result);
        ^
/home/wassie/Desktop/zig database/zvdb/src/database/executor.zig:61:29: 0x10c2f4c in execute (test_aggregates.zig)
        .insert => |insert| try command_executor.executeInsert(db, insert),
                            ^
/home/wassie/Desktop/zig database/zvdb/src/database/core.zig:193:9: 0x10c42e1 in execute (test_aggregates.zig)
        return executor.execute(self, query);
        ^
/home/wassie/Desktop/zig database/zvdb/src/test_aggregates.zig:191:22: 0x1330ae4 in test.aggregate: MIN and MAX with floats (test_aggregates.zig)
        var result = try db.execute("INSERT INTO prices VALUES (1, 9.99)");
                     ^
error: 'test_aggregates.test.aggregate: MIN and MAX with integers' failed: === VALIDATION ERRORS ===
ERROR: INSERT command must specify at least one column
HINT: Try: INSERT INTO table_name (col1, col2) VALUES (val1, val2)
=========================

/home/wassie/Desktop/zig database/zvdb/src/database/executor/command_executor.zig:78:13: 0x1089293 in handleValidationResult (test_aggregates.zig)
            return sql.SqlError.ValidationFailed;
            ^
/home/wassie/Desktop/zig database/zvdb/src/database/executor/command_executor.zig:196:9: 0x1095a39 in executeInsert (test_aggregates.zig)
        try handleValidationResult(db, &validation_result);
        ^
/home/wassie/Desktop/zig database/zvdb/src/database/executor.zig:61:29: 0x10c2f4c in execute (test_aggregates.zig)
        .insert => |insert| try command_executor.executeInsert(db, insert),
                            ^
/home/wassie/Desktop/zig database/zvdb/src/database/core.zig:193:9: 0x10c42e1 in execute (test_aggregates.zig)
        return executor.execute(self, query);
        ^
/home/wassie/Desktop/zig database/zvdb/src/test_aggregates.zig:224:22: 0x1331de4 in test.aggregate: MIN and MAX with integers (test_aggregates.zig)
        var result = try db.execute("INSERT INTO scores VALUES (1, 85)");
                     ^
error: 'test_aggregates.test.aggregate: MIN and MAX with text' failed: === VALIDATION ERRORS ===
ERROR: INSERT command must specify at least one column
HINT: Try: INSERT INTO table_name (col1, col2) VALUES (val1, val2)
=========================

/home/wassie/Desktop/zig database/zvdb/src/database/executor/command_executor.zig:78:13: 0x1089293 in handleValidationResult (test_aggregates.zig)
            return sql.SqlError.ValidationFailed;
            ^
/home/wassie/Desktop/zig database/zvdb/src/database/executor/command_executor.zig:196:9: 0x1095a39 in executeInsert (test_aggregates.zig)
        try handleValidationResult(db, &validation_result);
        ^
/home/wassie/Desktop/zig database/zvdb/src/database/executor.zig:61:29: 0x10c2f4c in execute (test_aggregates.zig)
        .insert => |insert| try command_executor.executeInsert(db, insert),
                            ^
/home/wassie/Desktop/zig database/zvdb/src/database/core.zig:193:9: 0x10c42e1 in execute (test_aggregates.zig)
        return executor.execute(self, query);
        ^
/home/wassie/Desktop/zig database/zvdb/src/test_aggregates.zig:257:22: 0x13330a4 in test.aggregate: MIN and MAX with text (test_aggregates.zig)
        var result = try db.execute("INSERT INTO names VALUES (1, 'Zebra')");
                     ^
error: 'test_aggregates.test.aggregate: COUNT(*) with WHERE clause' failed: === VALIDATION ERRORS ===
ERROR: INSERT command must specify at least one column
HINT: Try: INSERT INTO table_name (col1, col2) VALUES (val1, val2)
=========================

/home/wassie/Desktop/zig database/zvdb/src/database/executor/command_executor.zig:78:13: 0x1089293 in handleValidationResult (test_aggregates.zig)
            return sql.SqlError.ValidationFailed;
            ^
/home/wassie/Desktop/zig database/zvdb/src/database/executor/command_executor.zig:196:9: 0x1095a39 in executeInsert (test_aggregates.zig)
        try handleValidationResult(db, &validation_result);
        ^
/home/wassie/Desktop/zig database/zvdb/src/database/executor.zig:61:29: 0x10c2f4c in execute (test_aggregates.zig)
        .insert => |insert| try command_executor.executeInsert(db, insert),
                            ^
/home/wassie/Desktop/zig database/zvdb/src/database/core.zig:193:9: 0x10c42e1 in execute (test_aggregates.zig)
        return executor.execute(self, query);
        ^
/home/wassie/Desktop/zig database/zvdb/src/test_aggregates.zig:286:22: 0x13342f4 in test.aggregate: COUNT(*) with WHERE clause (test_aggregates.zig)
        var result = try db.execute("INSERT INTO users VALUES (1, 'Alice', 25)");
                     ^
error: 'test_aggregates.test.aggregate: SUM with WHERE clause' failed: === VALIDATION ERRORS ===
ERROR: INSERT command must specify at least one column
HINT: Try: INSERT INTO table_name (col1, col2) VALUES (val1, val2)
=========================

/home/wassie/Desktop/zig database/zvdb/src/database/executor/command_executor.zig:78:13: 0x1089293 in handleValidationResult (test_aggregates.zig)
            return sql.SqlError.ValidationFailed;
            ^
/home/wassie/Desktop/zig database/zvdb/src/database/executor/command_executor.zig:196:9: 0x1095a39 in executeInsert (test_aggregates.zig)
        try handleValidationResult(db, &validation_result);
        ^
/home/wassie/Desktop/zig database/zvdb/src/database/executor.zig:61:29: 0x10c2f4c in execute (test_aggregates.zig)
        .insert => |insert| try command_executor.executeInsert(db, insert),
                            ^
/home/wassie/Desktop/zig database/zvdb/src/database/core.zig:193:9: 0x10c42e1 in execute (test_aggregates.zig)
        return executor.execute(self, query);
        ^
/home/wassie/Desktop/zig database/zvdb/src/test_aggregates.zig:318:22: 0x13351a4 in test.aggregate: SUM with WHERE clause (test_aggregates.zig)
        var result = try db.execute("INSERT INTO sales VALUES (1, 100.0, 'electronics')");
                     ^
error: 'test_aggregates.test.aggregate: multiple aggregates in one query' failed: === VALIDATION ERRORS ===
ERROR: INSERT command must specify at least one column
HINT: Try: INSERT INTO table_name (col1, col2) VALUES (val1, val2)
=========================

/home/wassie/Desktop/zig database/zvdb/src/database/executor/command_executor.zig:78:13: 0x1089293 in handleValidationResult (test_aggregates.zig)
            return sql.SqlError.ValidationFailed;
            ^
/home/wassie/Desktop/zig database/zvdb/src/database/executor/command_executor.zig:196:9: 0x1095a39 in executeInsert (test_aggregates.zig)
        try handleValidationResult(db, &validation_result);
        ^
/home/wassie/Desktop/zig database/zvdb/src/database/executor.zig:61:29: 0x10c2f4c in execute (test_aggregates.zig)
        .insert => |insert| try command_executor.executeInsert(db, insert),
                            ^
/home/wassie/Desktop/zig database/zvdb/src/database/core.zig:193:9: 0x10c42e1 in execute (test_aggregates.zig)
        return executor.execute(self, query);
        ^
/home/wassie/Desktop/zig database/zvdb/src/test_aggregates.zig:346:22: 0x1335f2b in test.aggregate: multiple aggregates in one query (test_aggregates.zig)
        var result = try db.execute("INSERT INTO products VALUES (1, 10.99, 5)");
                     ^
error: 'test_aggregates.test.aggregate: COUNT with different columns' failed: === VALIDATION ERRORS ===
ERROR: INSERT command must specify at least one column
HINT: Try: INSERT INTO table_name (col1, col2) VALUES (val1, val2)
=========================

/home/wassie/Desktop/zig database/zvdb/src/database/executor/command_executor.zig:78:13: 0x1089293 in handleValidationResult (test_aggregates.zig)
            return sql.SqlError.ValidationFailed;
            ^
/home/wassie/Desktop/zig database/zvdb/src/database/executor/command_executor.zig:196:9: 0x1095a39 in executeInsert (test_aggregates.zig)
        try handleValidationResult(db, &validation_result);
        ^
/home/wassie/Desktop/zig database/zvdb/src/database/executor.zig:61:29: 0x10c2f4c in execute (test_aggregates.zig)
        .insert => |insert| try command_executor.executeInsert(db, insert),
                            ^
/home/wassie/Desktop/zig database/zvdb/src/database/core.zig:193:9: 0x10c42e1 in execute (test_aggregates.zig)
        return executor.execute(self, query);
        ^
/home/wassie/Desktop/zig database/zvdb/src/test_aggregates.zig:395:22: 0x1338a54 in test.aggregate: COUNT with different columns (test_aggregates.zig)
        var result = try db.execute("INSERT INTO users VALUES (1, 'Alice', 'alice@example.com')");
                     ^
error: 'test_aggregates.test.aggregate: result column names' failed: === VALIDATION ERRORS ===
ERROR: INSERT command must specify at least one column
HINT: Try: INSERT INTO table_name (col1, col2) VALUES (val1, val2)
=========================

/home/wassie/Desktop/zig database/zvdb/src/database/executor/command_executor.zig:78:13: 0x1089293 in handleValidationResult (test_aggregates.zig)
            return sql.SqlError.ValidationFailed;
            ^
/home/wassie/Desktop/zig database/zvdb/src/database/executor/command_executor.zig:196:9: 0x1095a39 in executeInsert (test_aggregates.zig)
        try handleValidationResult(db, &validation_result);
        ^
/home/wassie/Desktop/zig database/zvdb/src/database/executor.zig:61:29: 0x10c2f4c in execute (test_aggregates.zig)
        .insert => |insert| try command_executor.executeInsert(db, insert),
                            ^
/home/wassie/Desktop/zig database/zvdb/src/database/core.zig:193:9: 0x10c42e1 in execute (test_aggregates.zig)
        return executor.execute(self, query);
        ^
/home/wassie/Desktop/zig database/zvdb/src/test_aggregates.zig:425:22: 0x1339fe4 in test.aggregate: result column names (test_aggregates.zig)
        var result = try db.execute("INSERT INTO sales VALUES (1, 100.0)");
                     ^
error: 'database.validator.test.levenshteinDistance: multiple differences' failed: expected 2, found 1
/usr/lib/zig/std/testing.zig:110:17: 0x139c409 in expectEqualInner__anon_51927 (std.zig)
                return error.TestExpectedEqual;
                ^
/home/wassie/Desktop/zig database/zvdb/src/database/validator.zig:1321:5: 0x1402e7c in test.levenshteinDistance: multiple differences (test_aggregates.zig)
    try testing.expectEqual(@as(usize, 2), levenshteinDistance("user_name", "username")); // underscore removed
    ^
error: 'database.validator.test.levenshteinDistance: typos' failed: expected 1, found 2
/usr/lib/zig/std/testing.zig:110:17: 0x139c409 in expectEqualInner__anon_51927 (std.zig)
                return error.TestExpectedEqual;
                ^
/home/wassie/Desktop/zig database/zvdb/src/database/validator.zig:1325:5: 0x1402f4c in test.levenshteinDistance: typos (test_aggregates.zig)
    try testing.expectEqual(@as(usize, 1), levenshteinDistance("name", "nmae")); // transposition (counted as 2 in basic LD)
    ^
error: while executing test 'database.column_matching.test.findColumnIndex: not found', the following test command failed:
./.zig-cache/o/1d6e2eec18a72cfe7e1d40ee902f58e1/test --cache-dir=./.zig-cache --seed=0x3dbf8d2d --listen=-
test
+- run test 106/145 passed, 39 failed
error: 'test_subqueries.test.subquery: IN operator - basic' failed: === VALIDATION ERRORS ===
ERROR: INSERT command must specify at least one column
HINT: Try: INSERT INTO table_name (col1, col2) VALUES (val1, val2)
=========================

/home/wassie/Desktop/zig database/zvdb/src/database/executor/command_executor.zig:78:13: 0x11c3833 in handleValidationResult (test_subqueries.zig)
            return sql.SqlError.ValidationFailed;
            ^
/home/wassie/Desktop/zig database/zvdb/src/database/executor/command_executor.zig:196:9: 0x11cffd9 in executeInsert (test_subqueries.zig)
        try handleValidationResult(db, &validation_result);
        ^
/home/wassie/Desktop/zig database/zvdb/src/database/executor.zig:61:29: 0x11fd46c in execute (test_subqueries.zig)
        .insert => |insert| try command_executor.executeInsert(db, insert),
                            ^
/home/wassie/Desktop/zig database/zvdb/src/database/core.zig:193:9: 0x11fe801 in execute (test_subqueries.zig)
        return executor.execute(self, query);
        ^
/home/wassie/Desktop/zig database/zvdb/src/test_subqueries.zig:15:18: 0x11fe8db in executeAndCleanup (test_subqueries.zig)
    var result = try db.execute(query);
                 ^
/home/wassie/Desktop/zig database/zvdb/src/test_subqueries.zig:23:5: 0x11fea32 in setupBasicTables (test_subqueries.zig)
    try executeAndCleanup(db, "INSERT INTO users VALUES (1, 'Alice', 25)");
    ^
/home/wassie/Desktop/zig database/zvdb/src/test_subqueries.zig:133:5: 0x11fee6e in test.subquery: IN operator - basic (test_subqueries.zig)
    try setupBasicTables(&db);
    ^
error: 'test_subqueries.test.subquery: IN operator - no matches' failed: === VALIDATION ERRORS ===
ERROR: INSERT command must specify at least one column
HINT: Try: INSERT INTO table_name (col1, col2) VALUES (val1, val2)
=========================

/home/wassie/Desktop/zig database/zvdb/src/database/executor/command_executor.zig:78:13: 0x11c3833 in handleValidationResult (test_subqueries.zig)
            return sql.SqlError.ValidationFailed;
            ^
/home/wassie/Desktop/zig database/zvdb/src/database/executor/command_executor.zig:196:9: 0x11cffd9 in executeInsert (test_subqueries.zig)
        try handleValidationResult(db, &validation_result);
        ^
/home/wassie/Desktop/zig database/zvdb/src/database/executor.zig:61:29: 0x11fd46c in execute (test_subqueries.zig)
        .insert => |insert| try command_executor.executeInsert(db, insert),
                            ^
/home/wassie/Desktop/zig database/zvdb/src/database/core.zig:193:9: 0x11fe801 in execute (test_subqueries.zig)
        return executor.execute(self, query);
        ^
/home/wassie/Desktop/zig database/zvdb/src/test_subqueries.zig:15:18: 0x11fe8db in executeAndCleanup (test_subqueries.zig)
    var result = try db.execute(query);
                 ^
/home/wassie/Desktop/zig database/zvdb/src/test_subqueries.zig:164:5: 0x1324439 in test.subquery: IN operator - no matches (test_subqueries.zig)
    try executeAndCleanup(&db, "INSERT INTO users VALUES (4, 'David')");
    ^
error: 'test_subqueries.test.subquery: IN operator - all match' failed: === VALIDATION ERRORS ===
ERROR: INSERT command must specify at least one column
HINT: Try: INSERT INTO table_name (col1, col2) VALUES (val1, val2)
=========================

/home/wassie/Desktop/zig database/zvdb/src/database/executor/command_executor.zig:78:13: 0x11c3833 in handleValidationResult (test_subqueries.zig)
            return sql.SqlError.ValidationFailed;
            ^
/home/wassie/Desktop/zig database/zvdb/src/database/executor/command_executor.zig:196:9: 0x11cffd9 in executeInsert (test_subqueries.zig)
        try handleValidationResult(db, &validation_result);
        ^
/home/wassie/Desktop/zig database/zvdb/src/database/executor.zig:61:29: 0x11fd46c in execute (test_subqueries.zig)
        .insert => |insert| try command_executor.executeInsert(db, insert),
                            ^
/home/wassie/Desktop/zig database/zvdb/src/database/core.zig:193:9: 0x11fe801 in execute (test_subqueries.zig)
        return executor.execute(self, query);
        ^
/home/wassie/Desktop/zig database/zvdb/src/test_subqueries.zig:15:18: 0x11fe8db in executeAndCleanup (test_subqueries.zig)
    var result = try db.execute(query);
                 ^
/home/wassie/Desktop/zig database/zvdb/src/test_subqueries.zig:183:5: 0x1324db9 in test.subquery: IN operator - all match (test_subqueries.zig)
    try executeAndCleanup(&db, "INSERT INTO users VALUES (1, 'Alice')");
    ^
error: 'test_subqueries.test.subquery: IN operator - with WHERE in subquery' failed: === VALIDATION ERRORS ===
ERROR: INSERT command must specify at least one column
HINT: Try: INSERT INTO table_name (col1, col2) VALUES (val1, val2)
=========================

/home/wassie/Desktop/zig database/zvdb/src/database/executor/command_executor.zig:78:13: 0x11c3833 in handleValidationResult (test_subqueries.zig)
            return sql.SqlError.ValidationFailed;
            ^
/home/wassie/Desktop/zig database/zvdb/src/database/executor/command_executor.zig:196:9: 0x11cffd9 in executeInsert (test_subqueries.zig)
        try handleValidationResult(db, &validation_result);
        ^
/home/wassie/Desktop/zig database/zvdb/src/database/executor.zig:61:29: 0x11fd46c in execute (test_subqueries.zig)
        .insert => |insert| try command_executor.executeInsert(db, insert),
                            ^
/home/wassie/Desktop/zig database/zvdb/src/database/core.zig:193:9: 0x11fe801 in execute (test_subqueries.zig)
        return executor.execute(self, query);
        ^
/home/wassie/Desktop/zig database/zvdb/src/test_subqueries.zig:15:18: 0x11fe8db in executeAndCleanup (test_subqueries.zig)
    var result = try db.execute(query);
                 ^
/home/wassie/Desktop/zig database/zvdb/src/test_subqueries.zig:23:5: 0x11fea32 in setupBasicTables (test_subqueries.zig)
    try executeAndCleanup(db, "INSERT INTO users VALUES (1, 'Alice', 25)");
    ^
/home/wassie/Desktop/zig database/zvdb/src/test_subqueries.zig:203:5: 0x13258ce in test.subquery: IN operator - with WHERE in subquery (test_subqueries.zig)
    try setupBasicTables(&db);
    ^
error: 'test_subqueries.test.subquery: IN operator - empty subquery result' failed: === VALIDATION ERRORS ===
ERROR: INSERT command must specify at least one column
HINT: Try: INSERT INTO table_name (col1, col2) VALUES (val1, val2)
=========================

/home/wassie/Desktop/zig database/zvdb/src/database/executor/command_executor.zig:78:13: 0x11c3833 in handleValidationResult (test_subqueries.zig)
            return sql.SqlError.ValidationFailed;
            ^
/home/wassie/Desktop/zig database/zvdb/src/database/executor/command_executor.zig:196:9: 0x11cffd9 in executeInsert (test_subqueries.zig)
        try handleValidationResult(db, &validation_result);
        ^
/home/wassie/Desktop/zig database/zvdb/src/database/executor.zig:61:29: 0x11fd46c in execute (test_subqueries.zig)
        .insert => |insert| try command_executor.executeInsert(db, insert),
                            ^
/home/wassie/Desktop/zig database/zvdb/src/database/core.zig:193:9: 0x11fe801 in execute (test_subqueries.zig)
        return executor.execute(self, query);
        ^
/home/wassie/Desktop/zig database/zvdb/src/test_subqueries.zig:15:18: 0x11fe8db in executeAndCleanup (test_subqueries.zig)
    var result = try db.execute(query);
                 ^
/home/wassie/Desktop/zig database/zvdb/src/test_subqueries.zig:219:5: 0x1326a39 in test.subquery: IN operator - empty subquery result (test_subqueries.zig)
    try executeAndCleanup(&db, "INSERT INTO users VALUES (1, 'Alice')");
    ^
error: 'test_subqueries.test.subquery: IN operator - with text columns' failed: === VALIDATION ERRORS ===
ERROR: INSERT command must specify at least one column
HINT: Try: INSERT INTO table_name (col1, col2) VALUES (val1, val2)
=========================

/home/wassie/Desktop/zig database/zvdb/src/database/executor/command_executor.zig:78:13: 0x11c3833 in handleValidationResult (test_subqueries.zig)
            return sql.SqlError.ValidationFailed;
            ^
/home/wassie/Desktop/zig database/zvdb/src/database/executor/command_executor.zig:196:9: 0x11cffd9 in executeInsert (test_subqueries.zig)
        try handleValidationResult(db, &validation_result);
        ^
/home/wassie/Desktop/zig database/zvdb/src/database/executor.zig:61:29: 0x11fd46c in execute (test_subqueries.zig)
        .insert => |insert| try command_executor.executeInsert(db, insert),
                            ^
/home/wassie/Desktop/zig database/zvdb/src/database/core.zig:193:9: 0x11fe801 in execute (test_subqueries.zig)
        return executor.execute(self, query);
        ^
/home/wassie/Desktop/zig database/zvdb/src/test_subqueries.zig:15:18: 0x11fe8db in executeAndCleanup (test_subqueries.zig)
    var result = try db.execute(query);
                 ^
/home/wassie/Desktop/zig database/zvdb/src/test_subqueries.zig:237:5: 0x13271e9 in test.subquery: IN operator - with text columns (test_subqueries.zig)
    try executeAndCleanup(&db, "INSERT INTO customers VALUES (1, 'Alice')");
    ^
error: 'test_subqueries.test.subquery: NOT IN operator - basic' failed: === VALIDATION ERRORS ===
ERROR: INSERT command must specify at least one column
HINT: Try: INSERT INTO table_name (col1, col2) VALUES (val1, val2)
=========================

/home/wassie/Desktop/zig database/zvdb/src/database/executor/command_executor.zig:78:13: 0x11c3833 in handleValidationResult (test_subqueries.zig)
            return sql.SqlError.ValidationFailed;
            ^
/home/wassie/Desktop/zig database/zvdb/src/database/executor/command_executor.zig:196:9: 0x11cffd9 in executeInsert (test_subqueries.zig)
        try handleValidationResult(db, &validation_result);
        ^
/home/wassie/Desktop/zig database/zvdb/src/database/executor.zig:61:29: 0x11fd46c in execute (test_subqueries.zig)
        .insert => |insert| try command_executor.executeInsert(db, insert),
                            ^
/home/wassie/Desktop/zig database/zvdb/src/database/core.zig:193:9: 0x11fe801 in execute (test_subqueries.zig)
        return executor.execute(self, query);
        ^
/home/wassie/Desktop/zig database/zvdb/src/test_subqueries.zig:15:18: 0x11fe8db in executeAndCleanup (test_subqueries.zig)
    var result = try db.execute(query);
                 ^
/home/wassie/Desktop/zig database/zvdb/src/test_subqueries.zig:23:5: 0x11fea32 in setupBasicTables (test_subqueries.zig)
    try executeAndCleanup(db, "INSERT INTO users VALUES (1, 'Alice', 25)");
    ^
/home/wassie/Desktop/zig database/zvdb/src/test_subqueries.zig:260:5: 0x1327b9e in test.subquery: NOT IN operator - basic (test_subqueries.zig)
    try setupBasicTables(&db);
    ^
error: 'test_subqueries.test.subquery: NOT IN operator - all excluded' failed: === VALIDATION ERRORS ===
ERROR: INSERT command must specify at least one column
HINT: Try: INSERT INTO table_name (col1, col2) VALUES (val1, val2)
=========================

/home/wassie/Desktop/zig database/zvdb/src/database/executor/command_executor.zig:78:13: 0x11c3833 in handleValidationResult (test_subqueries.zig)
            return sql.SqlError.ValidationFailed;
            ^
/home/wassie/Desktop/zig database/zvdb/src/database/executor/command_executor.zig:196:9: 0x11cffd9 in executeInsert (test_subqueries.zig)
        try handleValidationResult(db, &validation_result);
        ^
/home/wassie/Desktop/zig database/zvdb/src/database/executor.zig:61:29: 0x11fd46c in execute (test_subqueries.zig)
        .insert => |insert| try command_executor.executeInsert(db, insert),
                            ^
/home/wassie/Desktop/zig database/zvdb/src/database/core.zig:193:9: 0x11fe801 in execute (test_subqueries.zig)
        return executor.execute(self, query);
        ^
/home/wassie/Desktop/zig database/zvdb/src/test_subqueries.zig:15:18: 0x11fe8db in executeAndCleanup (test_subqueries.zig)
    var result = try db.execute(query);
                 ^
/home/wassie/Desktop/zig database/zvdb/src/test_subqueries.zig:277:5: 0x13289d9 in test.subquery: NOT IN operator - all excluded (test_subqueries.zig)
    try executeAndCleanup(&db, "INSERT INTO users VALUES (1, 'Alice')");
    ^
error: 'test_subqueries.test.subquery: NOT IN operator - none excluded' failed: === VALIDATION ERRORS ===
ERROR: INSERT command must specify at least one column
HINT: Try: INSERT INTO table_name (col1, col2) VALUES (val1, val2)
=========================

/home/wassie/Desktop/zig database/zvdb/src/database/executor/command_executor.zig:78:13: 0x11c3833 in handleValidationResult (test_subqueries.zig)
            return sql.SqlError.ValidationFailed;
            ^
/home/wassie/Desktop/zig database/zvdb/src/database/executor/command_executor.zig:196:9: 0x11cffd9 in executeInsert (test_subqueries.zig)
        try handleValidationResult(db, &validation_result);
        ^
/home/wassie/Desktop/zig database/zvdb/src/database/executor.zig:61:29: 0x11fd46c in execute (test_subqueries.zig)
        .insert => |insert| try command_executor.executeInsert(db, insert),
                            ^
/home/wassie/Desktop/zig database/zvdb/src/database/core.zig:193:9: 0x11fe801 in execute (test_subqueries.zig)
        return executor.execute(self, query);
        ^
/home/wassie/Desktop/zig database/zvdb/src/test_subqueries.zig:15:18: 0x11fe8db in executeAndCleanup (test_subqueries.zig)
    var result = try db.execute(query);
                 ^
/home/wassie/Desktop/zig database/zvdb/src/test_subqueries.zig:296:5: 0x1329359 in test.subquery: NOT IN operator - none excluded (test_subqueries.zig)
    try executeAndCleanup(&db, "INSERT INTO users VALUES (1, 'Alice')");
    ^
error: 'test_subqueries.test.subquery: NOT IN operator - with WHERE in subquery' failed: === VALIDATION ERRORS ===
ERROR: INSERT command must specify at least one column
HINT: Try: INSERT INTO table_name (col1, col2) VALUES (val1, val2)
=========================

/home/wassie/Desktop/zig database/zvdb/src/database/executor/command_executor.zig:78:13: 0x11c3833 in handleValidationResult (test_subqueries.zig)
            return sql.SqlError.ValidationFailed;
            ^
/home/wassie/Desktop/zig database/zvdb/src/database/executor/command_executor.zig:196:9: 0x11cffd9 in executeInsert (test_subqueries.zig)
        try handleValidationResult(db, &validation_result);
        ^
/home/wassie/Desktop/zig database/zvdb/src/database/executor.zig:61:29: 0x11fd46c in execute (test_subqueries.zig)
        .insert => |insert| try command_executor.executeInsert(db, insert),
                            ^
/home/wassie/Desktop/zig database/zvdb/src/database/core.zig:193:9: 0x11fe801 in execute (test_subqueries.zig)
        return executor.execute(self, query);
        ^
/home/wassie/Desktop/zig database/zvdb/src/test_subqueries.zig:15:18: 0x11fe8db in executeAndCleanup (test_subqueries.zig)
    var result = try db.execute(query);
                 ^
/home/wassie/Desktop/zig database/zvdb/src/test_subqueries.zig:23:5: 0x11fea32 in setupBasicTables (test_subqueries.zig)
    try executeAndCleanup(db, "INSERT INTO users VALUES (1, 'Alice', 25)");
    ^
/home/wassie/Desktop/zig database/zvdb/src/test_subqueries.zig:313:5: 0x1329a4e in test.subquery: NOT IN operator - with WHERE in subquery (test_subqueries.zig)
    try setupBasicTables(&db);
    ^
error: 'test_subqueries.test.subquery: EXISTS - basic' failed: === VALIDATION ERRORS ===
ERROR: INSERT command must specify at least one column
HINT: Try: INSERT INTO table_name (col1, col2) VALUES (val1, val2)
=========================

/home/wassie/Desktop/zig database/zvdb/src/database/executor/command_executor.zig:78:13: 0x11c3833 in handleValidationResult (test_subqueries.zig)
            return sql.SqlError.ValidationFailed;
            ^
/home/wassie/Desktop/zig database/zvdb/src/database/executor/command_executor.zig:196:9: 0x11cffd9 in executeInsert (test_subqueries.zig)
        try handleValidationResult(db, &validation_result);
        ^
/home/wassie/Desktop/zig database/zvdb/src/database/executor.zig:61:29: 0x11fd46c in execute (test_subqueries.zig)
        .insert => |insert| try command_executor.executeInsert(db, insert),
                            ^
/home/wassie/Desktop/zig database/zvdb/src/database/core.zig:193:9: 0x11fe801 in execute (test_subqueries.zig)
        return executor.execute(self, query);
        ^
/home/wassie/Desktop/zig database/zvdb/src/test_subqueries.zig:15:18: 0x11fe8db in executeAndCleanup (test_subqueries.zig)
    var result = try db.execute(query);
                 ^
/home/wassie/Desktop/zig database/zvdb/src/test_subqueries.zig:23:5: 0x11fea32 in setupBasicTables (test_subqueries.zig)
    try executeAndCleanup(db, "INSERT INTO users VALUES (1, 'Alice', 25)");
    ^
/home/wassie/Desktop/zig database/zvdb/src/test_subqueries.zig:332:5: 0x1329f3e in test.subquery: EXISTS - basic (test_subqueries.zig)
    try setupBasicTables(&db);
    ^
error: 'test_subqueries.test.subquery: EXISTS - none exist' failed: === VALIDATION ERRORS ===
ERROR: INSERT command must specify at least one column
HINT: Try: INSERT INTO table_name (col1, col2) VALUES (val1, val2)
=========================

/home/wassie/Desktop/zig database/zvdb/src/database/executor/command_executor.zig:78:13: 0x11c3833 in handleValidationResult (test_subqueries.zig)
            return sql.SqlError.ValidationFailed;
            ^
/home/wassie/Desktop/zig database/zvdb/src/database/executor/command_executor.zig:196:9: 0x11cffd9 in executeInsert (test_subqueries.zig)
        try handleValidationResult(db, &validation_result);
        ^
/home/wassie/Desktop/zig database/zvdb/src/database/executor.zig:61:29: 0x11fd46c in execute (test_subqueries.zig)
        .insert => |insert| try command_executor.executeInsert(db, insert),
                            ^
/home/wassie/Desktop/zig database/zvdb/src/database/core.zig:193:9: 0x11fe801 in execute (test_subqueries.zig)
        return executor.execute(self, query);
        ^
/home/wassie/Desktop/zig database/zvdb/src/test_subqueries.zig:15:18: 0x11fe8db in executeAndCleanup (test_subqueries.zig)
    var result = try db.execute(query);
                 ^
/home/wassie/Desktop/zig database/zvdb/src/test_subqueries.zig:350:5: 0x132a4e9 in test.subquery: EXISTS - none exist (test_subqueries.zig)
    try executeAndCleanup(&db, "INSERT INTO users VALUES (1, 'Alice')");
    ^
error: 'test_subqueries.test.subquery: EXISTS - with WHERE condition' failed: === VALIDATION ERRORS ===
ERROR: INSERT command must specify at least one column
HINT: Try: INSERT INTO table_name (col1, col2) VALUES (val1, val2)
=========================

/home/wassie/Desktop/zig database/zvdb/src/database/executor/command_executor.zig:78:13: 0x11c3833 in handleValidationResult (test_subqueries.zig)
            return sql.SqlError.ValidationFailed;
            ^
/home/wassie/Desktop/zig database/zvdb/src/database/executor/command_executor.zig:196:9: 0x11cffd9 in executeInsert (test_subqueries.zig)
        try handleValidationResult(db, &validation_result);
        ^
/home/wassie/Desktop/zig database/zvdb/src/database/executor.zig:61:29: 0x11fd46c in execute (test_subqueries.zig)
        .insert => |insert| try command_executor.executeInsert(db, insert),
                            ^
/home/wassie/Desktop/zig database/zvdb/src/database/core.zig:193:9: 0x11fe801 in execute (test_subqueries.zig)
        return executor.execute(self, query);
        ^
/home/wassie/Desktop/zig database/zvdb/src/test_subqueries.zig:15:18: 0x11fe8db in executeAndCleanup (test_subqueries.zig)
    var result = try db.execute(query);
                 ^
/home/wassie/Desktop/zig database/zvdb/src/test_subqueries.zig:23:5: 0x11fea32 in setupBasicTables (test_subqueries.zig)
    try executeAndCleanup(db, "INSERT INTO users VALUES (1, 'Alice', 25)");
    ^
/home/wassie/Desktop/zig database/zvdb/src/test_subqueries.zig:368:5: 0x132abde in test.subquery: EXISTS - with WHERE condition (test_subqueries.zig)
    try setupBasicTables(&db);
    ^
error: 'test_subqueries.test.subquery: NOT EXISTS - basic' failed: === VALIDATION ERRORS ===
ERROR: INSERT command must specify at least one column
HINT: Try: INSERT INTO table_name (col1, col2) VALUES (val1, val2)
=========================

/home/wassie/Desktop/zig database/zvdb/src/database/executor/command_executor.zig:78:13: 0x11c3833 in handleValidationResult (test_subqueries.zig)
            return sql.SqlError.ValidationFailed;
            ^
/home/wassie/Desktop/zig database/zvdb/src/database/executor/command_executor.zig:196:9: 0x11cffd9 in executeInsert (test_subqueries.zig)
        try handleValidationResult(db, &validation_result);
        ^
/home/wassie/Desktop/zig database/zvdb/src/database/executor.zig:61:29: 0x11fd46c in execute (test_subqueries.zig)
        .insert => |insert| try command_executor.executeInsert(db, insert),
                            ^
/home/wassie/Desktop/zig database/zvdb/src/database/core.zig:193:9: 0x11fe801 in execute (test_subqueries.zig)
        return executor.execute(self, query);
        ^
/home/wassie/Desktop/zig database/zvdb/src/test_subqueries.zig:15:18: 0x11fe8db in executeAndCleanup (test_subqueries.zig)
    var result = try db.execute(query);
                 ^
/home/wassie/Desktop/zig database/zvdb/src/test_subqueries.zig:383:5: 0x132b189 in test.subquery: NOT EXISTS - basic (test_subqueries.zig)
    try executeAndCleanup(&db, "INSERT INTO users VALUES (1, 'Alice')");
    ^
error: 'test_subqueries.test.subquery: scalar comparison - greater than AVG' failed: === VALIDATION ERRORS ===
ERROR: INSERT command must specify at least one column
HINT: Try: INSERT INTO table_name (col1, col2) VALUES (val1, val2)
=========================

/home/wassie/Desktop/zig database/zvdb/src/database/executor/command_executor.zig:78:13: 0x11c3833 in handleValidationResult (test_subqueries.zig)
            return sql.SqlError.ValidationFailed;
            ^
/home/wassie/Desktop/zig database/zvdb/src/database/executor/command_executor.zig:196:9: 0x11cffd9 in executeInsert (test_subqueries.zig)
        try handleValidationResult(db, &validation_result);
        ^
/home/wassie/Desktop/zig database/zvdb/src/database/executor.zig:61:29: 0x11fd46c in execute (test_subqueries.zig)
        .insert => |insert| try command_executor.executeInsert(db, insert),
                            ^
/home/wassie/Desktop/zig database/zvdb/src/database/core.zig:193:9: 0x11fe801 in execute (test_subqueries.zig)
        return executor.execute(self, query);
        ^
/home/wassie/Desktop/zig database/zvdb/src/test_subqueries.zig:15:18: 0x11fe8db in executeAndCleanup (test_subqueries.zig)
    var result = try db.execute(query);
                 ^
/home/wassie/Desktop/zig database/zvdb/src/test_subqueries.zig:37:5: 0x132b742 in setupProductTables (test_subqueries.zig)
    try executeAndCleanup(db, "INSERT INTO products VALUES (1, 'Widget', 10.0, 'tools')");
    ^
/home/wassie/Desktop/zig database/zvdb/src/test_subqueries.zig:404:5: 0x132b95e in test.subquery: scalar comparison - greater than AVG (test_subqueries.zig)
    try setupProductTables(&db);
    ^
error: 'test_subqueries.test.subquery: scalar comparison - equals MAX' failed: === VALIDATION ERRORS ===
ERROR: INSERT command must specify at least one column
HINT: Try: INSERT INTO table_name (col1, col2) VALUES (val1, val2)
=========================

/home/wassie/Desktop/zig database/zvdb/src/database/executor/command_executor.zig:78:13: 0x11c3833 in handleValidationResult (test_subqueries.zig)
            return sql.SqlError.ValidationFailed;
            ^
/home/wassie/Desktop/zig database/zvdb/src/database/executor/command_executor.zig:196:9: 0x11cffd9 in executeInsert (test_subqueries.zig)
        try handleValidationResult(db, &validation_result);
        ^
/home/wassie/Desktop/zig database/zvdb/src/database/executor.zig:61:29: 0x11fd46c in execute (test_subqueries.zig)
        .insert => |insert| try command_executor.executeInsert(db, insert),
                            ^
/home/wassie/Desktop/zig database/zvdb/src/database/core.zig:193:9: 0x11fe801 in execute (test_subqueries.zig)
        return executor.execute(self, query);
        ^
/home/wassie/Desktop/zig database/zvdb/src/test_subqueries.zig:15:18: 0x11fe8db in executeAndCleanup (test_subqueries.zig)
    var result = try db.execute(query);
                 ^
/home/wassie/Desktop/zig database/zvdb/src/test_subqueries.zig:37:5: 0x132b742 in setupProductTables (test_subqueries.zig)
    try executeAndCleanup(db, "INSERT INTO products VALUES (1, 'Widget', 10.0, 'tools')");
    ^
/home/wassie/Desktop/zig database/zvdb/src/test_subqueries.zig:420:5: 0x132c2ce in test.subquery: scalar comparison - equals MAX (test_subqueries.zig)
    try setupProductTables(&db);
    ^
error: 'test_subqueries.test.subquery: scalar comparison - less than MIN' failed: === VALIDATION ERRORS ===
ERROR: INSERT command must specify at least one column
HINT: Try: INSERT INTO table_name (col1, col2) VALUES (val1, val2)
=========================

/home/wassie/Desktop/zig database/zvdb/src/database/executor/command_executor.zig:78:13: 0x11c3833 in handleValidationResult (test_subqueries.zig)
            return sql.SqlError.ValidationFailed;
            ^
/home/wassie/Desktop/zig database/zvdb/src/database/executor/command_executor.zig:196:9: 0x11cffd9 in executeInsert (test_subqueries.zig)
        try handleValidationResult(db, &validation_result);
        ^
/home/wassie/Desktop/zig database/zvdb/src/database/executor.zig:61:29: 0x11fd46c in execute (test_subqueries.zig)
        .insert => |insert| try command_executor.executeInsert(db, insert),
                            ^
/home/wassie/Desktop/zig database/zvdb/src/database/core.zig:193:9: 0x11fe801 in execute (test_subqueries.zig)
        return executor.execute(self, query);
        ^
/home/wassie/Desktop/zig database/zvdb/src/test_subqueries.zig:15:18: 0x11fe8db in executeAndCleanup (test_subqueries.zig)
    var result = try db.execute(query);
                 ^
/home/wassie/Desktop/zig database/zvdb/src/test_subqueries.zig:37:5: 0x132b742 in setupProductTables (test_subqueries.zig)
    try executeAndCleanup(db, "INSERT INTO products VALUES (1, 'Widget', 10.0, 'tools')");
    ^
/home/wassie/Desktop/zig database/zvdb/src/test_subqueries.zig:434:5: 0x132cc3e in test.subquery: scalar comparison - less than MIN (test_subqueries.zig)
    try setupProductTables(&db);
    ^
error: 'test_subqueries.test.subquery: scalar subquery - empty result returns NULL' failed: === VALIDATION ERRORS ===
ERROR: INSERT command must specify at least one column
HINT: Try: INSERT INTO table_name (col1, col2) VALUES (val1, val2)
=========================

/home/wassie/Desktop/zig database/zvdb/src/database/executor/command_executor.zig:78:13: 0x11c3833 in handleValidationResult (test_subqueries.zig)
            return sql.SqlError.ValidationFailed;
            ^
/home/wassie/Desktop/zig database/zvdb/src/database/executor/command_executor.zig:196:9: 0x11cffd9 in executeInsert (test_subqueries.zig)
        try handleValidationResult(db, &validation_result);
        ^
/home/wassie/Desktop/zig database/zvdb/src/database/executor.zig:61:29: 0x11fd46c in execute (test_subqueries.zig)
        .insert => |insert| try command_executor.executeInsert(db, insert),
                            ^
/home/wassie/Desktop/zig database/zvdb/src/database/core.zig:193:9: 0x11fe801 in execute (test_subqueries.zig)
        return executor.execute(self, query);
        ^
/home/wassie/Desktop/zig database/zvdb/src/test_subqueries.zig:15:18: 0x11fe8db in executeAndCleanup (test_subqueries.zig)
    var result = try db.execute(query);
                 ^
/home/wassie/Desktop/zig database/zvdb/src/test_subqueries.zig:449:5: 0x132d1e9 in test.subquery: scalar subquery - empty result returns NULL (test_subqueries.zig)
    try executeAndCleanup(&db, "INSERT INTO items VALUES (1, 15.0)");
    ^
error: 'test_subqueries.test.subquery: scalar comparison - with COUNT' failed: === VALIDATION ERRORS ===
ERROR: INSERT command must specify at least one column
HINT: Try: INSERT INTO table_name (col1, col2) VALUES (val1, val2)
=========================

/home/wassie/Desktop/zig database/zvdb/src/database/executor/command_executor.zig:78:13: 0x11c3833 in handleValidationResult (test_subqueries.zig)
            return sql.SqlError.ValidationFailed;
            ^
/home/wassie/Desktop/zig database/zvdb/src/database/executor/command_executor.zig:196:9: 0x11cffd9 in executeInsert (test_subqueries.zig)
        try handleValidationResult(db, &validation_result);
        ^
/home/wassie/Desktop/zig database/zvdb/src/database/executor.zig:61:29: 0x11fd46c in execute (test_subqueries.zig)
        .insert => |insert| try command_executor.executeInsert(db, insert),
                            ^
/home/wassie/Desktop/zig database/zvdb/src/database/core.zig:193:9: 0x11fe801 in execute (test_subqueries.zig)
        return executor.execute(self, query);
        ^
/home/wassie/Desktop/zig database/zvdb/src/test_subqueries.zig:15:18: 0x11fe8db in executeAndCleanup (test_subqueries.zig)
    var result = try db.execute(query);
                 ^
/home/wassie/Desktop/zig database/zvdb/src/test_subqueries.zig:23:5: 0x11fea32 in setupBasicTables (test_subqueries.zig)
    try executeAndCleanup(db, "INSERT INTO users VALUES (1, 'Alice', 25)");
    ^
/home/wassie/Desktop/zig database/zvdb/src/test_subqueries.zig:466:5: 0x132d7fe in test.subquery: scalar comparison - with COUNT (test_subqueries.zig)
    try setupBasicTables(&db);
    ^
error: 'test_subqueries.test.subquery: duplicate values in subquery result' failed: === VALIDATION ERRORS ===
ERROR: INSERT command must specify at least one column
HINT: Try: INSERT INTO table_name (col1, col2) VALUES (val1, val2)
=========================

/home/wassie/Desktop/zig database/zvdb/src/database/executor/command_executor.zig:78:13: 0x11c3833 in handleValidationResult (test_subqueries.zig)
            return sql.SqlError.ValidationFailed;
            ^
/home/wassie/Desktop/zig database/zvdb/src/database/executor/command_executor.zig:196:9: 0x11cffd9 in executeInsert (test_subqueries.zig)
        try handleValidationResult(db, &validation_result);
        ^
/home/wassie/Desktop/zig database/zvdb/src/database/executor.zig:61:29: 0x11fd46c in execute (test_subqueries.zig)
        .insert => |insert| try command_executor.executeInsert(db, insert),
                            ^
/home/wassie/Desktop/zig database/zvdb/src/database/core.zig:193:9: 0x11fe801 in execute (test_subqueries.zig)
        return executor.execute(self, query);
        ^
/home/wassie/Desktop/zig database/zvdb/src/test_subqueries.zig:15:18: 0x11fe8db in executeAndCleanup (test_subqueries.zig)
    var result = try db.execute(query);
                 ^
/home/wassie/Desktop/zig database/zvdb/src/test_subqueries.zig:486:5: 0x132dda9 in test.subquery: duplicate values in subquery result (test_subqueries.zig)
    try executeAndCleanup(&db, "INSERT INTO users VALUES (1, 'Alice')");
    ^
error: 'test_subqueries.test.subquery: subquery with LIMIT' failed: === VALIDATION ERRORS ===
ERROR: INSERT command must specify at least one column
HINT: Try: INSERT INTO table_name (col1, col2) VALUES (val1, val2)
=========================

/home/wassie/Desktop/zig database/zvdb/src/database/executor/command_executor.zig:78:13: 0x11c3833 in handleValidationResult (test_subqueries.zig)
            return sql.SqlError.ValidationFailed;
            ^
/home/wassie/Desktop/zig database/zvdb/src/database/executor/command_executor.zig:196:9: 0x11cffd9 in executeInsert (test_subqueries.zig)
        try handleValidationResult(db, &validation_result);
        ^
/home/wassie/Desktop/zig database/zvdb/src/database/executor.zig:61:29: 0x11fd46c in execute (test_subqueries.zig)
        .insert => |insert| try command_executor.executeInsert(db, insert),
                            ^
/home/wassie/Desktop/zig database/zvdb/src/database/core.zig:193:9: 0x11fe801 in execute (test_subqueries.zig)
        return executor.execute(self, query);
        ^
/home/wassie/Desktop/zig database/zvdb/src/test_subqueries.zig:15:18: 0x11fe8db in executeAndCleanup (test_subqueries.zig)
    var result = try db.execute(query);
                 ^
/home/wassie/Desktop/zig database/zvdb/src/test_subqueries.zig:23:5: 0x11fea32 in setupBasicTables (test_subqueries.zig)
    try executeAndCleanup(db, "INSERT INTO users VALUES (1, 'Alice', 25)");
    ^
/home/wassie/Desktop/zig database/zvdb/src/test_subqueries.zig:509:5: 0x132ea0e in test.subquery: subquery with LIMIT (test_subqueries.zig)
    try setupBasicTables(&db);
    ^
error: 'test_subqueries.test.subquery: subquery with ORDER BY' failed: === VALIDATION ERRORS ===
ERROR: INSERT command must specify at least one column
HINT: Try: INSERT INTO table_name (col1, col2) VALUES (val1, val2)
=========================

/home/wassie/Desktop/zig database/zvdb/src/database/executor/command_executor.zig:78:13: 0x11c3833 in handleValidationResult (test_subqueries.zig)
            return sql.SqlError.ValidationFailed;
            ^
/home/wassie/Desktop/zig database/zvdb/src/database/executor/command_executor.zig:196:9: 0x11cffd9 in executeInsert (test_subqueries.zig)
        try handleValidationResult(db, &validation_result);
        ^
/home/wassie/Desktop/zig database/zvdb/src/database/executor.zig:61:29: 0x11fd46c in execute (test_subqueries.zig)
        .insert => |insert| try command_executor.executeInsert(db, insert),
                            ^
/home/wassie/Desktop/zig database/zvdb/src/database/core.zig:193:9: 0x11fe801 in execute (test_subqueries.zig)
        return executor.execute(self, query);
        ^
/home/wassie/Desktop/zig database/zvdb/src/test_subqueries.zig:15:18: 0x11fe8db in executeAndCleanup (test_subqueries.zig)
    var result = try db.execute(query);
                 ^
/home/wassie/Desktop/zig database/zvdb/src/test_subqueries.zig:23:5: 0x11fea32 in setupBasicTables (test_subqueries.zig)
    try executeAndCleanup(db, "INSERT INTO users VALUES (1, 'Alice', 25)");
    ^
/home/wassie/Desktop/zig database/zvdb/src/test_subqueries.zig:523:5: 0x132eefe in test.subquery: subquery with ORDER BY (test_subqueries.zig)
    try setupBasicTables(&db);
    ^
error: 'test_subqueries.test.subquery: empty outer table with subquery' failed: === VALIDATION ERRORS ===
ERROR: INSERT command must specify at least one column
HINT: Try: INSERT INTO table_name (col1, col2) VALUES (val1, val2)
=========================

/home/wassie/Desktop/zig database/zvdb/src/database/executor/command_executor.zig:78:13: 0x11c3833 in handleValidationResult (test_subqueries.zig)
            return sql.SqlError.ValidationFailed;
            ^
/home/wassie/Desktop/zig database/zvdb/src/database/executor/command_executor.zig:196:9: 0x11cffd9 in executeInsert (test_subqueries.zig)
        try handleValidationResult(db, &validation_result);
        ^
/home/wassie/Desktop/zig database/zvdb/src/database/executor.zig:61:29: 0x11fd46c in execute (test_subqueries.zig)
        .insert => |insert| try command_executor.executeInsert(db, insert),
                            ^
/home/wassie/Desktop/zig database/zvdb/src/database/core.zig:193:9: 0x11fe801 in execute (test_subqueries.zig)
        return executor.execute(self, query);
        ^
/home/wassie/Desktop/zig database/zvdb/src/test_subqueries.zig:15:18: 0x11fe8db in executeAndCleanup (test_subqueries.zig)
    var result = try db.execute(query);
                 ^
/home/wassie/Desktop/zig database/zvdb/src/test_subqueries.zig:541:5: 0x132f556 in test.subquery: empty outer table with subquery (test_subqueries.zig)
    try executeAndCleanup(&db, "INSERT INTO orders VALUES (1, 1)");
    ^
error: 'test_subqueries.test.subquery: IN with multiple matching values' failed: === VALIDATION ERRORS ===
ERROR: INSERT command must specify at least one column
HINT: Try: INSERT INTO table_name (col1, col2) VALUES (val1, val2)
=========================

/home/wassie/Desktop/zig database/zvdb/src/database/executor/command_executor.zig:78:13: 0x11c3833 in handleValidationResult (test_subqueries.zig)
            return sql.SqlError.ValidationFailed;
            ^
/home/wassie/Desktop/zig database/zvdb/src/database/executor/command_executor.zig:196:9: 0x11cffd9 in executeInsert (test_subqueries.zig)
        try handleValidationResult(db, &validation_result);
        ^
/home/wassie/Desktop/zig database/zvdb/src/database/executor.zig:61:29: 0x11fd46c in execute (test_subqueries.zig)
        .insert => |insert| try command_executor.executeInsert(db, insert),
                            ^
/home/wassie/Desktop/zig database/zvdb/src/database/core.zig:193:9: 0x11fe801 in execute (test_subqueries.zig)
        return executor.execute(self, query);
        ^
/home/wassie/Desktop/zig database/zvdb/src/test_subqueries.zig:15:18: 0x11fe8db in executeAndCleanup (test_subqueries.zig)
    var result = try db.execute(query);
                 ^
/home/wassie/Desktop/zig database/zvdb/src/test_subqueries.zig:555:5: 0x132fb79 in test.subquery: IN with multiple matching values (test_subqueries.zig)
    try executeAndCleanup(&db, "INSERT INTO users VALUES (1, 'Alice')");
    ^
error: 'test_subqueries.test.subquery: scalar subquery with different data types' failed: === VALIDATION ERRORS ===
ERROR: INSERT command must specify at least one column
HINT: Try: INSERT INTO table_name (col1, col2) VALUES (val1, val2)
=========================

/home/wassie/Desktop/zig database/zvdb/src/database/executor/command_executor.zig:78:13: 0x11c3833 in handleValidationResult (test_subqueries.zig)
            return sql.SqlError.ValidationFailed;
            ^
/home/wassie/Desktop/zig database/zvdb/src/database/executor/command_executor.zig:196:9: 0x11cffd9 in executeInsert (test_subqueries.zig)
        try handleValidationResult(db, &validation_result);
        ^
/home/wassie/Desktop/zig database/zvdb/src/database/executor.zig:61:29: 0x11fd46c in execute (test_subqueries.zig)
        .insert => |insert| try command_executor.executeInsert(db, insert),
                            ^
/home/wassie/Desktop/zig database/zvdb/src/database/core.zig:193:9: 0x11fe801 in execute (test_subqueries.zig)
        return executor.execute(self, query);
        ^
/home/wassie/Desktop/zig database/zvdb/src/test_subqueries.zig:15:18: 0x11fe8db in executeAndCleanup (test_subqueries.zig)
    var result = try db.execute(query);
                 ^
/home/wassie/Desktop/zig database/zvdb/src/test_subqueries.zig:577:5: 0x13307b9 in test.subquery: scalar subquery with different data types (test_subqueries.zig)
    try executeAndCleanup(&db, "INSERT INTO stats VALUES (5)");
    ^
error: 'test_subqueries.test.subquery: with aggregate functions in outer query' failed: === VALIDATION ERRORS ===
ERROR: INSERT command must specify at least one column
HINT: Try: INSERT INTO table_name (col1, col2) VALUES (val1, val2)
=========================

/home/wassie/Desktop/zig database/zvdb/src/database/executor/command_executor.zig:78:13: 0x11c3833 in handleValidationResult (test_subqueries.zig)
            return sql.SqlError.ValidationFailed;
            ^
/home/wassie/Desktop/zig database/zvdb/src/database/executor/command_executor.zig:196:9: 0x11cffd9 in executeInsert (test_subqueries.zig)
        try handleValidationResult(db, &validation_result);
        ^
/home/wassie/Desktop/zig database/zvdb/src/database/executor.zig:61:29: 0x11fd46c in execute (test_subqueries.zig)
        .insert => |insert| try command_executor.executeInsert(db, insert),
                            ^
/home/wassie/Desktop/zig database/zvdb/src/database/core.zig:193:9: 0x11fe801 in execute (test_subqueries.zig)
        return executor.execute(self, query);
        ^
/home/wassie/Desktop/zig database/zvdb/src/test_subqueries.zig:15:18: 0x11fe8db in executeAndCleanup (test_subqueries.zig)
    var result = try db.execute(query);
                 ^
/home/wassie/Desktop/zig database/zvdb/src/test_subqueries.zig:602:5: 0x1331229 in test.subquery: with aggregate functions in outer query (test_subqueries.zig)
    try executeAndCleanup(&db, "INSERT INTO employees VALUES (1, 'Alice', 'Engineering', 80000)");
    ^
error: 'test_subqueries.test.subquery: with JOIN in outer query' failed: === VALIDATION ERRORS ===
ERROR: INSERT command must specify at least one column
HINT: Try: INSERT INTO table_name (col1, col2) VALUES (val1, val2)
=========================

/home/wassie/Desktop/zig database/zvdb/src/database/executor/command_executor.zig:78:13: 0x11c3833 in handleValidationResult (test_subqueries.zig)
            return sql.SqlError.ValidationFailed;
            ^
/home/wassie/Desktop/zig database/zvdb/src/database/executor/command_executor.zig:196:9: 0x11cffd9 in executeInsert (test_subqueries.zig)
        try handleValidationResult(db, &validation_result);
        ^
/home/wassie/Desktop/zig database/zvdb/src/database/executor.zig:61:29: 0x11fd46c in execute (test_subqueries.zig)
        .insert => |insert| try command_executor.executeInsert(db, insert),
                            ^
/home/wassie/Desktop/zig database/zvdb/src/database/core.zig:193:9: 0x11fe801 in execute (test_subqueries.zig)
        return executor.execute(self, query);
        ^
/home/wassie/Desktop/zig database/zvdb/src/test_subqueries.zig:15:18: 0x11fe8db in executeAndCleanup (test_subqueries.zig)
    var result = try db.execute(query);
                 ^
/home/wassie/Desktop/zig database/zvdb/src/test_subqueries.zig:622:5: 0x1331f39 in test.subquery: with JOIN in outer query (test_subqueries.zig)
    try executeAndCleanup(&db, "INSERT INTO users VALUES (1, 'Alice')");
    ^
error: 'test_subqueries.test.subquery: multiple subqueries in WHERE' failed: === VALIDATION ERRORS ===
ERROR: INSERT command must specify at least one column
HINT: Try: INSERT INTO table_name (col1, col2) VALUES (val1, val2)
=========================

/home/wassie/Desktop/zig database/zvdb/src/database/executor/command_executor.zig:78:13: 0x11c3833 in handleValidationResult (test_subqueries.zig)
            return sql.SqlError.ValidationFailed;
            ^
/home/wassie/Desktop/zig database/zvdb/src/database/executor/command_executor.zig:196:9: 0x11cffd9 in executeInsert (test_subqueries.zig)
        try handleValidationResult(db, &validation_result);
        ^
/home/wassie/Desktop/zig database/zvdb/src/database/executor.zig:61:29: 0x11fd46c in execute (test_subqueries.zig)
        .insert => |insert| try command_executor.executeInsert(db, insert),
                            ^
/home/wassie/Desktop/zig database/zvdb/src/database/core.zig:193:9: 0x11fe801 in execute (test_subqueries.zig)
        return executor.execute(self, query);
        ^
/home/wassie/Desktop/zig database/zvdb/src/test_subqueries.zig:15:18: 0x11fe8db in executeAndCleanup (test_subqueries.zig)
    var result = try db.execute(query);
                 ^
/home/wassie/Desktop/zig database/zvdb/src/test_subqueries.zig:647:5: 0x1332fe9 in test.subquery: multiple subqueries in WHERE (test_subqueries.zig)
    try executeAndCleanup(&db, "INSERT INTO users VALUES (1, 'Alice', 25)");
    ^
error: 'test_subqueries.test.subquery: with GROUP BY and aggregates' failed: === VALIDATION ERRORS ===
ERROR: INSERT command must specify at least one column
HINT: Try: INSERT INTO table_name (col1, col2) VALUES (val1, val2)
=========================

/home/wassie/Desktop/zig database/zvdb/src/database/executor/command_executor.zig:78:13: 0x11c3833 in handleValidationResult (test_subqueries.zig)
            return sql.SqlError.ValidationFailed;
            ^
/home/wassie/Desktop/zig database/zvdb/src/database/executor/command_executor.zig:196:9: 0x11cffd9 in executeInsert (test_subqueries.zig)
        try handleValidationResult(db, &validation_result);
        ^
/home/wassie/Desktop/zig database/zvdb/src/database/executor.zig:61:29: 0x11fd46c in execute (test_subqueries.zig)
        .insert => |insert| try command_executor.executeInsert(db, insert),
                            ^
/home/wassie/Desktop/zig database/zvdb/src/database/core.zig:193:9: 0x11fe801 in execute (test_subqueries.zig)
        return executor.execute(self, query);
        ^
/home/wassie/Desktop/zig database/zvdb/src/test_subqueries.zig:15:18: 0x11fe8db in executeAndCleanup (test_subqueries.zig)
    var result = try db.execute(query);
                 ^
/home/wassie/Desktop/zig database/zvdb/src/test_subqueries.zig:672:5: 0x13340a9 in test.subquery: with GROUP BY and aggregates (test_subqueries.zig)
    try executeAndCleanup(&db, "INSERT INTO sales VALUES (1, 'Widget', 100.0, 'North')");
    ^
error: 'test_subqueries.test.subquery: in UPDATE statement' failed: === VALIDATION ERRORS ===
ERROR: INSERT command must specify at least one column
HINT: Try: INSERT INTO table_name (col1, col2) VALUES (val1, val2)
=========================

/home/wassie/Desktop/zig database/zvdb/src/database/executor/command_executor.zig:78:13: 0x11c3833 in handleValidationResult (test_subqueries.zig)
            return sql.SqlError.ValidationFailed;
            ^
/home/wassie/Desktop/zig database/zvdb/src/database/executor/command_executor.zig:196:9: 0x11cffd9 in executeInsert (test_subqueries.zig)
        try handleValidationResult(db, &validation_result);
        ^
/home/wassie/Desktop/zig database/zvdb/src/database/executor.zig:61:29: 0x11fd46c in execute (test_subqueries.zig)
        .insert => |insert| try command_executor.executeInsert(db, insert),
                            ^
/home/wassie/Desktop/zig database/zvdb/src/database/core.zig:193:9: 0x11fe801 in execute (test_subqueries.zig)
        return executor.execute(self, query);
        ^
/home/wassie/Desktop/zig database/zvdb/src/test_subqueries.zig:15:18: 0x11fe8db in executeAndCleanup (test_subqueries.zig)
    var result = try db.execute(query);
                 ^
/home/wassie/Desktop/zig database/zvdb/src/test_subqueries.zig:691:5: 0x1334949 in test.subquery: in UPDATE statement (test_subqueries.zig)
    try executeAndCleanup(&db, "INSERT INTO users VALUES (1, 'Alice', 'regular')");
    ^
error: 'test_subqueries.test.subquery: nested IN subqueries - 2 levels' failed: === VALIDATION ERRORS ===
ERROR: INSERT command must specify at least one column
HINT: Try: INSERT INTO table_name (col1, col2) VALUES (val1, val2)
=========================

/home/wassie/Desktop/zig database/zvdb/src/database/executor/command_executor.zig:78:13: 0x11c3833 in handleValidationResult (test_subqueries.zig)
            return sql.SqlError.ValidationFailed;
            ^
/home/wassie/Desktop/zig database/zvdb/src/database/executor/command_executor.zig:196:9: 0x11cffd9 in executeInsert (test_subqueries.zig)
        try handleValidationResult(db, &validation_result);
        ^
/home/wassie/Desktop/zig database/zvdb/src/database/executor.zig:61:29: 0x11fd46c in execute (test_subqueries.zig)
        .insert => |insert| try command_executor.executeInsert(db, insert),
                            ^
/home/wassie/Desktop/zig database/zvdb/src/database/core.zig:193:9: 0x11fe801 in execute (test_subqueries.zig)
        return executor.execute(self, query);
        ^
/home/wassie/Desktop/zig database/zvdb/src/test_subqueries.zig:15:18: 0x11fe8db in executeAndCleanup (test_subqueries.zig)
    var result = try db.execute(query);
                 ^
/home/wassie/Desktop/zig database/zvdb/src/test_subqueries.zig:718:5: 0x1335499 in test.subquery: nested IN subqueries - 2 levels (test_subqueries.zig)
    try executeAndCleanup(&db, "INSERT INTO a VALUES (1)");
    ^
error: 'test_subqueries.test.subquery: nested IN subqueries - 3 levels' failed: === VALIDATION ERRORS ===
ERROR: INSERT command must specify at least one column
HINT: Try: INSERT INTO table_name (col1, col2) VALUES (val1, val2)
=========================

/home/wassie/Desktop/zig database/zvdb/src/database/executor/command_executor.zig:78:13: 0x11c3833 in handleValidationResult (test_subqueries.zig)
            return sql.SqlError.ValidationFailed;
            ^
/home/wassie/Desktop/zig database/zvdb/src/database/executor/command_executor.zig:196:9: 0x11cffd9 in executeInsert (test_subqueries.zig)
        try handleValidationResult(db, &validation_result);
        ^
/home/wassie/Desktop/zig database/zvdb/src/database/executor.zig:61:29: 0x11fd46c in execute (test_subqueries.zig)
        .insert => |insert| try command_executor.executeInsert(db, insert),
                            ^
/home/wassie/Desktop/zig database/zvdb/src/database/core.zig:193:9: 0x11fe801 in execute (test_subqueries.zig)
        return executor.execute(self, query);
        ^
/home/wassie/Desktop/zig database/zvdb/src/test_subqueries.zig:15:18: 0x11fe8db in executeAndCleanup (test_subqueries.zig)
    var result = try db.execute(query);
                 ^
/home/wassie/Desktop/zig database/zvdb/src/test_subqueries.zig:743:5: 0x13364d9 in test.subquery: nested IN subqueries - 3 levels (test_subqueries.zig)
    try executeAndCleanup(&db, "INSERT INTO t1 VALUES (1)");
    ^
error: 'test_subqueries.test.subquery: scalar subquery containing subquery' failed: === VALIDATION ERRORS ===
ERROR: INSERT command must specify at least one column
HINT: Try: INSERT INTO table_name (col1, col2) VALUES (val1, val2)
=========================

/home/wassie/Desktop/zig database/zvdb/src/database/executor/command_executor.zig:78:13: 0x11c3833 in handleValidationResult (test_subqueries.zig)
            return sql.SqlError.ValidationFailed;
            ^
/home/wassie/Desktop/zig database/zvdb/src/database/executor/command_executor.zig:196:9: 0x11cffd9 in executeInsert (test_subqueries.zig)
        try handleValidationResult(db, &validation_result);
        ^
/home/wassie/Desktop/zig database/zvdb/src/database/executor.zig:61:29: 0x11fd46c in execute (test_subqueries.zig)
        .insert => |insert| try command_executor.executeInsert(db, insert),
                            ^
/home/wassie/Desktop/zig database/zvdb/src/database/core.zig:193:9: 0x11fe801 in execute (test_subqueries.zig)
        return executor.execute(self, query);
        ^
/home/wassie/Desktop/zig database/zvdb/src/test_subqueries.zig:15:18: 0x11fe8db in executeAndCleanup (test_subqueries.zig)
    var result = try db.execute(query);
                 ^
/home/wassie/Desktop/zig database/zvdb/src/test_subqueries.zig:768:5: 0x1337519 in test.subquery: scalar subquery containing subquery (test_subqueries.zig)
    try executeAndCleanup(&db, "INSERT INTO products VALUES (1, 'Widget', 10.0, 1)");
    ^
error: 'test_subqueries.test.subquery: EXISTS with nested subquery' failed: === VALIDATION ERRORS ===
ERROR: INSERT command must specify at least one column
HINT: Try: INSERT INTO table_name (col1, col2) VALUES (val1, val2)
=========================

/home/wassie/Desktop/zig database/zvdb/src/database/executor/command_executor.zig:78:13: 0x11c3833 in handleValidationResult (test_subqueries.zig)
            return sql.SqlError.ValidationFailed;
            ^
/home/wassie/Desktop/zig database/zvdb/src/database/executor/command_executor.zig:196:9: 0x11cffd9 in executeInsert (test_subqueries.zig)
        try handleValidationResult(db, &validation_result);
        ^
/home/wassie/Desktop/zig database/zvdb/src/database/executor.zig:61:29: 0x11fd46c in execute (test_subqueries.zig)
        .insert => |insert| try command_executor.executeInsert(db, insert),
                            ^
/home/wassie/Desktop/zig database/zvdb/src/database/core.zig:193:9: 0x11fe801 in execute (test_subqueries.zig)
        return executor.execute(self, query);
        ^
/home/wassie/Desktop/zig database/zvdb/src/test_subqueries.zig:15:18: 0x11fe8db in executeAndCleanup (test_subqueries.zig)
    var result = try db.execute(query);
                 ^
/home/wassie/Desktop/zig database/zvdb/src/test_subqueries.zig:790:5: 0x1338319 in test.subquery: EXISTS with nested subquery (test_subqueries.zig)
    try executeAndCleanup(&db, "INSERT INTO users VALUES (1, 'Alice')");
    ^
error: 'test_subqueries.test.subquery: error - scalar subquery returns multiple rows' failed: === VALIDATION ERRORS ===
ERROR: INSERT command must specify at least one column
HINT: Try: INSERT INTO table_name (col1, col2) VALUES (val1, val2)
=========================

/home/wassie/Desktop/zig database/zvdb/src/database/executor/command_executor.zig:78:13: 0x11c3833 in handleValidationResult (test_subqueries.zig)
            return sql.SqlError.ValidationFailed;
            ^
/home/wassie/Desktop/zig database/zvdb/src/database/executor/command_executor.zig:196:9: 0x11cffd9 in executeInsert (test_subqueries.zig)
        try handleValidationResult(db, &validation_result);
        ^
/home/wassie/Desktop/zig database/zvdb/src/database/executor.zig:61:29: 0x11fd46c in execute (test_subqueries.zig)
        .insert => |insert| try command_executor.executeInsert(db, insert),
                            ^
/home/wassie/Desktop/zig database/zvdb/src/database/core.zig:193:9: 0x11fe801 in execute (test_subqueries.zig)
        return executor.execute(self, query);
        ^
/home/wassie/Desktop/zig database/zvdb/src/test_subqueries.zig:15:18: 0x11fe8db in executeAndCleanup (test_subqueries.zig)
    var result = try db.execute(query);
                 ^
/home/wassie/Desktop/zig database/zvdb/src/test_subqueries.zig:37:5: 0x132b742 in setupProductTables (test_subqueries.zig)
    try executeAndCleanup(db, "INSERT INTO products VALUES (1, 'Widget', 10.0, 'tools')");
    ^
/home/wassie/Desktop/zig database/zvdb/src/test_subqueries.zig:814:5: 0x1338e42 in test.subquery: error - scalar subquery returns multiple rows (test_subqueries.zig)
    try setupProductTables(&db);
    ^
error: 'test_subqueries.test.subquery: error - table not found in subquery' failed: === VALIDATION ERRORS ===
ERROR: INSERT command must specify at least one column
HINT: Try: INSERT INTO table_name (col1, col2) VALUES (val1, val2)
=========================

/home/wassie/Desktop/zig database/zvdb/src/database/executor/command_executor.zig:78:13: 0x11c3833 in handleValidationResult (test_subqueries.zig)
            return sql.SqlError.ValidationFailed;
            ^
/home/wassie/Desktop/zig database/zvdb/src/database/executor/command_executor.zig:196:9: 0x11cffd9 in executeInsert (test_subqueries.zig)
        try handleValidationResult(db, &validation_result);
        ^
/home/wassie/Desktop/zig database/zvdb/src/database/executor.zig:61:29: 0x11fd46c in execute (test_subqueries.zig)
        .insert => |insert| try command_executor.executeInsert(db, insert),
                            ^
/home/wassie/Desktop/zig database/zvdb/src/database/core.zig:193:9: 0x11fe801 in execute (test_subqueries.zig)
        return executor.execute(self, query);
        ^
/home/wassie/Desktop/zig database/zvdb/src/test_subqueries.zig:15:18: 0x11fe8db in executeAndCleanup (test_subqueries.zig)
    var result = try db.execute(query);
                 ^
/home/wassie/Desktop/zig database/zvdb/src/test_subqueries.zig:828:5: 0x1343da3 in test.subquery: error - table not found in subquery (test_subqueries.zig)
    try executeAndCleanup(&db, "INSERT INTO users VALUES (1, 'Alice')");
    ^
error: 'test_subqueries.test.subquery: error - column not found in subquery' failed: === VALIDATION ERRORS ===
ERROR: INSERT command must specify at least one column
HINT: Try: INSERT INTO table_name (col1, col2) VALUES (val1, val2)
=========================

/home/wassie/Desktop/zig database/zvdb/src/database/executor/command_executor.zig:78:13: 0x11c3833 in handleValidationResult (test_subqueries.zig)
            return sql.SqlError.ValidationFailed;
            ^
/home/wassie/Desktop/zig database/zvdb/src/database/executor/command_executor.zig:196:9: 0x11cffd9 in executeInsert (test_subqueries.zig)
        try handleValidationResult(db, &validation_result);
        ^
/home/wassie/Desktop/zig database/zvdb/src/database/executor.zig:61:29: 0x11fd46c in execute (test_subqueries.zig)
        .insert => |insert| try command_executor.executeInsert(db, insert),
                            ^
/home/wassie/Desktop/zig database/zvdb/src/database/core.zig:193:9: 0x11fe801 in execute (test_subqueries.zig)
        return executor.execute(self, query);
        ^
/home/wassie/Desktop/zig database/zvdb/src/test_subqueries.zig:15:18: 0x11fe8db in executeAndCleanup (test_subqueries.zig)
    var result = try db.execute(query);
                 ^
/home/wassie/Desktop/zig database/zvdb/src/test_subqueries.zig:841:5: 0x1344273 in test.subquery: error - column not found in subquery (test_subqueries.zig)
    try executeAndCleanup(&db, "INSERT INTO users VALUES (1, 'Alice')");
    ^
error: 'database.validator.test.levenshteinDistance: multiple differences' failed: expected 2, found 1
/usr/lib/zig/std/testing.zig:110:17: 0x11fed39 in expectEqualInner__anon_32441 (std.zig)
                return error.TestExpectedEqual;
                ^
/home/wassie/Desktop/zig database/zvdb/src/database/validator.zig:1321:5: 0x14248cc in test.levenshteinDistance: multiple differences (test_subqueries.zig)
    try testing.expectEqual(@as(usize, 2), levenshteinDistance("user_name", "username")); // underscore removed
    ^
error: 'database.validator.test.levenshteinDistance: typos' failed: expected 1, found 2
/usr/lib/zig/std/testing.zig:110:17: 0x11fed39 in expectEqualInner__anon_32441 (std.zig)
                return error.TestExpectedEqual;
                ^
/home/wassie/Desktop/zig database/zvdb/src/database/validator.zig:1325:5: 0x142499c in test.levenshteinDistance: typos (test_subqueries.zig)
    try testing.expectEqual(@as(usize, 1), levenshteinDistance("name", "nmae")); // transposition (counted as 2 in basic LD)
    ^
error: while executing test 'database.column_matching.test.findColumnIndex: not found', the following test command failed:
./.zig-cache/o/8c8a53f329422595bbe659b2b6bcc049/test --cache-dir=./.zig-cache --seed=0x3dbf8d2d --listen=-
test
+- run test 100/109 passed, 9 failed
error: 'test_order_by.test.ORDER BY: Basic ASC' failed: === VALIDATION ERRORS ===
ERROR: INSERT command must specify at least one column
HINT: Try: INSERT INTO table_name (col1, col2) VALUES (val1, val2)
=========================

/home/wassie/Desktop/zig database/zvdb/src/database/executor/command_executor.zig:78:13: 0x1089293 in handleValidationResult (test_order_by.zig)
            return sql.SqlError.ValidationFailed;
            ^
/home/wassie/Desktop/zig database/zvdb/src/database/executor/command_executor.zig:196:9: 0x1095a39 in executeInsert (test_order_by.zig)
        try handleValidationResult(db, &validation_result);
        ^
/home/wassie/Desktop/zig database/zvdb/src/database/executor.zig:61:29: 0x10c2f4c in execute (test_order_by.zig)
        .insert => |insert| try command_executor.executeInsert(db, insert),
                            ^
/home/wassie/Desktop/zig database/zvdb/src/database/core.zig:193:9: 0x10c42e1 in execute (test_order_by.zig)
        return executor.execute(self, query);
        ^
/home/wassie/Desktop/zig database/zvdb/src/test_order_by.zig:13:19: 0x10c4574 in test.ORDER BY: Basic ASC (test_order_by.zig)
    var insert1 = try db.execute("INSERT INTO users VALUES (1, \"Charlie\", 35)");
                  ^
error: 'test_order_by.test.ORDER BY: Basic DESC' failed: === VALIDATION ERRORS ===
ERROR: INSERT command must specify at least one column
HINT: Try: INSERT INTO table_name (col1, col2) VALUES (val1, val2)
=========================

/home/wassie/Desktop/zig database/zvdb/src/database/executor/command_executor.zig:78:13: 0x1089293 in handleValidationResult (test_order_by.zig)
            return sql.SqlError.ValidationFailed;
            ^
/home/wassie/Desktop/zig database/zvdb/src/database/executor/command_executor.zig:196:9: 0x1095a39 in executeInsert (test_order_by.zig)
        try handleValidationResult(db, &validation_result);
        ^
/home/wassie/Desktop/zig database/zvdb/src/database/executor.zig:61:29: 0x10c2f4c in execute (test_order_by.zig)
        .insert => |insert| try command_executor.executeInsert(db, insert),
                            ^
/home/wassie/Desktop/zig database/zvdb/src/database/core.zig:193:9: 0x10c42e1 in execute (test_order_by.zig)
        return executor.execute(self, query);
        ^
/home/wassie/Desktop/zig database/zvdb/src/test_order_by.zig:37:19: 0x132c2c4 in test.ORDER BY: Basic DESC (test_order_by.zig)
    var insert1 = try db.execute("INSERT INTO users VALUES (1, \"Charlie\", 35)");
                  ^
error: 'test_order_by.test.ORDER BY: Multiple columns' failed: === VALIDATION ERRORS ===
ERROR: INSERT command must specify at least one column
HINT: Try: INSERT INTO table_name (col1, col2) VALUES (val1, val2)
=========================

/home/wassie/Desktop/zig database/zvdb/src/database/executor/command_executor.zig:78:13: 0x1089293 in handleValidationResult (test_order_by.zig)
            return sql.SqlError.ValidationFailed;
            ^
/home/wassie/Desktop/zig database/zvdb/src/database/executor/command_executor.zig:196:9: 0x1095a39 in executeInsert (test_order_by.zig)
        try handleValidationResult(db, &validation_result);
        ^
/home/wassie/Desktop/zig database/zvdb/src/database/executor.zig:61:29: 0x10c2f4c in execute (test_order_by.zig)
        .insert => |insert| try command_executor.executeInsert(db, insert),
                            ^
/home/wassie/Desktop/zig database/zvdb/src/database/core.zig:193:9: 0x10c42e1 in execute (test_order_by.zig)
        return executor.execute(self, query);
        ^
/home/wassie/Desktop/zig database/zvdb/src/test_order_by.zig:61:19: 0x132da0b in test.ORDER BY: Multiple columns (test_order_by.zig)
    var insert1 = try db.execute("INSERT INTO users VALUES (1, \"Charlie\", 30)");
                  ^
error: 'test_order_by.test.ORDER BY: With LIMIT' failed: === VALIDATION ERRORS ===
ERROR: INSERT command must specify at least one column
HINT: Try: INSERT INTO table_name (col1, col2) VALUES (val1, val2)
=========================

/home/wassie/Desktop/zig database/zvdb/src/database/executor/command_executor.zig:78:13: 0x1089293 in handleValidationResult (test_order_by.zig)
            return sql.SqlError.ValidationFailed;
            ^
/home/wassie/Desktop/zig database/zvdb/src/database/executor/command_executor.zig:196:9: 0x1095a39 in executeInsert (test_order_by.zig)
        try handleValidationResult(db, &validation_result);
        ^
/home/wassie/Desktop/zig database/zvdb/src/database/executor.zig:61:29: 0x10c2f4c in execute (test_order_by.zig)
        .insert => |insert| try command_executor.executeInsert(db, insert),
                            ^
/home/wassie/Desktop/zig database/zvdb/src/database/core.zig:193:9: 0x10c42e1 in execute (test_order_by.zig)
        return executor.execute(self, query);
        ^
/home/wassie/Desktop/zig database/zvdb/src/test_order_by.zig:90:19: 0x132fae4 in test.ORDER BY: With LIMIT (test_order_by.zig)
    var insert1 = try db.execute("INSERT INTO users VALUES (1, \"Charlie\", 35)");
                  ^
error: 'test_order_by.test.ORDER BY: Text column' failed: === VALIDATION ERRORS ===
ERROR: INSERT command must specify at least one column
HINT: Try: INSERT INTO table_name (col1, col2) VALUES (val1, val2)
=========================

/home/wassie/Desktop/zig database/zvdb/src/database/executor/command_executor.zig:78:13: 0x1089293 in handleValidationResult (test_order_by.zig)
            return sql.SqlError.ValidationFailed;
            ^
/home/wassie/Desktop/zig database/zvdb/src/database/executor/command_executor.zig:196:9: 0x1095a39 in executeInsert (test_order_by.zig)
        try handleValidationResult(db, &validation_result);
        ^
/home/wassie/Desktop/zig database/zvdb/src/database/executor.zig:61:29: 0x10c2f4c in execute (test_order_by.zig)
        .insert => |insert| try command_executor.executeInsert(db, insert),
                            ^
/home/wassie/Desktop/zig database/zvdb/src/database/core.zig:193:9: 0x10c42e1 in execute (test_order_by.zig)
        return executor.execute(self, query);
        ^
/home/wassie/Desktop/zig database/zvdb/src/test_order_by.zig:115:19: 0x1330fa4 in test.ORDER BY: Text column (test_order_by.zig)
    var insert1 = try db.execute("INSERT INTO users VALUES (1, \"Charlie\")");
                  ^
error: 'test_order_by.test.ORDER BY: GROUP BY with COUNT' failed: === VALIDATION ERRORS ===
ERROR: INSERT command must specify at least one column
HINT: Try: INSERT INTO table_name (col1, col2) VALUES (val1, val2)
=========================

/home/wassie/Desktop/zig database/zvdb/src/database/executor/command_executor.zig:78:13: 0x1089293 in handleValidationResult (test_order_by.zig)
            return sql.SqlError.ValidationFailed;
            ^
/home/wassie/Desktop/zig database/zvdb/src/database/executor/command_executor.zig:196:9: 0x1095a39 in executeInsert (test_order_by.zig)
        try handleValidationResult(db, &validation_result);
        ^
/home/wassie/Desktop/zig database/zvdb/src/database/executor.zig:61:29: 0x10c2f4c in execute (test_order_by.zig)
        .insert => |insert| try command_executor.executeInsert(db, insert),
                            ^
/home/wassie/Desktop/zig database/zvdb/src/database/core.zig:193:9: 0x10c42e1 in execute (test_order_by.zig)
        return executor.execute(self, query);
        ^
/home/wassie/Desktop/zig database/zvdb/src/test_order_by.zig:139:19: 0x1332854 in test.ORDER BY: GROUP BY with COUNT (test_order_by.zig)
    var insert1 = try db.execute("INSERT INTO sales VALUES (1, \"IT\", 100)");
                  ^
error: 'test_order_by.test.ORDER BY: JOIN with ORDER BY' failed: === VALIDATION ERRORS ===
ERROR: INSERT command must specify at least one column
HINT: Try: INSERT INTO table_name (col1, col2) VALUES (val1, val2)
=========================

/home/wassie/Desktop/zig database/zvdb/src/database/executor/command_executor.zig:78:13: 0x1089293 in handleValidationResult (test_order_by.zig)
            return sql.SqlError.ValidationFailed;
            ^
/home/wassie/Desktop/zig database/zvdb/src/database/executor/command_executor.zig:196:9: 0x1095a39 in executeInsert (test_order_by.zig)
        try handleValidationResult(db, &validation_result);
        ^
/home/wassie/Desktop/zig database/zvdb/src/database/executor.zig:61:29: 0x10c2f4c in execute (test_order_by.zig)
        .insert => |insert| try command_executor.executeInsert(db, insert),
                            ^
/home/wassie/Desktop/zig database/zvdb/src/database/core.zig:193:9: 0x10c42e1 in execute (test_order_by.zig)
        return executor.execute(self, query);
        ^
/home/wassie/Desktop/zig database/zvdb/src/test_order_by.zig:168:24: 0x1333ba4 in test.ORDER BY: JOIN with ORDER BY (test_order_by.zig)
    var insert_user1 = try db.execute("INSERT INTO users VALUES (1, \"Alice\", 1)");
                       ^
error: 'database.validator.test.levenshteinDistance: multiple differences' failed: expected 2, found 1
/usr/lib/zig/std/testing.zig:110:17: 0x1396a29 in expectEqualInner__anon_51702 (std.zig)
                return error.TestExpectedEqual;
                ^
/home/wassie/Desktop/zig database/zvdb/src/database/validator.zig:1321:5: 0x13fdccc in test.levenshteinDistance: multiple differences (test_order_by.zig)
    try testing.expectEqual(@as(usize, 2), levenshteinDistance("user_name", "username")); // underscore removed
    ^
error: 'database.validator.test.levenshteinDistance: typos' failed: expected 1, found 2
/usr/lib/zig/std/testing.zig:110:17: 0x1396a29 in expectEqualInner__anon_51702 (std.zig)
                return error.TestExpectedEqual;
                ^
/home/wassie/Desktop/zig database/zvdb/src/database/validator.zig:1325:5: 0x13fdd9c in test.levenshteinDistance: typos (test_order_by.zig)
    try testing.expectEqual(@as(usize, 1), levenshteinDistance("name", "nmae")); // transposition (counted as 2 in basic LD)
    ^
error: while executing test 'database.column_matching.test.findColumnIndex: not found', the following test command failed:
./.zig-cache/o/c528ffed8d64b5f0cb78bc5e2dd02d6e/test --cache-dir=./.zig-cache --seed=0x3dbf8d2d --listen=-
test
+- run test failure
thread 479547 panic: index out of bounds: index 258, len 256
/home/wassie/Desktop/zig database/zvdb/src/database/validator.zig:833:21: 0x1062bfe in levenshteinDistance (test_validator_negative.zig)
        matrix_slice[i * cols] = i;
                    ^
/home/wassie/Desktop/zig database/zvdb/src/database/validator.zig:897:45: 0x1040d15 in findSimilarColumnInTable (test_validator_negative.zig)
        const distance = levenshteinDistance(needle, col_def.name);
                                            ^
/home/wassie/Desktop/zig database/zvdb/src/database/validator.zig:608:54: 0x1038fb7 in validateInsert (test_validator_negative.zig)
            const hint = if (findSimilarColumnInTable(col_name, table, 2)) |similar|
                                                     ^
/home/wassie/Desktop/zig database/zvdb/src/test_validator_negative.zig:343:46: 0x116a9c0 in test.validateInsert: very long column name (test_validator_negative.zig)
    var result = try validator.validateInsert(testing.allocator, &insert_cmd, &table);
                                             ^
/usr/lib/zig/compiler/test_runner.zig:130:29: 0x13b50fe in mainServer (test_runner.zig)
                test_fn.func() catch |err| switch (err) {
                            ^
/usr/lib/zig/compiler/test_runner.zig:64:26: 0x13b63b6 in main (test_runner.zig)
        return mainServer() catch @panic("internal test runner failure");
                         ^
/usr/lib/zig/std/start.zig:618:22: 0x13b019d in posixCallMainAndExit (std.zig)
            root.main();
                     ^
/usr/lib/zig/std/start.zig:232:5: 0x13afa31 in _start (std.zig)
    asm volatile (switch (native_arch) {
    ^
???:?:?: 0x0 in ??? (???)
error: while executing test 'test_validator_negative.test.validateInsert: very long column name', the following command terminated with signal 6 (expected exited with code 0):
./.zig-cache/o/4155acbc23eadf3f9ef7c54cfc3c9ff1/test --cache-dir=./.zig-cache --seed=0x3dbf8d2d --listen=-
test
+- run test 109/172 passed, 63 failed
error: 'test_sql.test.SQL: INSERT and SELECT' failed: === VALIDATION ERRORS ===
ERROR: INSERT command must specify at least one column
HINT: Try: INSERT INTO table_name (col1, col2) VALUES (val1, val2)
=========================

/home/wassie/Desktop/zig database/zvdb/src/database/executor/command_executor.zig:78:13: 0x108f293 in handleValidationResult (test_sql.zig)
            return sql.SqlError.ValidationFailed;
            ^
/home/wassie/Desktop/zig database/zvdb/src/database/executor/command_executor.zig:196:9: 0x109ba39 in executeInsert (test_sql.zig)
        try handleValidationResult(db, &validation_result);
        ^
/home/wassie/Desktop/zig database/zvdb/src/database/executor.zig:61:29: 0x10c8f4c in execute (test_sql.zig)
        .insert => |insert| try command_executor.executeInsert(db, insert),
                            ^
/home/wassie/Desktop/zig database/zvdb/src/database/core.zig:193:9: 0x10ca2e1 in execute (test_sql.zig)
        return executor.execute(self, query);
        ^
/home/wassie/Desktop/zig database/zvdb/src/test_sql.zig:25:25: 0x1331224 in test.SQL: INSERT and SELECT (test_sql.zig)
    var insert_result = try db.execute("INSERT INTO users VALUES (1, \"Alice\", 25)");
                        ^
error: 'test_sql.test.SQL: SELECT with WHERE' failed: === VALIDATION ERRORS ===
ERROR: INSERT command must specify at least one column
HINT: Try: INSERT INTO table_name (col1, col2) VALUES (val1, val2)
=========================

/home/wassie/Desktop/zig database/zvdb/src/database/executor/command_executor.zig:78:13: 0x108f293 in handleValidationResult (test_sql.zig)
            return sql.SqlError.ValidationFailed;
            ^
/home/wassie/Desktop/zig database/zvdb/src/database/executor/command_executor.zig:196:9: 0x109ba39 in executeInsert (test_sql.zig)
        try handleValidationResult(db, &validation_result);
        ^
/home/wassie/Desktop/zig database/zvdb/src/database/executor.zig:61:29: 0x10c8f4c in execute (test_sql.zig)
        .insert => |insert| try command_executor.executeInsert(db, insert),
                            ^
/home/wassie/Desktop/zig database/zvdb/src/database/core.zig:193:9: 0x10ca2e1 in execute (test_sql.zig)
        return executor.execute(self, query);
        ^
/home/wassie/Desktop/zig database/zvdb/src/test_sql.zig:56:19: 0x1332274 in test.SQL: SELECT with WHERE (test_sql.zig)
    var insert1 = try db.execute("INSERT INTO products VALUES (1, \"Widget\", 19.99)");
                  ^
error: 'test_sql.test.SQL: SELECT with LIMIT' failed: === VALIDATION ERRORS ===
ERROR: INSERT command must specify at least one column
HINT: Try: INSERT INTO table_name (col1, col2) VALUES (val1, val2)
=========================

/home/wassie/Desktop/zig database/zvdb/src/database/executor/command_executor.zig:78:13: 0x108f293 in handleValidationResult (test_sql.zig)
            return sql.SqlError.ValidationFailed;
            ^
/home/wassie/Desktop/zig database/zvdb/src/database/executor/command_executor.zig:196:9: 0x109ba39 in executeInsert (test_sql.zig)
        try handleValidationResult(db, &validation_result);
        ^
/home/wassie/Desktop/zig database/zvdb/src/database/executor.zig:61:29: 0x10c8f4c in execute (test_sql.zig)
        .insert => |insert| try command_executor.executeInsert(db, insert),
                            ^
/home/wassie/Desktop/zig database/zvdb/src/database/core.zig:193:9: 0x10ca2e1 in execute (test_sql.zig)
        return executor.execute(self, query);
        ^
/home/wassie/Desktop/zig database/zvdb/src/test_sql.zig:75:19: 0x1332cc4 in test.SQL: SELECT with LIMIT (test_sql.zig)
    var insert1 = try db.execute("INSERT INTO items VALUES (1, 100)");
                  ^
error: 'test_sql.test.SQL: DELETE' failed: === VALIDATION ERRORS ===
ERROR: INSERT command must specify at least one column
HINT: Try: INSERT INTO table_name (col1, col2) VALUES (val1, val2)
=========================

/home/wassie/Desktop/zig database/zvdb/src/database/executor/command_executor.zig:78:13: 0x108f293 in handleValidationResult (test_sql.zig)
            return sql.SqlError.ValidationFailed;
            ^
/home/wassie/Desktop/zig database/zvdb/src/database/executor/command_executor.zig:196:9: 0x109ba39 in executeInsert (test_sql.zig)
        try handleValidationResult(db, &validation_result);
        ^
/home/wassie/Desktop/zig database/zvdb/src/database/executor.zig:61:29: 0x10c8f4c in execute (test_sql.zig)
        .insert => |insert| try command_executor.executeInsert(db, insert),
                            ^
/home/wassie/Desktop/zig database/zvdb/src/database/core.zig:193:9: 0x10ca2e1 in execute (test_sql.zig)
        return executor.execute(self, query);
        ^
/home/wassie/Desktop/zig database/zvdb/src/test_sql.zig:96:19: 0x13338c4 in test.SQL: DELETE (test_sql.zig)
    var insert1 = try db.execute("INSERT INTO temp VALUES (1, \"active\")");
                  ^
error: 'test_sql.test.SQL: SELECT specific columns' failed: === VALIDATION ERRORS ===
ERROR: INSERT command must specify at least one column
HINT: Try: INSERT INTO table_name (col1, col2) VALUES (val1, val2)
=========================

/home/wassie/Desktop/zig database/zvdb/src/database/executor/command_executor.zig:78:13: 0x108f293 in handleValidationResult (test_sql.zig)
            return sql.SqlError.ValidationFailed;
            ^
/home/wassie/Desktop/zig database/zvdb/src/database/executor/command_executor.zig:196:9: 0x109ba39 in executeInsert (test_sql.zig)
        try handleValidationResult(db, &validation_result);
        ^
/home/wassie/Desktop/zig database/zvdb/src/database/executor.zig:61:29: 0x10c8f4c in execute (test_sql.zig)
        .insert => |insert| try command_executor.executeInsert(db, insert),
                            ^
/home/wassie/Desktop/zig database/zvdb/src/database/core.zig:193:9: 0x10ca2e1 in execute (test_sql.zig)
        return executor.execute(self, query);
        ^
/home/wassie/Desktop/zig database/zvdb/src/test_sql.zig:120:25: 0x1334904 in test.SQL: SELECT specific columns (test_sql.zig)
    var insert_result = try db.execute("INSERT INTO users VALUES (1, \"Alice\", \"alice@example.com\", 25)");
                        ^
error: 'test_sql.test.SQL: Multiple data types' failed: === VALIDATION ERRORS ===
ERROR: INSERT command must specify at least one column
HINT: Try: INSERT INTO table_name (col1, col2) VALUES (val1, val2)
=========================

/home/wassie/Desktop/zig database/zvdb/src/database/executor/command_executor.zig:78:13: 0x108f293 in handleValidationResult (test_sql.zig)
            return sql.SqlError.ValidationFailed;
            ^
/home/wassie/Desktop/zig database/zvdb/src/database/executor/command_executor.zig:196:9: 0x109ba39 in executeInsert (test_sql.zig)
        try handleValidationResult(db, &validation_result);
        ^
/home/wassie/Desktop/zig database/zvdb/src/database/executor.zig:61:29: 0x10c8f4c in execute (test_sql.zig)
        .insert => |insert| try command_executor.executeInsert(db, insert),
                            ^
/home/wassie/Desktop/zig database/zvdb/src/database/core.zig:193:9: 0x10ca2e1 in execute (test_sql.zig)
        return executor.execute(self, query);
        ^
/home/wassie/Desktop/zig database/zvdb/src/test_sql.zig:137:19: 0x1335624 in test.SQL: Multiple data types (test_sql.zig)
    var insert1 = try db.execute("INSERT INTO mixed VALUES (1, \"Item1\", 99.99, true)");
                  ^
error: 'test_sql.test.SQL: ORDER BY VIBES (random)' failed: === VALIDATION ERRORS ===
ERROR: INSERT command must specify at least one column
HINT: Try: INSERT INTO table_name (col1, col2) VALUES (val1, val2)
=========================

/home/wassie/Desktop/zig database/zvdb/src/database/executor/command_executor.zig:78:13: 0x108f293 in handleValidationResult (test_sql.zig)
            return sql.SqlError.ValidationFailed;
            ^
/home/wassie/Desktop/zig database/zvdb/src/database/executor/command_executor.zig:196:9: 0x109ba39 in executeInsert (test_sql.zig)
        try handleValidationResult(db, &validation_result);
        ^
/home/wassie/Desktop/zig database/zvdb/src/database/executor.zig:61:29: 0x10c8f4c in execute (test_sql.zig)
        .insert => |insert| try command_executor.executeInsert(db, insert),
                            ^
/home/wassie/Desktop/zig database/zvdb/src/database/core.zig:193:9: 0x10ca2e1 in execute (test_sql.zig)
        return executor.execute(self, query);
        ^
/home/wassie/Desktop/zig database/zvdb/src/test_sql.zig:154:19: 0x1335ec4 in test.SQL: ORDER BY VIBES (random) (test_sql.zig)
    var insert1 = try db.execute("INSERT INTO fun VALUES (1, \"First\")");
                  ^
error: 'test_sql.test.SQL: Case insensitive keywords' failed: === VALIDATION ERRORS ===
ERROR: INSERT command must specify at least one column
HINT: Try: INSERT INTO table_name (col1, col2) VALUES (val1, val2)
=========================

/home/wassie/Desktop/zig database/zvdb/src/database/executor/command_executor.zig:78:13: 0x108f293 in handleValidationResult (test_sql.zig)
            return sql.SqlError.ValidationFailed;
            ^
/home/wassie/Desktop/zig database/zvdb/src/database/executor/command_executor.zig:196:9: 0x109ba39 in executeInsert (test_sql.zig)
        try handleValidationResult(db, &validation_result);
        ^
/home/wassie/Desktop/zig database/zvdb/src/database/executor.zig:61:29: 0x10c8f4c in execute (test_sql.zig)
        .insert => |insert| try command_executor.executeInsert(db, insert),
                            ^
/home/wassie/Desktop/zig database/zvdb/src/database/core.zig:193:9: 0x10ca2e1 in execute (test_sql.zig)
        return executor.execute(self, query);
        ^
/home/wassie/Desktop/zig database/zvdb/src/test_sql.zig:224:25: 0x1339734 in test.SQL: Case insensitive keywords (test_sql.zig)
    var insert_result = try db.execute("insert into test values (1)");
                        ^
error: 'test_sql.test.SQL: NULL values' failed: === VALIDATION ERRORS ===
ERROR: INSERT command must specify at least one column
HINT: Try: INSERT INTO table_name (col1, col2) VALUES (val1, val2)
=========================

/home/wassie/Desktop/zig database/zvdb/src/database/executor/command_executor.zig:78:13: 0x108f293 in handleValidationResult (test_sql.zig)
            return sql.SqlError.ValidationFailed;
            ^
/home/wassie/Desktop/zig database/zvdb/src/database/executor/command_executor.zig:196:9: 0x109ba39 in executeInsert (test_sql.zig)
        try handleValidationResult(db, &validation_result);
        ^
/home/wassie/Desktop/zig database/zvdb/src/database/executor.zig:61:29: 0x10c8f4c in execute (test_sql.zig)
        .insert => |insert| try command_executor.executeInsert(db, insert),
                            ^
/home/wassie/Desktop/zig database/zvdb/src/database/core.zig:193:9: 0x10ca2e1 in execute (test_sql.zig)
        return executor.execute(self, query);
        ^
/home/wassie/Desktop/zig database/zvdb/src/test_sql.zig:238:25: 0x1339e44 in test.SQL: NULL values (test_sql.zig)
    var insert_result = try db.execute("INSERT INTO nullable VALUES (1, NULL)");
                        ^
error: 'test_sql.test.Persistence: Save and load table with data' failed: === VALIDATION ERRORS ===
ERROR: INSERT command must specify at least one column
HINT: Try: INSERT INTO table_name (col1, col2) VALUES (val1, val2)
=========================

/home/wassie/Desktop/zig database/zvdb/src/database/executor/command_executor.zig:78:13: 0x108f293 in handleValidationResult (test_sql.zig)
            return sql.SqlError.ValidationFailed;
            ^
/home/wassie/Desktop/zig database/zvdb/src/database/executor/command_executor.zig:196:9: 0x109ba39 in executeInsert (test_sql.zig)
        try handleValidationResult(db, &validation_result);
        ^
/home/wassie/Desktop/zig database/zvdb/src/database/executor.zig:61:29: 0x10c8f4c in execute (test_sql.zig)
        .insert => |insert| try command_executor.executeInsert(db, insert),
                            ^
/home/wassie/Desktop/zig database/zvdb/src/database/core.zig:193:9: 0x10ca2e1 in execute (test_sql.zig)
        return executor.execute(self, query);
        ^
/home/wassie/Desktop/zig database/zvdb/src/test_sql.zig:299:23: 0x136b449 in test.Persistence: Save and load table with data (test_sql.zig)
        var insert1 = try db.execute("INSERT INTO products VALUES (1, \"Widget\", 19.99, true)");
                      ^
error: 'test_sql.test.Persistence: Multiple tables' failed: === VALIDATION ERRORS ===
ERROR: INSERT command must specify at least one column
HINT: Try: INSERT INTO table_name (col1, col2) VALUES (val1, val2)
=========================

/home/wassie/Desktop/zig database/zvdb/src/database/executor/command_executor.zig:78:13: 0x108f293 in handleValidationResult (test_sql.zig)
            return sql.SqlError.ValidationFailed;
            ^
/home/wassie/Desktop/zig database/zvdb/src/database/executor/command_executor.zig:196:9: 0x109ba39 in executeInsert (test_sql.zig)
        try handleValidationResult(db, &validation_result);
        ^
/home/wassie/Desktop/zig database/zvdb/src/database/executor.zig:61:29: 0x10c8f4c in execute (test_sql.zig)
        .insert => |insert| try command_executor.executeInsert(db, insert),
                            ^
/home/wassie/Desktop/zig database/zvdb/src/database/core.zig:193:9: 0x10ca2e1 in execute (test_sql.zig)
        return executor.execute(self, query);
        ^
/home/wassie/Desktop/zig database/zvdb/src/test_sql.zig:352:23: 0x136c8df in test.Persistence: Multiple tables (test_sql.zig)
        var insert1 = try db.execute("INSERT INTO users VALUES (1, \"Alice\")");
                      ^
error: 'test_sql.test.Persistence: All data types' failed: === VALIDATION ERRORS ===
ERROR: INSERT command must specify at least one column
HINT: Try: INSERT INTO table_name (col1, col2) VALUES (val1, val2)
=========================

/home/wassie/Desktop/zig database/zvdb/src/database/executor/command_executor.zig:78:13: 0x108f293 in handleValidationResult (test_sql.zig)
            return sql.SqlError.ValidationFailed;
            ^
/home/wassie/Desktop/zig database/zvdb/src/database/executor/command_executor.zig:196:9: 0x109ba39 in executeInsert (test_sql.zig)
        try handleValidationResult(db, &validation_result);
        ^
/home/wassie/Desktop/zig database/zvdb/src/database/executor.zig:61:29: 0x10c8f4c in execute (test_sql.zig)
        .insert => |insert| try command_executor.executeInsert(db, insert),
                            ^
/home/wassie/Desktop/zig database/zvdb/src/database/core.zig:193:9: 0x10ca2e1 in execute (test_sql.zig)
        return executor.execute(self, query);
        ^
/home/wassie/Desktop/zig database/zvdb/src/test_sql.zig:403:23: 0x136e5d9 in test.Persistence: All data types (test_sql.zig)
        var insert1 = try db.execute("INSERT INTO mixed VALUES (42, \"Test Item\", 123.45, true)");
                      ^
error: 'test_sql.test.Persistence: NULL values' failed: === VALIDATION ERRORS ===
ERROR: INSERT command must specify at least one column
HINT: Try: INSERT INTO table_name (col1, col2) VALUES (val1, val2)
=========================

/home/wassie/Desktop/zig database/zvdb/src/database/executor/command_executor.zig:78:13: 0x108f293 in handleValidationResult (test_sql.zig)
            return sql.SqlError.ValidationFailed;
            ^
/home/wassie/Desktop/zig database/zvdb/src/database/executor/command_executor.zig:196:9: 0x109ba39 in executeInsert (test_sql.zig)
        try handleValidationResult(db, &validation_result);
        ^
/home/wassie/Desktop/zig database/zvdb/src/database/executor.zig:61:29: 0x10c8f4c in execute (test_sql.zig)
        .insert => |insert| try command_executor.executeInsert(db, insert),
                            ^
/home/wassie/Desktop/zig database/zvdb/src/database/core.zig:193:9: 0x10ca2e1 in execute (test_sql.zig)
        return executor.execute(self, query);
        ^
/home/wassie/Desktop/zig database/zvdb/src/test_sql.zig:447:23: 0x136f6e9 in test.Persistence: NULL values (test_sql.zig)
        var insert1 = try db.execute("INSERT INTO nullable VALUES (1, NULL)");
                      ^
error: 'test_sql.test.Persistence: Row IDs preserved' failed: === VALIDATION ERRORS ===
ERROR: INSERT command must specify at least one column
HINT: Try: INSERT INTO table_name (col1, col2) VALUES (val1, val2)
=========================

/home/wassie/Desktop/zig database/zvdb/src/database/executor/command_executor.zig:78:13: 0x108f293 in handleValidationResult (test_sql.zig)
            return sql.SqlError.ValidationFailed;
            ^
/home/wassie/Desktop/zig database/zvdb/src/database/executor/command_executor.zig:196:9: 0x109ba39 in executeInsert (test_sql.zig)
        try handleValidationResult(db, &validation_result);
        ^
/home/wassie/Desktop/zig database/zvdb/src/database/executor.zig:61:29: 0x10c8f4c in execute (test_sql.zig)
        .insert => |insert| try command_executor.executeInsert(db, insert),
                            ^
/home/wassie/Desktop/zig database/zvdb/src/database/core.zig:193:9: 0x10ca2e1 in execute (test_sql.zig)
        return executor.execute(self, query);
        ^
/home/wassie/Desktop/zig database/zvdb/src/test_sql.zig:488:23: 0x13706e4 in test.Persistence: Row IDs preserved (test_sql.zig)
        var insert1 = try db.execute("INSERT INTO tracking VALUES (1, \"First\")");
                      ^
error: 'test_sql.test.Persistence: Next ID counter preserved' failed: === VALIDATION ERRORS ===
ERROR: INSERT command must specify at least one column
HINT: Try: INSERT INTO table_name (col1, col2) VALUES (val1, val2)
=========================

/home/wassie/Desktop/zig database/zvdb/src/database/executor/command_executor.zig:78:13: 0x108f293 in handleValidationResult (test_sql.zig)
            return sql.SqlError.ValidationFailed;
            ^
/home/wassie/Desktop/zig database/zvdb/src/database/executor/command_executor.zig:196:9: 0x109ba39 in executeInsert (test_sql.zig)
        try handleValidationResult(db, &validation_result);
        ^
/home/wassie/Desktop/zig database/zvdb/src/database/executor.zig:61:29: 0x10c8f4c in execute (test_sql.zig)
        .insert => |insert| try command_executor.executeInsert(db, insert),
                            ^
/home/wassie/Desktop/zig database/zvdb/src/database/core.zig:193:9: 0x10ca2e1 in execute (test_sql.zig)
        return executor.execute(self, query);
        ^
/home/wassie/Desktop/zig database/zvdb/src/test_sql.zig:546:23: 0x1371b19 in test.Persistence: Next ID counter preserved (test_sql.zig)
        var insert1 = try db.execute("INSERT INTO sequences VALUES (1, 100)");
                      ^
error: 'test_sql.test.Persistence: Auto-save on deinit' failed: === VALIDATION ERRORS ===
ERROR: INSERT command must specify at least one column
HINT: Try: INSERT INTO table_name (col1, col2) VALUES (val1, val2)
=========================

/home/wassie/Desktop/zig database/zvdb/src/database/executor/command_executor.zig:78:13: 0x108f293 in handleValidationResult (test_sql.zig)
            return sql.SqlError.ValidationFailed;
            ^
/home/wassie/Desktop/zig database/zvdb/src/database/executor/command_executor.zig:196:9: 0x109ba39 in executeInsert (test_sql.zig)
        try handleValidationResult(db, &validation_result);
        ^
/home/wassie/Desktop/zig database/zvdb/src/database/executor.zig:61:29: 0x10c8f4c in execute (test_sql.zig)
        .insert => |insert| try command_executor.executeInsert(db, insert),
                            ^
/home/wassie/Desktop/zig database/zvdb/src/database/core.zig:193:9: 0x10ca2e1 in execute (test_sql.zig)
        return executor.execute(self, query);
        ^
/home/wassie/Desktop/zig database/zvdb/src/test_sql.zig:605:29: 0x1373328 in test.Persistence: Auto-save on deinit (test_sql.zig)
        var insert_result = try db.execute("INSERT INTO autosave VALUES (1, \"Auto saved data\")");
                            ^
error: 'test_sql.test.SQL: Basic UPDATE single column' failed: === VALIDATION ERRORS ===
ERROR: INSERT command must specify at least one column
HINT: Try: INSERT INTO table_name (col1, col2) VALUES (val1, val2)
=========================

/home/wassie/Desktop/zig database/zvdb/src/database/executor/command_executor.zig:78:13: 0x108f293 in handleValidationResult (test_sql.zig)
            return sql.SqlError.ValidationFailed;
            ^
/home/wassie/Desktop/zig database/zvdb/src/database/executor/command_executor.zig:196:9: 0x109ba39 in executeInsert (test_sql.zig)
        try handleValidationResult(db, &validation_result);
        ^
/home/wassie/Desktop/zig database/zvdb/src/database/executor.zig:61:29: 0x10c8f4c in execute (test_sql.zig)
        .insert => |insert| try command_executor.executeInsert(db, insert),
                            ^
/home/wassie/Desktop/zig database/zvdb/src/database/core.zig:193:9: 0x10ca2e1 in execute (test_sql.zig)
        return executor.execute(self, query);
        ^
/home/wassie/Desktop/zig database/zvdb/src/test_sql.zig:639:19: 0x1373d84 in test.SQL: Basic UPDATE single column (test_sql.zig)
    var insert1 = try db.execute("INSERT INTO users VALUES (1, \"Alice\", 25)");
                  ^
error: 'test_sql.test.SQL: UPDATE multiple columns' failed: === VALIDATION ERRORS ===
ERROR: INSERT command must specify at least one column
HINT: Try: INSERT INTO table_name (col1, col2) VALUES (val1, val2)
=========================

/home/wassie/Desktop/zig database/zvdb/src/database/executor/command_executor.zig:78:13: 0x108f293 in handleValidationResult (test_sql.zig)
            return sql.SqlError.ValidationFailed;
            ^
/home/wassie/Desktop/zig database/zvdb/src/database/executor/command_executor.zig:196:9: 0x109ba39 in executeInsert (test_sql.zig)
        try handleValidationResult(db, &validation_result);
        ^
/home/wassie/Desktop/zig database/zvdb/src/database/executor.zig:61:29: 0x10c8f4c in execute (test_sql.zig)
        .insert => |insert| try command_executor.executeInsert(db, insert),
                            ^
/home/wassie/Desktop/zig database/zvdb/src/database/core.zig:193:9: 0x10ca2e1 in execute (test_sql.zig)
        return executor.execute(self, query);
        ^
/home/wassie/Desktop/zig database/zvdb/src/test_sql.zig:665:25: 0x13750c4 in test.SQL: UPDATE multiple columns (test_sql.zig)
    var insert_result = try db.execute("INSERT INTO products VALUES (1, \"Widget\", 19.99, 100)");
                        ^
error: 'test_sql.test.SQL: UPDATE with WHERE AND condition' failed: === VALIDATION ERRORS ===
ERROR: INSERT command must specify at least one column
HINT: Try: INSERT INTO table_name (col1, col2) VALUES (val1, val2)
=========================

/home/wassie/Desktop/zig database/zvdb/src/database/executor/command_executor.zig:78:13: 0x108f293 in handleValidationResult (test_sql.zig)
            return sql.SqlError.ValidationFailed;
            ^
/home/wassie/Desktop/zig database/zvdb/src/database/executor/command_executor.zig:196:9: 0x109ba39 in executeInsert (test_sql.zig)
        try handleValidationResult(db, &validation_result);
        ^
/home/wassie/Desktop/zig database/zvdb/src/database/executor.zig:61:29: 0x10c8f4c in execute (test_sql.zig)
        .insert => |insert| try command_executor.executeInsert(db, insert),
                            ^
/home/wassie/Desktop/zig database/zvdb/src/database/core.zig:193:9: 0x10ca2e1 in execute (test_sql.zig)
        return executor.execute(self, query);
        ^
/home/wassie/Desktop/zig database/zvdb/src/test_sql.zig:689:19: 0x13763d4 in test.SQL: UPDATE with WHERE AND condition (test_sql.zig)
    var insert1 = try db.execute("INSERT INTO items VALUES (1, \"electronics\", 99.99)");
                  ^
error: 'test_sql.test.SQL: UPDATE with WHERE OR condition' failed: === VALIDATION ERRORS ===
ERROR: INSERT command must specify at least one column
HINT: Try: INSERT INTO table_name (col1, col2) VALUES (val1, val2)
=========================

/home/wassie/Desktop/zig database/zvdb/src/database/executor/command_executor.zig:78:13: 0x108f293 in handleValidationResult (test_sql.zig)
            return sql.SqlError.ValidationFailed;
            ^
/home/wassie/Desktop/zig database/zvdb/src/database/executor/command_executor.zig:196:9: 0x109ba39 in executeInsert (test_sql.zig)
        try handleValidationResult(db, &validation_result);
        ^
/home/wassie/Desktop/zig database/zvdb/src/database/executor.zig:61:29: 0x10c8f4c in execute (test_sql.zig)
        .insert => |insert| try command_executor.executeInsert(db, insert),
                            ^
/home/wassie/Desktop/zig database/zvdb/src/database/core.zig:193:9: 0x10ca2e1 in execute (test_sql.zig)
        return executor.execute(self, query);
        ^
/home/wassie/Desktop/zig database/zvdb/src/test_sql.zig:716:19: 0x1377624 in test.SQL: UPDATE with WHERE OR condition (test_sql.zig)
    var insert1 = try db.execute("INSERT INTO tasks VALUES (1, \"pending\", 1)");
                  ^
error: 'test_sql.test.SQL: UPDATE with comparison operators' failed: === VALIDATION ERRORS ===
ERROR: INSERT command must specify at least one column
HINT: Try: INSERT INTO table_name (col1, col2) VALUES (val1, val2)
=========================

/home/wassie/Desktop/zig database/zvdb/src/database/executor/command_executor.zig:78:13: 0x108f293 in handleValidationResult (test_sql.zig)
            return sql.SqlError.ValidationFailed;
            ^
/home/wassie/Desktop/zig database/zvdb/src/database/executor/command_executor.zig:196:9: 0x109ba39 in executeInsert (test_sql.zig)
        try handleValidationResult(db, &validation_result);
        ^
/home/wassie/Desktop/zig database/zvdb/src/database/executor.zig:61:29: 0x10c8f4c in execute (test_sql.zig)
        .insert => |insert| try command_executor.executeInsert(db, insert),
                            ^
/home/wassie/Desktop/zig database/zvdb/src/database/core.zig:193:9: 0x10ca2e1 in execute (test_sql.zig)
        return executor.execute(self, query);
        ^
/home/wassie/Desktop/zig database/zvdb/src/test_sql.zig:743:19: 0x1378664 in test.SQL: UPDATE with comparison operators (test_sql.zig)
    var insert1 = try db.execute("INSERT INTO inventory VALUES (1, 5)");
                  ^
error: 'test_sql.test.SQL: UPDATE with IS NULL' failed: === VALIDATION ERRORS ===
ERROR: INSERT command must specify at least one column
HINT: Try: INSERT INTO table_name (col1, col2) VALUES (val1, val2)
=========================

/home/wassie/Desktop/zig database/zvdb/src/database/executor/command_executor.zig:78:13: 0x108f293 in handleValidationResult (test_sql.zig)
            return sql.SqlError.ValidationFailed;
            ^
/home/wassie/Desktop/zig database/zvdb/src/database/executor/command_executor.zig:196:9: 0x109ba39 in executeInsert (test_sql.zig)
        try handleValidationResult(db, &validation_result);
        ^
/home/wassie/Desktop/zig database/zvdb/src/database/executor.zig:61:29: 0x10c8f4c in execute (test_sql.zig)
        .insert => |insert| try command_executor.executeInsert(db, insert),
                            ^
/home/wassie/Desktop/zig database/zvdb/src/database/core.zig:193:9: 0x10ca2e1 in execute (test_sql.zig)
        return executor.execute(self, query);
        ^
/home/wassie/Desktop/zig database/zvdb/src/test_sql.zig:768:19: 0x1379894 in test.SQL: UPDATE with IS NULL (test_sql.zig)
    var insert1 = try db.execute("INSERT INTO contacts VALUES (1, \"alice@example.com\")");
                  ^
error: 'test_sql.test.SQL: UPDATE with IS NOT NULL' failed: === VALIDATION ERRORS ===
ERROR: INSERT command must specify at least one column
HINT: Try: INSERT INTO table_name (col1, col2) VALUES (val1, val2)
=========================

/home/wassie/Desktop/zig database/zvdb/src/database/executor/command_executor.zig:78:13: 0x108f293 in handleValidationResult (test_sql.zig)
            return sql.SqlError.ValidationFailed;
            ^
/home/wassie/Desktop/zig database/zvdb/src/database/executor/command_executor.zig:196:9: 0x109ba39 in executeInsert (test_sql.zig)
        try handleValidationResult(db, &validation_result);
        ^
/home/wassie/Desktop/zig database/zvdb/src/database/executor.zig:61:29: 0x10c8f4c in execute (test_sql.zig)
        .insert => |insert| try command_executor.executeInsert(db, insert),
                            ^
/home/wassie/Desktop/zig database/zvdb/src/database/core.zig:193:9: 0x10ca2e1 in execute (test_sql.zig)
        return executor.execute(self, query);
        ^
/home/wassie/Desktop/zig database/zvdb/src/test_sql.zig:793:19: 0x137a974 in test.SQL: UPDATE with IS NOT NULL (test_sql.zig)
    var insert1 = try db.execute("INSERT INTO profiles VALUES (1, \"Software developer\")");
                  ^
error: 'test_sql.test.SQL: UPDATE with no matching rows' failed: === VALIDATION ERRORS ===
ERROR: INSERT command must specify at least one column
HINT: Try: INSERT INTO table_name (col1, col2) VALUES (val1, val2)
=========================

/home/wassie/Desktop/zig database/zvdb/src/database/executor/command_executor.zig:78:13: 0x108f293 in handleValidationResult (test_sql.zig)
            return sql.SqlError.ValidationFailed;
            ^
/home/wassie/Desktop/zig database/zvdb/src/database/executor/command_executor.zig:196:9: 0x109ba39 in executeInsert (test_sql.zig)
        try handleValidationResult(db, &validation_result);
        ^
/home/wassie/Desktop/zig database/zvdb/src/database/executor.zig:61:29: 0x10c8f4c in execute (test_sql.zig)
        .insert => |insert| try command_executor.executeInsert(db, insert),
                            ^
/home/wassie/Desktop/zig database/zvdb/src/database/core.zig:193:9: 0x10ca2e1 in execute (test_sql.zig)
        return executor.execute(self, query);
        ^
/home/wassie/Desktop/zig database/zvdb/src/test_sql.zig:812:25: 0x137b404 in test.SQL: UPDATE with no matching rows (test_sql.zig)
    var insert_result = try db.execute("INSERT INTO users VALUES (1, \"Alice\")");
                        ^
error: 'test_sql.test.SQL: UPDATE all rows (no WHERE)' failed: === VALIDATION ERRORS ===
ERROR: INSERT command must specify at least one column
HINT: Try: INSERT INTO table_name (col1, col2) VALUES (val1, val2)
=========================

/home/wassie/Desktop/zig database/zvdb/src/database/executor/command_executor.zig:78:13: 0x108f293 in handleValidationResult (test_sql.zig)
            return sql.SqlError.ValidationFailed;
            ^
/home/wassie/Desktop/zig database/zvdb/src/database/executor/command_executor.zig:196:9: 0x109ba39 in executeInsert (test_sql.zig)
        try handleValidationResult(db, &validation_result);
        ^
/home/wassie/Desktop/zig database/zvdb/src/database/executor.zig:61:29: 0x10c8f4c in execute (test_sql.zig)
        .insert => |insert| try command_executor.executeInsert(db, insert),
                            ^
/home/wassie/Desktop/zig database/zvdb/src/database/core.zig:193:9: 0x10ca2e1 in execute (test_sql.zig)
        return executor.execute(self, query);
        ^
/home/wassie/Desktop/zig database/zvdb/src/test_sql.zig:829:19: 0x137bcf4 in test.SQL: UPDATE all rows (no WHERE) (test_sql.zig)
    var insert1 = try db.execute("INSERT INTO settings VALUES (1, true)");
                  ^
error: 'test_sql.test.SQL: UPDATE with NOT operator' failed: === VALIDATION ERRORS ===
ERROR: INSERT command must specify at least one column
HINT: Try: INSERT INTO table_name (col1, col2) VALUES (val1, val2)
=========================

/home/wassie/Desktop/zig database/zvdb/src/database/executor/command_executor.zig:78:13: 0x108f293 in handleValidationResult (test_sql.zig)
            return sql.SqlError.ValidationFailed;
            ^
/home/wassie/Desktop/zig database/zvdb/src/database/executor/command_executor.zig:196:9: 0x109ba39 in executeInsert (test_sql.zig)
        try handleValidationResult(db, &validation_result);
        ^
/home/wassie/Desktop/zig database/zvdb/src/database/executor.zig:61:29: 0x10c8f4c in execute (test_sql.zig)
        .insert => |insert| try command_executor.executeInsert(db, insert),
                            ^
/home/wassie/Desktop/zig database/zvdb/src/database/core.zig:193:9: 0x10ca2e1 in execute (test_sql.zig)
        return executor.execute(self, query);
        ^
/home/wassie/Desktop/zig database/zvdb/src/test_sql.zig:858:19: 0x137cff4 in test.SQL: UPDATE with NOT operator (test_sql.zig)
    var insert1 = try db.execute("INSERT INTO flags VALUES (1, true)");
                  ^
error: 'test_sql.test.SQL: UPDATE with complex nested conditions' failed: === VALIDATION ERRORS ===
ERROR: INSERT command must specify at least one column
HINT: Try: INSERT INTO table_name (col1, col2) VALUES (val1, val2)
=========================

/home/wassie/Desktop/zig database/zvdb/src/database/executor/command_executor.zig:78:13: 0x108f293 in handleValidationResult (test_sql.zig)
            return sql.SqlError.ValidationFailed;
            ^
/home/wassie/Desktop/zig database/zvdb/src/database/executor/command_executor.zig:196:9: 0x109ba39 in executeInsert (test_sql.zig)
        try handleValidationResult(db, &validation_result);
        ^
/home/wassie/Desktop/zig database/zvdb/src/database/executor.zig:61:29: 0x10c8f4c in execute (test_sql.zig)
        .insert => |insert| try command_executor.executeInsert(db, insert),
                            ^
/home/wassie/Desktop/zig database/zvdb/src/database/core.zig:193:9: 0x10ca2e1 in execute (test_sql.zig)
        return executor.execute(self, query);
        ^
/home/wassie/Desktop/zig database/zvdb/src/test_sql.zig:885:19: 0x137e124 in test.SQL: UPDATE with complex nested conditions (test_sql.zig)
    var insert1 = try db.execute("INSERT INTO records VALUES (1, 10, \"active\")");
                  ^
error: 'test_sql.test.SQL: UPDATE persistence' failed: === VALIDATION ERRORS ===
ERROR: INSERT command must specify at least one column
HINT: Try: INSERT INTO table_name (col1, col2) VALUES (val1, val2)
=========================

/home/wassie/Desktop/zig database/zvdb/src/database/executor/command_executor.zig:78:13: 0x108f293 in handleValidationResult (test_sql.zig)
            return sql.SqlError.ValidationFailed;
            ^
/home/wassie/Desktop/zig database/zvdb/src/database/executor/command_executor.zig:196:9: 0x109ba39 in executeInsert (test_sql.zig)
        try handleValidationResult(db, &validation_result);
        ^
/home/wassie/Desktop/zig database/zvdb/src/database/executor.zig:61:29: 0x10c8f4c in execute (test_sql.zig)
        .insert => |insert| try command_executor.executeInsert(db, insert),
                            ^
/home/wassie/Desktop/zig database/zvdb/src/database/core.zig:193:9: 0x10ca2e1 in execute (test_sql.zig)
        return executor.execute(self, query);
        ^
/home/wassie/Desktop/zig database/zvdb/src/test_sql.zig:974:29: 0x13816f1 in test.SQL: UPDATE persistence (test_sql.zig)
        var insert_result = try db.execute("INSERT INTO config VALUES (\"timeout\", 30)");
                            ^
error: 'test_sql.test.SQL: UPDATE error on non-existent column' failed: === VALIDATION ERRORS ===
ERROR: INSERT command must specify at least one column
HINT: Try: INSERT INTO table_name (col1, col2) VALUES (val1, val2)
=========================

/home/wassie/Desktop/zig database/zvdb/src/database/executor/command_executor.zig:78:13: 0x108f293 in handleValidationResult (test_sql.zig)
            return sql.SqlError.ValidationFailed;
            ^
/home/wassie/Desktop/zig database/zvdb/src/database/executor/command_executor.zig:196:9: 0x109ba39 in executeInsert (test_sql.zig)
        try handleValidationResult(db, &validation_result);
        ^
/home/wassie/Desktop/zig database/zvdb/src/database/executor.zig:61:29: 0x10c8f4c in execute (test_sql.zig)
        .insert => |insert| try command_executor.executeInsert(db, insert),
                            ^
/home/wassie/Desktop/zig database/zvdb/src/database/core.zig:193:9: 0x10ca2e1 in execute (test_sql.zig)
        return executor.execute(self, query);
        ^
/home/wassie/Desktop/zig database/zvdb/src/test_sql.zig:1006:25: 0x138335e in test.SQL: UPDATE error on non-existent column (test_sql.zig)
    var insert_result = try db.execute("INSERT INTO users VALUES (1, \"Alice\")");
                        ^
error: 'test_sql.test.SQL: UPDATE with inequality operators' failed: === VALIDATION ERRORS ===
ERROR: INSERT command must specify at least one column
HINT: Try: INSERT INTO table_name (col1, col2) VALUES (val1, val2)
=========================

/home/wassie/Desktop/zig database/zvdb/src/database/executor/command_executor.zig:78:13: 0x108f293 in handleValidationResult (test_sql.zig)
            return sql.SqlError.ValidationFailed;
            ^
/home/wassie/Desktop/zig database/zvdb/src/database/executor/command_executor.zig:196:9: 0x109ba39 in executeInsert (test_sql.zig)
        try handleValidationResult(db, &validation_result);
        ^
/home/wassie/Desktop/zig database/zvdb/src/database/executor.zig:61:29: 0x10c8f4c in execute (test_sql.zig)
        .insert => |insert| try command_executor.executeInsert(db, insert),
                            ^
/home/wassie/Desktop/zig database/zvdb/src/database/core.zig:193:9: 0x10ca2e1 in execute (test_sql.zig)
        return executor.execute(self, query);
        ^
/home/wassie/Desktop/zig database/zvdb/src/test_sql.zig:1022:19: 0x138e3f4 in test.SQL: UPDATE with inequality operators (test_sql.zig)
    var insert1 = try db.execute("INSERT INTO scores VALUES (1, 95, \"TBD\")");
                  ^
error: 'test_sql.test.WAL: Basic integration with INSERT/DELETE/UPDATE' failed: === VALIDATION ERRORS ===
ERROR: INSERT command must specify at least one column
HINT: Try: INSERT INTO table_name (col1, col2) VALUES (val1, val2)
=========================

/home/wassie/Desktop/zig database/zvdb/src/database/executor/command_executor.zig:78:13: 0x108f293 in handleValidationResult (test_sql.zig)
            return sql.SqlError.ValidationFailed;
            ^
/home/wassie/Desktop/zig database/zvdb/src/database/executor/command_executor.zig:196:9: 0x109ba39 in executeInsert (test_sql.zig)
        try handleValidationResult(db, &validation_result);
        ^
/home/wassie/Desktop/zig database/zvdb/src/database/executor.zig:61:29: 0x10c8f4c in execute (test_sql.zig)
        .insert => |insert| try command_executor.executeInsert(db, insert),
                            ^
/home/wassie/Desktop/zig database/zvdb/src/database/core.zig:193:9: 0x10ca2e1 in execute (test_sql.zig)
        return executor.execute(self, query);
        ^
/home/wassie/Desktop/zig database/zvdb/src/test_sql.zig:1064:19: 0x1391256 in test.WAL: Basic integration with INSERT/DELETE/UPDATE (test_sql.zig)
    var insert1 = try db.execute("INSERT INTO users VALUES (1, \"Alice\", 25)");
                  ^
error: 'test_sql.test.WAL: Transaction ID increments' failed: === VALIDATION ERRORS ===
ERROR: INSERT command must specify at least one column
HINT: Try: INSERT INTO table_name (col1, col2) VALUES (val1, val2)
=========================

/home/wassie/Desktop/zig database/zvdb/src/database/executor/command_executor.zig:78:13: 0x108f293 in handleValidationResult (test_sql.zig)
            return sql.SqlError.ValidationFailed;
            ^
/home/wassie/Desktop/zig database/zvdb/src/database/executor/command_executor.zig:196:9: 0x109ba39 in executeInsert (test_sql.zig)
        try handleValidationResult(db, &validation_result);
        ^
/home/wassie/Desktop/zig database/zvdb/src/database/executor.zig:61:29: 0x10c8f4c in execute (test_sql.zig)
        .insert => |insert| try command_executor.executeInsert(db, insert),
                            ^
/home/wassie/Desktop/zig database/zvdb/src/database/core.zig:193:9: 0x10ca2e1 in execute (test_sql.zig)
        return executor.execute(self, query);
        ^
/home/wassie/Desktop/zig database/zvdb/src/test_sql.zig:1111:19: 0x1396537 in test.WAL: Transaction ID increments (test_sql.zig)
    var insert1 = try db.execute("INSERT INTO test VALUES (1, 100)");
                  ^
error: 'test_sql.test.WAL: Database works without WAL (optional)' failed: === VALIDATION ERRORS ===
ERROR: INSERT command must specify at least one column
HINT: Try: INSERT INTO table_name (col1, col2) VALUES (val1, val2)
=========================

/home/wassie/Desktop/zig database/zvdb/src/database/executor/command_executor.zig:78:13: 0x108f293 in handleValidationResult (test_sql.zig)
            return sql.SqlError.ValidationFailed;
            ^
/home/wassie/Desktop/zig database/zvdb/src/database/executor/command_executor.zig:196:9: 0x109ba39 in executeInsert (test_sql.zig)
        try handleValidationResult(db, &validation_result);
        ^
/home/wassie/Desktop/zig database/zvdb/src/database/executor.zig:61:29: 0x10c8f4c in execute (test_sql.zig)
        .insert => |insert| try command_executor.executeInsert(db, insert),
                            ^
/home/wassie/Desktop/zig database/zvdb/src/database/core.zig:193:9: 0x10ca2e1 in execute (test_sql.zig)
        return executor.execute(self, query);
        ^
/home/wassie/Desktop/zig database/zvdb/src/test_sql.zig:1137:25: 0x1397659 in test.WAL: Database works without WAL (optional) (test_sql.zig)
    var insert_result = try db.execute("INSERT INTO users VALUES (1, \"Alice\")");
                        ^
error: 'test_sql.test.WAL: Embeddings are preserved across INSERT/UPDATE with WAL enabled' failed: === VALIDATION ERRORS ===
ERROR: INSERT command must specify at least one column
HINT: Try: INSERT INTO table_name (col1, col2) VALUES (val1, val2)
=========================

/home/wassie/Desktop/zig database/zvdb/src/database/executor/command_executor.zig:78:13: 0x108f293 in handleValidationResult (test_sql.zig)
            return sql.SqlError.ValidationFailed;
            ^
/home/wassie/Desktop/zig database/zvdb/src/database/executor/command_executor.zig:196:9: 0x109ba39 in executeInsert (test_sql.zig)
        try handleValidationResult(db, &validation_result);
        ^
/home/wassie/Desktop/zig database/zvdb/src/database/executor.zig:61:29: 0x10c8f4c in execute (test_sql.zig)
        .insert => |insert| try command_executor.executeInsert(db, insert),
                            ^
/home/wassie/Desktop/zig database/zvdb/src/database/core.zig:193:9: 0x10ca2e1 in execute (test_sql.zig)
        return executor.execute(self, query);
        ^
/home/wassie/Desktop/zig database/zvdb/src/test_sql.zig:1177:25: 0x1398e6c in test.WAL: Embeddings are preserved across INSERT/UPDATE with WAL enabled (test_sql.zig)
    var insert_result = try db.execute("INSERT INTO docs VALUES (1, \"Document 1\", NULL)");
                        ^
error: 'test_sql.test.WAL: Multiple embedding insertions with WAL' failed: === VALIDATION ERRORS ===
ERROR: INSERT command must specify at least one column
HINT: Try: INSERT INTO table_name (col1, col2) VALUES (val1, val2)
=========================

/home/wassie/Desktop/zig database/zvdb/src/database/executor/command_executor.zig:78:13: 0x108f293 in handleValidationResult (test_sql.zig)
            return sql.SqlError.ValidationFailed;
            ^
/home/wassie/Desktop/zig database/zvdb/src/database/executor/command_executor.zig:196:9: 0x109ba39 in executeInsert (test_sql.zig)
        try handleValidationResult(db, &validation_result);
        ^
/home/wassie/Desktop/zig database/zvdb/src/database/executor.zig:61:29: 0x10c8f4c in execute (test_sql.zig)
        .insert => |insert| try command_executor.executeInsert(db, insert),
                            ^
/home/wassie/Desktop/zig database/zvdb/src/database/core.zig:193:9: 0x10ca2e1 in execute (test_sql.zig)
        return executor.execute(self, query);
        ^
/home/wassie/Desktop/zig database/zvdb/src/test_sql.zig:1256:29: 0x139cc11 in test.WAL: Multiple embedding insertions with WAL (test_sql.zig)
        var insert_result = try db.execute(insert_query);
                            ^
error: 'test_sql.test.WAL Recovery: Basic recovery of committed transaction' failed: === VALIDATION ERRORS ===
ERROR: INSERT command must specify at least one column
HINT: Try: INSERT INTO table_name (col1, col2) VALUES (val1, val2)
=========================

/home/wassie/Desktop/zig database/zvdb/src/database/executor/command_executor.zig:78:13: 0x108f293 in handleValidationResult (test_sql.zig)
            return sql.SqlError.ValidationFailed;
            ^
/home/wassie/Desktop/zig database/zvdb/src/database/executor/command_executor.zig:196:9: 0x109ba39 in executeInsert (test_sql.zig)
        try handleValidationResult(db, &validation_result);
        ^
/home/wassie/Desktop/zig database/zvdb/src/database/executor.zig:61:29: 0x10c8f4c in execute (test_sql.zig)
        .insert => |insert| try command_executor.executeInsert(db, insert),
                            ^
/home/wassie/Desktop/zig database/zvdb/src/database/core.zig:193:9: 0x10ca2e1 in execute (test_sql.zig)
        return executor.execute(self, query);
        ^
/home/wassie/Desktop/zig database/zvdb/src/test_sql.zig:1306:23: 0x13aff7f in test.WAL Recovery: Basic recovery of committed transaction (test_sql.zig)
        var insert1 = try db.execute("INSERT INTO users VALUES (1, \"Alice\", 25)");
                      ^
error: 'test_sql.test.WAL Recovery: Uncommitted transaction is discarded' failed: === VALIDATION ERRORS ===
ERROR: INSERT command must specify at least one column
HINT: Try: INSERT INTO table_name (col1, col2) VALUES (val1, val2)
=========================

/home/wassie/Desktop/zig database/zvdb/src/database/executor/command_executor.zig:78:13: 0x108f293 in handleValidationResult (test_sql.zig)
            return sql.SqlError.ValidationFailed;
            ^
/home/wassie/Desktop/zig database/zvdb/src/database/executor/command_executor.zig:196:9: 0x109ba39 in executeInsert (test_sql.zig)
        try handleValidationResult(db, &validation_result);
        ^
/home/wassie/Desktop/zig database/zvdb/src/database/executor.zig:61:29: 0x10c8f4c in execute (test_sql.zig)
        .insert => |insert| try command_executor.executeInsert(db, insert),
                            ^
/home/wassie/Desktop/zig database/zvdb/src/database/core.zig:193:9: 0x10ca2e1 in execute (test_sql.zig)
        return executor.execute(self, query);
        ^
/home/wassie/Desktop/zig database/zvdb/src/test_sql.zig:1361:23: 0x13dbb3f in test.WAL Recovery: Uncommitted transaction is discarded (test_sql.zig)
        var insert1 = try db.execute("INSERT INTO test VALUES (1, \"committed\")");
                      ^
error: 'test_sql.test.WAL Recovery: Multiple committed transactions' failed: === VALIDATION ERRORS ===
ERROR: INSERT command must specify at least one column
HINT: Try: INSERT INTO table_name (col1, col2) VALUES (val1, val2)
=========================

/home/wassie/Desktop/zig database/zvdb/src/database/executor/command_executor.zig:78:13: 0x108f293 in handleValidationResult (test_sql.zig)
            return sql.SqlError.ValidationFailed;
            ^
/home/wassie/Desktop/zig database/zvdb/src/database/executor/command_executor.zig:196:9: 0x109ba39 in executeInsert (test_sql.zig)
        try handleValidationResult(db, &validation_result);
        ^
/home/wassie/Desktop/zig database/zvdb/src/database/executor.zig:61:29: 0x10c8f4c in execute (test_sql.zig)
        .insert => |insert| try command_executor.executeInsert(db, insert),
                            ^
/home/wassie/Desktop/zig database/zvdb/src/database/core.zig:193:9: 0x10ca2e1 in execute (test_sql.zig)
        return executor.execute(self, query);
        ^
/home/wassie/Desktop/zig database/zvdb/src/test_sql.zig:1424:26: 0x13dd2ff in test.WAL Recovery: Multiple committed transactions (test_sql.zig)
            var result = try db.execute(query);
                         ^
error: 'test_sql.test.WAL Recovery: DELETE operations' failed: === VALIDATION ERRORS ===
ERROR: INSERT command must specify at least one column
HINT: Try: INSERT INTO table_name (col1, col2) VALUES (val1, val2)
=========================

/home/wassie/Desktop/zig database/zvdb/src/database/executor/command_executor.zig:78:13: 0x108f293 in handleValidationResult (test_sql.zig)
            return sql.SqlError.ValidationFailed;
            ^
/home/wassie/Desktop/zig database/zvdb/src/database/executor/command_executor.zig:196:9: 0x109ba39 in executeInsert (test_sql.zig)
        try handleValidationResult(db, &validation_result);
        ^
/home/wassie/Desktop/zig database/zvdb/src/database/executor.zig:61:29: 0x10c8f4c in execute (test_sql.zig)
        .insert => |insert| try command_executor.executeInsert(db, insert),
                            ^
/home/wassie/Desktop/zig database/zvdb/src/database/core.zig:193:9: 0x10ca2e1 in execute (test_sql.zig)
        return executor.execute(self, query);
        ^
/home/wassie/Desktop/zig database/zvdb/src/test_sql.zig:1470:23: 0x13df2ff in test.WAL Recovery: DELETE operations (test_sql.zig)
        var insert1 = try db.execute("INSERT INTO records VALUES (1, \"active\")");
                      ^
error: 'test_sql.test.WAL Recovery: UPDATE operations' failed: === VALIDATION ERRORS ===
ERROR: INSERT command must specify at least one column
HINT: Try: INSERT INTO table_name (col1, col2) VALUES (val1, val2)
=========================

/home/wassie/Desktop/zig database/zvdb/src/database/executor/command_executor.zig:78:13: 0x108f293 in handleValidationResult (test_sql.zig)
            return sql.SqlError.ValidationFailed;
            ^
/home/wassie/Desktop/zig database/zvdb/src/database/executor/command_executor.zig:196:9: 0x109ba39 in executeInsert (test_sql.zig)
        try handleValidationResult(db, &validation_result);
        ^
/home/wassie/Desktop/zig database/zvdb/src/database/executor.zig:61:29: 0x10c8f4c in execute (test_sql.zig)
        .insert => |insert| try command_executor.executeInsert(db, insert),
                            ^
/home/wassie/Desktop/zig database/zvdb/src/database/core.zig:193:9: 0x10ca2e1 in execute (test_sql.zig)
        return executor.execute(self, query);
        ^
/home/wassie/Desktop/zig database/zvdb/src/test_sql.zig:1523:22: 0x13e12df in test.WAL Recovery: UPDATE operations (test_sql.zig)
        var insert = try db.execute("INSERT INTO products VALUES (1, \"Widget\", 100)");
                     ^
error: 'test_sql.test.WAL Recovery: Idempotent recovery (running twice)' failed: === VALIDATION ERRORS ===
ERROR: INSERT command must specify at least one column
HINT: Try: INSERT INTO table_name (col1, col2) VALUES (val1, val2)
=========================

/home/wassie/Desktop/zig database/zvdb/src/database/executor/command_executor.zig:78:13: 0x108f293 in handleValidationResult (test_sql.zig)
            return sql.SqlError.ValidationFailed;
            ^
/home/wassie/Desktop/zig database/zvdb/src/database/executor/command_executor.zig:196:9: 0x109ba39 in executeInsert (test_sql.zig)
        try handleValidationResult(db, &validation_result);
        ^
/home/wassie/Desktop/zig database/zvdb/src/database/executor.zig:61:29: 0x10c8f4c in execute (test_sql.zig)
        .insert => |insert| try command_executor.executeInsert(db, insert),
                            ^
/home/wassie/Desktop/zig database/zvdb/src/database/core.zig:193:9: 0x10ca2e1 in execute (test_sql.zig)
        return executor.execute(self, query);
        ^
/home/wassie/Desktop/zig database/zvdb/src/test_sql.zig:1569:23: 0x13e337f in test.WAL Recovery: Idempotent recovery (running twice) (test_sql.zig)
        var insert1 = try db.execute("INSERT INTO data VALUES (1, 100)");
                      ^
error: 'test_sql.test.WAL Recovery: HNSW index rebuild after recovery' failed: === VALIDATION ERRORS ===
ERROR: INSERT command must specify at least one column
HINT: Try: INSERT INTO table_name (col1, col2) VALUES (val1, val2)
=========================

/home/wassie/Desktop/zig database/zvdb/src/database/executor/command_executor.zig:78:13: 0x108f293 in handleValidationResult (test_sql.zig)
            return sql.SqlError.ValidationFailed;
            ^
/home/wassie/Desktop/zig database/zvdb/src/database/executor/command_executor.zig:196:9: 0x109ba39 in executeInsert (test_sql.zig)
        try handleValidationResult(db, &validation_result);
        ^
/home/wassie/Desktop/zig database/zvdb/src/database/executor.zig:61:29: 0x10c8f4c in execute (test_sql.zig)
        .insert => |insert| try command_executor.executeInsert(db, insert),
                            ^
/home/wassie/Desktop/zig database/zvdb/src/database/core.zig:193:9: 0x10ca2e1 in execute (test_sql.zig)
        return executor.execute(self, query);
        ^
/home/wassie/Desktop/zig database/zvdb/src/test_sql.zig:1623:26: 0x13e5f9e in test.WAL Recovery: HNSW index rebuild after recovery (test_sql.zig)
            var result = try db.execute(query);
                         ^
error: 'test_sql.test.WAL Crash: Mid-transaction crash (no commit)' failed: === VALIDATION ERRORS ===
ERROR: INSERT command must specify at least one column
HINT: Try: INSERT INTO table_name (col1, col2) VALUES (val1, val2)
=========================

/home/wassie/Desktop/zig database/zvdb/src/database/executor/command_executor.zig:78:13: 0x108f293 in handleValidationResult (test_sql.zig)
            return sql.SqlError.ValidationFailed;
            ^
/home/wassie/Desktop/zig database/zvdb/src/database/executor/command_executor.zig:196:9: 0x109ba39 in executeInsert (test_sql.zig)
        try handleValidationResult(db, &validation_result);
        ^
/home/wassie/Desktop/zig database/zvdb/src/database/executor.zig:61:29: 0x10c8f4c in execute (test_sql.zig)
        .insert => |insert| try command_executor.executeInsert(db, insert),
                            ^
/home/wassie/Desktop/zig database/zvdb/src/database/core.zig:193:9: 0x10ca2e1 in execute (test_sql.zig)
        return executor.execute(self, query);
        ^
/home/wassie/Desktop/zig database/zvdb/src/test_sql.zig:1740:23: 0x13eb89f in test.WAL Crash: Mid-transaction crash (no commit) (test_sql.zig)
        var insert1 = try db.execute("INSERT INTO orders VALUES (1, 100)");
                      ^
error: 'test_sql.test.WAL Crash: Power failure during fsync' failed: === VALIDATION ERRORS ===
ERROR: INSERT command must specify at least one column
HINT: Try: INSERT INTO table_name (col1, col2) VALUES (val1, val2)
=========================

/home/wassie/Desktop/zig database/zvdb/src/database/executor/command_executor.zig:78:13: 0x108f293 in handleValidationResult (test_sql.zig)
            return sql.SqlError.ValidationFailed;
            ^
/home/wassie/Desktop/zig database/zvdb/src/database/executor/command_executor.zig:196:9: 0x109ba39 in executeInsert (test_sql.zig)
        try handleValidationResult(db, &validation_result);
        ^
/home/wassie/Desktop/zig database/zvdb/src/database/executor.zig:61:29: 0x10c8f4c in execute (test_sql.zig)
        .insert => |insert| try command_executor.executeInsert(db, insert),
                            ^
/home/wassie/Desktop/zig database/zvdb/src/database/core.zig:193:9: 0x10ca2e1 in execute (test_sql.zig)
        return executor.execute(self, query);
        ^
/home/wassie/Desktop/zig database/zvdb/src/test_sql.zig:1815:23: 0x13ed44f in test.WAL Crash: Power failure during fsync (test_sql.zig)
        var insert1 = try db.execute("INSERT INTO logs VALUES (1, \"complete\")");
                      ^
error: 'test_sql.test.WAL Crash: Multiple crashes and recoveries' failed: === VALIDATION ERRORS ===
ERROR: INSERT command must specify at least one column
HINT: Try: INSERT INTO table_name (col1, col2) VALUES (val1, val2)
=========================

/home/wassie/Desktop/zig database/zvdb/src/database/executor/command_executor.zig:78:13: 0x108f293 in handleValidationResult (test_sql.zig)
            return sql.SqlError.ValidationFailed;
            ^
/home/wassie/Desktop/zig database/zvdb/src/database/executor/command_executor.zig:196:9: 0x109ba39 in executeInsert (test_sql.zig)
        try handleValidationResult(db, &validation_result);
        ^
/home/wassie/Desktop/zig database/zvdb/src/database/executor.zig:61:29: 0x10c8f4c in execute (test_sql.zig)
        .insert => |insert| try command_executor.executeInsert(db, insert),
                            ^
/home/wassie/Desktop/zig database/zvdb/src/database/core.zig:193:9: 0x10ca2e1 in execute (test_sql.zig)
        return executor.execute(self, query);
        ^
/home/wassie/Desktop/zig database/zvdb/src/test_sql.zig:1857:23: 0x13ee5a6 in test.WAL Crash: Multiple crashes and recoveries (test_sql.zig)
        var insert1 = try db.execute("INSERT INTO events VALUES (1, \"start\")");
                      ^
error: 'test_sql.test.WAL Crash: Large transaction recovery' failed: === VALIDATION ERRORS ===
ERROR: INSERT command must specify at least one column
HINT: Try: INSERT INTO table_name (col1, col2) VALUES (val1, val2)
=========================

/home/wassie/Desktop/zig database/zvdb/src/database/executor/command_executor.zig:78:13: 0x108f293 in handleValidationResult (test_sql.zig)
            return sql.SqlError.ValidationFailed;
            ^
/home/wassie/Desktop/zig database/zvdb/src/database/executor/command_executor.zig:196:9: 0x109ba39 in executeInsert (test_sql.zig)
        try handleValidationResult(db, &validation_result);
        ^
/home/wassie/Desktop/zig database/zvdb/src/database/executor.zig:61:29: 0x10c8f4c in execute (test_sql.zig)
        .insert => |insert| try command_executor.executeInsert(db, insert),
                            ^
/home/wassie/Desktop/zig database/zvdb/src/database/core.zig:193:9: 0x10ca2e1 in execute (test_sql.zig)
        return executor.execute(self, query);
        ^
/home/wassie/Desktop/zig database/zvdb/src/test_sql.zig:1939:26: 0x13f124b in test.WAL Crash: Large transaction recovery (test_sql.zig)
            var result = try db.execute(query);
                         ^
error: 'test_sql.test.WAL Crash: Interleaved INSERT/UPDATE/DELETE' failed: === VALIDATION ERRORS ===
ERROR: INSERT command must specify at least one column
HINT: Try: INSERT INTO table_name (col1, col2) VALUES (val1, val2)
=========================

/home/wassie/Desktop/zig database/zvdb/src/database/executor/command_executor.zig:78:13: 0x108f293 in handleValidationResult (test_sql.zig)
            return sql.SqlError.ValidationFailed;
            ^
/home/wassie/Desktop/zig database/zvdb/src/database/executor/command_executor.zig:196:9: 0x109ba39 in executeInsert (test_sql.zig)
        try handleValidationResult(db, &validation_result);
        ^
/home/wassie/Desktop/zig database/zvdb/src/database/executor.zig:61:29: 0x10c8f4c in execute (test_sql.zig)
        .insert => |insert| try command_executor.executeInsert(db, insert),
                            ^
/home/wassie/Desktop/zig database/zvdb/src/database/core.zig:193:9: 0x10ca2e1 in execute (test_sql.zig)
        return executor.execute(self, query);
        ^
/home/wassie/Desktop/zig database/zvdb/src/test_sql.zig:1982:23: 0x13f3076 in test.WAL Crash: Interleaved INSERT/UPDATE/DELETE (test_sql.zig)
        var insert1 = try db.execute("INSERT INTO inventory VALUES (1, 100, \"active\")");
                      ^
error: 'test_sql.test.WAL Crash: Recovery with WAL file rotation' failed: === VALIDATION ERRORS ===
ERROR: INSERT command must specify at least one column
HINT: Try: INSERT INTO table_name (col1, col2) VALUES (val1, val2)
=========================

/home/wassie/Desktop/zig database/zvdb/src/database/executor/command_executor.zig:78:13: 0x108f293 in handleValidationResult (test_sql.zig)
            return sql.SqlError.ValidationFailed;
            ^
/home/wassie/Desktop/zig database/zvdb/src/database/executor/command_executor.zig:196:9: 0x109ba39 in executeInsert (test_sql.zig)
        try handleValidationResult(db, &validation_result);
        ^
/home/wassie/Desktop/zig database/zvdb/src/database/executor.zig:61:29: 0x10c8f4c in execute (test_sql.zig)
        .insert => |insert| try command_executor.executeInsert(db, insert),
                            ^
/home/wassie/Desktop/zig database/zvdb/src/database/core.zig:193:9: 0x10ca2e1 in execute (test_sql.zig)
        return executor.execute(self, query);
        ^
/home/wassie/Desktop/zig database/zvdb/src/test_sql.zig:2067:26: 0x13f6ac2 in test.WAL Crash: Recovery with WAL file rotation (test_sql.zig)
            var result = try db.execute(query);
                         ^
error: 'test_sql.test.WAL Crash: Recovery performance with large dataset' failed: === VALIDATION ERRORS ===
ERROR: INSERT command must specify at least one column
HINT: Try: INSERT INTO table_name (col1, col2) VALUES (val1, val2)
=========================

/home/wassie/Desktop/zig database/zvdb/src/database/executor/command_executor.zig:78:13: 0x108f293 in handleValidationResult (test_sql.zig)
            return sql.SqlError.ValidationFailed;
            ^
/home/wassie/Desktop/zig database/zvdb/src/database/executor/command_executor.zig:196:9: 0x109ba39 in executeInsert (test_sql.zig)
        try handleValidationResult(db, &validation_result);
        ^
/home/wassie/Desktop/zig database/zvdb/src/database/executor.zig:61:29: 0x10c8f4c in execute (test_sql.zig)
        .insert => |insert| try command_executor.executeInsert(db, insert),
                            ^
/home/wassie/Desktop/zig database/zvdb/src/database/core.zig:193:9: 0x10ca2e1 in execute (test_sql.zig)
        return executor.execute(self, query);
        ^
/home/wassie/Desktop/zig database/zvdb/src/test_sql.zig:2110:26: 0x13f85e1 in test.WAL Crash: Recovery performance with large dataset (test_sql.zig)
            var result = try db.execute(query);
                         ^
error: 'test_sql.test.Index: Automatic updates on INSERT' failed: === VALIDATION ERRORS ===
ERROR: INSERT command must specify at least one column
HINT: Try: INSERT INTO table_name (col1, col2) VALUES (val1, val2)
=========================

/home/wassie/Desktop/zig database/zvdb/src/database/executor/command_executor.zig:78:13: 0x108f293 in handleValidationResult (test_sql.zig)
            return sql.SqlError.ValidationFailed;
            ^
/home/wassie/Desktop/zig database/zvdb/src/database/executor/command_executor.zig:196:9: 0x109ba39 in executeInsert (test_sql.zig)
        try handleValidationResult(db, &validation_result);
        ^
/home/wassie/Desktop/zig database/zvdb/src/database/executor.zig:61:29: 0x10c8f4c in execute (test_sql.zig)
        .insert => |insert| try command_executor.executeInsert(db, insert),
                            ^
/home/wassie/Desktop/zig database/zvdb/src/database/core.zig:193:9: 0x10ca2e1 in execute (test_sql.zig)
        return executor.execute(self, query);
        ^
/home/wassie/Desktop/zig database/zvdb/src/test_sql.zig:2182:19: 0x13fc80d in test.Index: Automatic updates on INSERT (test_sql.zig)
    var insert1 = try db.execute("INSERT INTO products VALUES (1, \"Widget\", 100)");
                  ^
error: 'test_sql.test.Index: Automatic updates on DELETE' failed: === VALIDATION ERRORS ===
ERROR: INSERT command must specify at least one column
HINT: Try: INSERT INTO table_name (col1, col2) VALUES (val1, val2)
=========================

/home/wassie/Desktop/zig database/zvdb/src/database/executor/command_executor.zig:78:13: 0x108f293 in handleValidationResult (test_sql.zig)
            return sql.SqlError.ValidationFailed;
            ^
/home/wassie/Desktop/zig database/zvdb/src/database/executor/command_executor.zig:196:9: 0x109ba39 in executeInsert (test_sql.zig)
        try handleValidationResult(db, &validation_result);
        ^
/home/wassie/Desktop/zig database/zvdb/src/database/executor.zig:61:29: 0x10c8f4c in execute (test_sql.zig)
        .insert => |insert| try command_executor.executeInsert(db, insert),
                            ^
/home/wassie/Desktop/zig database/zvdb/src/database/core.zig:193:9: 0x10ca2e1 in execute (test_sql.zig)
        return executor.execute(self, query);
        ^
/home/wassie/Desktop/zig database/zvdb/src/test_sql.zig:2204:19: 0x13fda44 in test.Index: Automatic updates on DELETE (test_sql.zig)
    var insert1 = try db.execute("INSERT INTO items VALUES (1, \"A001\")");
                  ^
error: 'test_sql.test.Index: Automatic updates on UPDATE' failed: === VALIDATION ERRORS ===
ERROR: INSERT command must specify at least one column
HINT: Try: INSERT INTO table_name (col1, col2) VALUES (val1, val2)
=========================

/home/wassie/Desktop/zig database/zvdb/src/database/executor/command_executor.zig:78:13: 0x108f293 in handleValidationResult (test_sql.zig)
            return sql.SqlError.ValidationFailed;
            ^
/home/wassie/Desktop/zig database/zvdb/src/database/executor/command_executor.zig:196:9: 0x109ba39 in executeInsert (test_sql.zig)
        try handleValidationResult(db, &validation_result);
        ^
/home/wassie/Desktop/zig database/zvdb/src/database/executor.zig:61:29: 0x10c8f4c in execute (test_sql.zig)
        .insert => |insert| try command_executor.executeInsert(db, insert),
                            ^
/home/wassie/Desktop/zig database/zvdb/src/database/core.zig:193:9: 0x10ca2e1 in execute (test_sql.zig)
        return executor.execute(self, query);
        ^
/home/wassie/Desktop/zig database/zvdb/src/test_sql.zig:2233:19: 0x13fe5a4 in test.Index: Automatic updates on UPDATE (test_sql.zig)
    var insert1 = try db.execute("INSERT INTO inventory VALUES (1, 50)");
                  ^
error: 'test_sql.test.Index: Query optimizer uses index for WHERE clause' failed: === VALIDATION ERRORS ===
ERROR: INSERT command must specify at least one column
HINT: Try: INSERT INTO table_name (col1, col2) VALUES (val1, val2)
=========================

/home/wassie/Desktop/zig database/zvdb/src/database/executor/command_executor.zig:78:13: 0x108f293 in handleValidationResult (test_sql.zig)
            return sql.SqlError.ValidationFailed;
            ^
/home/wassie/Desktop/zig database/zvdb/src/database/executor/command_executor.zig:196:9: 0x109ba39 in executeInsert (test_sql.zig)
        try handleValidationResult(db, &validation_result);
        ^
/home/wassie/Desktop/zig database/zvdb/src/database/executor.zig:61:29: 0x10c8f4c in execute (test_sql.zig)
        .insert => |insert| try command_executor.executeInsert(db, insert),
                            ^
/home/wassie/Desktop/zig database/zvdb/src/database/core.zig:193:9: 0x10ca2e1 in execute (test_sql.zig)
        return executor.execute(self, query);
        ^
/home/wassie/Desktop/zig database/zvdb/src/test_sql.zig:2277:22: 0x13ff8c6 in test.Index: Query optimizer uses index for WHERE clause (test_sql.zig)
        var result = try db.execute(query);
                     ^
error: 'test_sql.test.Index: Performance comparison - WITH vs WITHOUT index' failed: === VALIDATION ERRORS ===
ERROR: INSERT command must specify at least one column
HINT: Try: INSERT INTO table_name (col1, col2) VALUES (val1, val2)
=========================

/home/wassie/Desktop/zig database/zvdb/src/database/executor/command_executor.zig:78:13: 0x108f293 in handleValidationResult (test_sql.zig)
            return sql.SqlError.ValidationFailed;
            ^
/home/wassie/Desktop/zig database/zvdb/src/database/executor/command_executor.zig:196:9: 0x109ba39 in executeInsert (test_sql.zig)
        try handleValidationResult(db, &validation_result);
        ^
/home/wassie/Desktop/zig database/zvdb/src/database/executor.zig:61:29: 0x10c8f4c in execute (test_sql.zig)
        .insert => |insert| try command_executor.executeInsert(db, insert),
                            ^
/home/wassie/Desktop/zig database/zvdb/src/database/core.zig:193:9: 0x10ca2e1 in execute (test_sql.zig)
        return executor.execute(self, query);
        ^
/home/wassie/Desktop/zig database/zvdb/src/test_sql.zig:2306:22: 0x1400b2e in test.Index: Performance comparison - WITH vs WITHOUT index (test_sql.zig)
        var result = try db.execute(query);
                     ^
error: 'test_sql.test.Index: Text column index' failed: === VALIDATION ERRORS ===
ERROR: INSERT command must specify at least one column
HINT: Try: INSERT INTO table_name (col1, col2) VALUES (val1, val2)
=========================

/home/wassie/Desktop/zig database/zvdb/src/database/executor/command_executor.zig:78:13: 0x108f293 in handleValidationResult (test_sql.zig)
            return sql.SqlError.ValidationFailed;
            ^
/home/wassie/Desktop/zig database/zvdb/src/database/executor/command_executor.zig:196:9: 0x109ba39 in executeInsert (test_sql.zig)
        try handleValidationResult(db, &validation_result);
        ^
/home/wassie/Desktop/zig database/zvdb/src/database/executor.zig:61:29: 0x10c8f4c in execute (test_sql.zig)
        .insert => |insert| try command_executor.executeInsert(db, insert),
                            ^
/home/wassie/Desktop/zig database/zvdb/src/database/core.zig:193:9: 0x10ca2e1 in execute (test_sql.zig)
        return executor.execute(self, query);
        ^
/home/wassie/Desktop/zig database/zvdb/src/test_sql.zig:2347:19: 0x1403114 in test.Index: Text column index (test_sql.zig)
    var insert1 = try db.execute("INSERT INTO emails VALUES (1, \"alice@example.com\")");
                  ^
error: 'test_sql.test.Index: Multiple indexes on same table' failed: === VALIDATION ERRORS ===
ERROR: INSERT command must specify at least one column
HINT: Try: INSERT INTO table_name (col1, col2) VALUES (val1, val2)
=========================

/home/wassie/Desktop/zig database/zvdb/src/database/executor/command_executor.zig:78:13: 0x108f293 in handleValidationResult (test_sql.zig)
            return sql.SqlError.ValidationFailed;
            ^
/home/wassie/Desktop/zig database/zvdb/src/database/executor/command_executor.zig:196:9: 0x109ba39 in executeInsert (test_sql.zig)
        try handleValidationResult(db, &validation_result);
        ^
/home/wassie/Desktop/zig database/zvdb/src/database/executor.zig:61:29: 0x10c8f4c in execute (test_sql.zig)
        .insert => |insert| try command_executor.executeInsert(db, insert),
                            ^
/home/wassie/Desktop/zig database/zvdb/src/database/core.zig:193:9: 0x10ca2e1 in execute (test_sql.zig)
        return executor.execute(self, query);
        ^
/home/wassie/Desktop/zig database/zvdb/src/test_sql.zig:2371:19: 0x1403fb4 in test.Index: Multiple indexes on same table (test_sql.zig)
    var insert1 = try db.execute("INSERT INTO users VALUES (1, \"Alice\", 25, \"alice@example.com\")");
                  ^
error: 'test_sql.test.Index: Index on empty table' failed: === VALIDATION ERRORS ===
ERROR: INSERT command must specify at least one column
HINT: Try: INSERT INTO table_name (col1, col2) VALUES (val1, val2)
=========================

/home/wassie/Desktop/zig database/zvdb/src/database/executor/command_executor.zig:78:13: 0x108f293 in handleValidationResult (test_sql.zig)
            return sql.SqlError.ValidationFailed;
            ^
/home/wassie/Desktop/zig database/zvdb/src/database/executor/command_executor.zig:196:9: 0x109ba39 in executeInsert (test_sql.zig)
        try handleValidationResult(db, &validation_result);
        ^
/home/wassie/Desktop/zig database/zvdb/src/database/executor.zig:61:29: 0x10c8f4c in execute (test_sql.zig)
        .insert => |insert| try command_executor.executeInsert(db, insert),
                            ^
/home/wassie/Desktop/zig database/zvdb/src/database/core.zig:193:9: 0x10ca2e1 in execute (test_sql.zig)
        return executor.execute(self, query);
        ^
/home/wassie/Desktop/zig database/zvdb/src/test_sql.zig:2409:19: 0x14051b5 in test.Index: Index on empty table (test_sql.zig)
    var insert1 = try db.execute("INSERT INTO empty_table VALUES (1, 42)");
                  ^
error: 'test_sql.test.Index: Correctness - all results match table scan' failed: === VALIDATION ERRORS ===
ERROR: INSERT command must specify at least one column
HINT: Try: INSERT INTO table_name (col1, col2) VALUES (val1, val2)
=========================

/home/wassie/Desktop/zig database/zvdb/src/database/executor/command_executor.zig:78:13: 0x108f293 in handleValidationResult (test_sql.zig)
            return sql.SqlError.ValidationFailed;
            ^
/home/wassie/Desktop/zig database/zvdb/src/database/executor/command_executor.zig:196:9: 0x109ba39 in executeInsert (test_sql.zig)
        try handleValidationResult(db, &validation_result);
        ^
/home/wassie/Desktop/zig database/zvdb/src/database/executor.zig:61:29: 0x10c8f4c in execute (test_sql.zig)
        .insert => |insert| try command_executor.executeInsert(db, insert),
                            ^
/home/wassie/Desktop/zig database/zvdb/src/database/core.zig:193:9: 0x10ca2e1 in execute (test_sql.zig)
        return executor.execute(self, query);
        ^
/home/wassie/Desktop/zig database/zvdb/src/test_sql.zig:2427:22: 0x14058cc in test.Index: Correctness - all results match table scan (test_sql.zig)
        var result = try db.execute(query);
                     ^
error: 'test_sql.test.WAL Recovery: Corrupted WAL file with checksum error' failed: === VALIDATION ERRORS ===
ERROR: INSERT command must specify at least one column
HINT: Try: INSERT INTO table_name (col1, col2) VALUES (val1, val2)
=========================

/home/wassie/Desktop/zig database/zvdb/src/database/executor/command_executor.zig:78:13: 0x108f293 in handleValidationResult (test_sql.zig)
            return sql.SqlError.ValidationFailed;
            ^
/home/wassie/Desktop/zig database/zvdb/src/database/executor/command_executor.zig:196:9: 0x109ba39 in executeInsert (test_sql.zig)
        try handleValidationResult(db, &validation_result);
        ^
/home/wassie/Desktop/zig database/zvdb/src/database/executor.zig:61:29: 0x10c8f4c in execute (test_sql.zig)
        .insert => |insert| try command_executor.executeInsert(db, insert),
                            ^
/home/wassie/Desktop/zig database/zvdb/src/database/core.zig:193:9: 0x10ca2e1 in execute (test_sql.zig)
        return executor.execute(self, query);
        ^
/home/wassie/Desktop/zig database/zvdb/src/test_sql.zig:2467:23: 0x1406fef in test.WAL Recovery: Corrupted WAL file with checksum error (test_sql.zig)
        var insert1 = try db.execute("INSERT INTO messages VALUES (1, \"first\")");
                      ^
error: 'test_sql.test.WAL Recovery: Truncated WAL file' failed: === VALIDATION ERRORS ===
ERROR: INSERT command must specify at least one column
HINT: Try: INSERT INTO table_name (col1, col2) VALUES (val1, val2)
=========================

/home/wassie/Desktop/zig database/zvdb/src/database/executor/command_executor.zig:78:13: 0x108f293 in handleValidationResult (test_sql.zig)
            return sql.SqlError.ValidationFailed;
            ^
/home/wassie/Desktop/zig database/zvdb/src/database/executor/command_executor.zig:196:9: 0x109ba39 in executeInsert (test_sql.zig)
        try handleValidationResult(db, &validation_result);
        ^
/home/wassie/Desktop/zig database/zvdb/src/database/executor.zig:61:29: 0x10c8f4c in execute (test_sql.zig)
        .insert => |insert| try command_executor.executeInsert(db, insert),
                            ^
/home/wassie/Desktop/zig database/zvdb/src/database/core.zig:193:9: 0x10ca2e1 in execute (test_sql.zig)
        return executor.execute(self, query);
        ^
/home/wassie/Desktop/zig database/zvdb/src/test_sql.zig:2529:23: 0x1409228 in test.WAL Recovery: Truncated WAL file (test_sql.zig)
        var insert1 = try db.execute("INSERT INTO data VALUES (1, 100)");
                      ^
error: 'test_sql.test.WAL Recovery: Partial corruption in WAL file' failed: === VALIDATION ERRORS ===
ERROR: INSERT command must specify at least one column
HINT: Try: INSERT INTO table_name (col1, col2) VALUES (val1, val2)
=========================

/home/wassie/Desktop/zig database/zvdb/src/database/executor/command_executor.zig:78:13: 0x108f293 in handleValidationResult (test_sql.zig)
            return sql.SqlError.ValidationFailed;
            ^
/home/wassie/Desktop/zig database/zvdb/src/database/executor/command_executor.zig:196:9: 0x109ba39 in executeInsert (test_sql.zig)
        try handleValidationResult(db, &validation_result);
        ^
/home/wassie/Desktop/zig database/zvdb/src/database/executor.zig:61:29: 0x10c8f4c in execute (test_sql.zig)
        .insert => |insert| try command_executor.executeInsert(db, insert),
                            ^
/home/wassie/Desktop/zig database/zvdb/src/database/core.zig:193:9: 0x10ca2e1 in execute (test_sql.zig)
        return executor.execute(self, query);
        ^
/home/wassie/Desktop/zig database/zvdb/src/test_sql.zig:2593:23: 0x140ba4f in test.WAL Recovery: Partial corruption in WAL file (test_sql.zig)
        var insert1 = try db.execute("INSERT INTO items VALUES (1, \"first\")");
                      ^
error: 'database.validator.test.levenshteinDistance: multiple differences' failed: expected 2, found 1
/usr/lib/zig/std/testing.zig:110:17: 0x13a0a19 in expectEqualInner__anon_46300 (std.zig)
                return error.TestExpectedEqual;
                ^
/home/wassie/Desktop/zig database/zvdb/src/database/validator.zig:1321:5: 0x14bf6fc in test.levenshteinDistance: multiple differences (test_sql.zig)
    try testing.expectEqual(@as(usize, 2), levenshteinDistance("user_name", "username")); // underscore removed
    ^
error: 'database.validator.test.levenshteinDistance: typos' failed: expected 1, found 2
/usr/lib/zig/std/testing.zig:110:17: 0x13a0a19 in expectEqualInner__anon_46300 (std.zig)
                return error.TestExpectedEqual;
                ^
/home/wassie/Desktop/zig database/zvdb/src/database/validator.zig:1325:5: 0x14bf7cc in test.levenshteinDistance: typos (test_sql.zig)
    try testing.expectEqual(@as(usize, 1), levenshteinDistance("name", "nmae")); // transposition (counted as 2 in basic LD)
    ^
error: while executing test 'database.column_matching.test.findColumnIndex: not found', the following test command failed:
./.zig-cache/o/f94f0d89e28e6a382fe884957c39b8dd/test --cache-dir=./.zig-cache --seed=0x3dbf8d2d --listen=-

Build Summary: 26/39 steps succeeded; 12 failed; 1489/1710 tests passed; 221 failed
test transitive failure
+- run test 109/172 passed, 63 failed
+- run test 103/118 passed, 15 failed
+- run test 101/128 passed, 27 failed
+- run test 100/112 passed, 12 failed
+- run test 101/121 passed, 20 failed
+- run test 100/113 passed, 13 failed
+- run test 100/109 passed, 9 failed
+- run test 100/109 passed, 9 failed
+- run test 106/117 passed, 11 failed
+- run test 106/145 passed, 39 failed
+- run test 104/107 passed, 3 failed
+- run test failure

error: the following build command failed with exit code 1:
.zig-cache/o/16fc36d89d61e4933a2a049618807495/build /usr/bin/zig /usr/lib/zig /home/wassie/Desktop/zig database/zvdb .zig-cache /home/wassie/.cache/zig --seed 0x3dbf8d2d -Z75e67d7412cb8a61 test
